Import OK
Device: cuda
Files already downloaded and verified
Files already downloaded and verified
Dataset OK: 2 tasks
LoRA injected into 12 transformer blocks (rank=4, alpha=8.0, scaling=2.00)
Trainable: 185,906 / 85,984,562  (0.216%)
Learner OK
Trainable parameters: 185,906 / 85,984,562  (0.216%)

============================================================
  Training Task 0  (25000 samples)
============================================================
python : 
At line:1 char:1
+ python test_quick.py 
2>&1 | Out-File 
-FilePath 
c:\TreeLoRa\test_outpu 
...
+ ~~~~~~~~~~~~~~~~~~~~~
~~~~
    + CategoryInfo     
         : NotSpecifi  
  ed: (:String) [],    
 RemoteException
    + FullyQualifiedEr 
   rorId : NativeComm  
  andError
 
Task 0 Epoch 1/1:   
0%|          | 0/1563 
[00:00<?, ?it/s]
Task 0 Epoch 1/1:   
0%|          | 0/1563 
[00:00<?, ?it/s, 
acc=0.0%, loss=4.0209]
Task 0 Epoch 1/1:   
0%|          | 1/1563 
[00:00<23:40,  
1.10it/s, acc=0.0%, 
loss=4.0209]
Task 0 Epoch 1/1:   
0%|          | 1/1563 
[00:01<23:40,  
1.10it/s, acc=0.0%, 
loss=4.8838]
Task 0 Epoch 1/1:   
0%|          | 2/1563 
[00:01<17:14,  
1.51it/s, acc=0.0%, 
loss=4.8838]
Task 0 Epoch 1/1:   
0%|          | 2/1563 
[00:01<17:14,  
1.51it/s, acc=2.1%, 
loss=6.2719]
Task 0 Epoch 1/1:   
0%|          | 3/1563 
[00:01<14:51,  
1.75it/s, acc=2.1%, 
loss=6.2719]
Task 0 Epoch 1/1:   
0%|          | 3/1563 
[00:02<14:51,  
1.75it/s, acc=1.6%, 
loss=4.7562]
Task 0 Epoch 1/1:   
0%|          | 4/1563 
[00:02<13:42,  
1.90it/s, acc=1.6%, 
loss=4.7562]
Task 0 Epoch 1/1:   
0%|          | 4/1563 
[00:02<13:42,  
1.90it/s, acc=1.2%, 
loss=4.4527]
Task 0 Epoch 1/1:   
0%|          | 5/1563 
[00:02<13:02,  
1.99it/s, acc=1.2%, 
loss=4.4527]
Task 0 Epoch 1/1:   
0%|          | 5/1563 
[00:03<13:02,  
1.99it/s, acc=1.0%, 
loss=4.8933]
Task 0 Epoch 1/1:   
0%|          | 6/1563 
[00:03<12:39,  
2.05it/s, acc=1.0%, 
loss=4.8933]
Task 0 Epoch 1/1:   
0%|          | 6/1563 
[00:03<12:39,  
2.05it/s, acc=0.9%, 
loss=5.2463]
Task 0 Epoch 1/1:   
0%|          | 7/1563 
[00:03<12:25,  
2.09it/s, acc=0.9%, 
loss=5.2463]
Task 0 Epoch 1/1:   
0%|          | 7/1563 
[00:04<12:25,  
2.09it/s, acc=2.3%, 
loss=4.6220]
Task 0 Epoch 1/1:   
1%|          | 8/1563 
[00:04<12:16,  
2.11it/s, acc=2.3%, 
loss=4.6220]
Task 0 Epoch 1/1:   
1%|          | 8/1563 
[00:04<12:16,  
2.11it/s, acc=2.8%, 
loss=4.7947]
Task 0 Epoch 1/1:   
1%|          | 9/1563 
[00:04<12:10,  
2.13it/s, acc=2.8%, 
loss=4.7947]
Task 0 Epoch 1/1:   
1%|          | 9/1563 
[00:05<12:10,  
2.13it/s, acc=2.5%, 
loss=4.9180]
Task 0 Epoch 1/1:   
1%|          | 10/1563 
[00:05<12:05,  
2.14it/s, acc=2.5%, 
loss=4.9180]
Task 0 Epoch 1/1:   
1%|          | 10/1563 
[00:05<12:05,  
2.14it/s, acc=2.8%, 
loss=5.0003]
Task 0 Epoch 1/1:   
1%|          | 11/1563 
[00:05<12:01,  
2.15it/s, acc=2.8%, 
loss=5.0003]
Task 0 Epoch 1/1:   
1%|          | 11/1563 
[00:06<12:01,  
2.15it/s, acc=2.6%, 
loss=5.1771]
Task 0 Epoch 1/1:   
1%|          | 12/1563 
[00:06<11:59,  
2.16it/s, acc=2.6%, 
loss=5.1771]
Task 0 Epoch 1/1:   
1%|          | 12/1563 
[00:06<11:59,  
2.16it/s, acc=3.4%, 
loss=4.8003]
Task 0 Epoch 1/1:   
1%|          | 13/1563 
[00:06<11:57,  
2.16it/s, acc=3.4%, 
loss=4.8003]
Task 0 Epoch 1/1:   
1%|          | 13/1563 
[00:06<11:57,  
2.16it/s, acc=3.1%, 
loss=6.0554]
Task 0 Epoch 1/1:   
1%|          | 14/1563 
[00:06<11:56,  
2.16it/s, acc=3.1%, 
loss=6.0554]
Task 0 Epoch 1/1:   
1%|          | 14/1563 
[00:07<11:56,  
2.16it/s, acc=2.9%, 
loss=4.9383]
Task 0 Epoch 1/1:   
1%|          | 15/1563 
[00:07<11:55,  
2.16it/s, acc=2.9%, 
loss=4.9383]
Task 0 Epoch 1/1:   
1%|          | 15/1563 
[00:07<11:55,  
2.16it/s, acc=3.1%, 
loss=5.1072]
Task 0 Epoch 1/1:   
1%|1         | 16/1563 
[00:07<11:54,  
2.16it/s, acc=3.1%, 
loss=5.1072]
Task 0 Epoch 1/1:   
1%|1         | 16/1563 
[00:08<11:54,  
2.16it/s, acc=2.9%, 
loss=5.4067]
Task 0 Epoch 1/1:   
1%|1         | 17/1563 
[00:08<11:58,  
2.15it/s, acc=2.9%, 
loss=5.4067]
Task 0 Epoch 1/1:   
1%|1         | 17/1563 
[00:08<11:58,  
2.15it/s, acc=2.8%, 
loss=6.4228]
Task 0 Epoch 1/1:   
1%|1         | 18/1563 
[00:08<11:57,  
2.15it/s, acc=2.8%, 
loss=6.4228]
Task 0 Epoch 1/1:   
1%|1         | 18/1563 
[00:09<11:57,  
2.15it/s, acc=3.0%, 
loss=5.1987]
Task 0 Epoch 1/1:   
1%|1         | 19/1563 
[00:09<11:56,  
2.16it/s, acc=3.0%, 
loss=5.1987]
Task 0 Epoch 1/1:   
1%|1         | 19/1563 
[00:09<11:56,  
2.16it/s, acc=2.8%, 
loss=5.4572]
Task 0 Epoch 1/1:   
1%|1         | 20/1563 
[00:09<11:56,  
2.15it/s, acc=2.8%, 
loss=5.4572]
Task 0 Epoch 1/1:   
1%|1         | 20/1563 
[00:10<11:56,  
2.15it/s, acc=3.3%, 
loss=5.1166]
Task 0 Epoch 1/1:   
1%|1         | 21/1563 
[00:10<11:57,  
2.15it/s, acc=3.3%, 
loss=5.1166]
Task 0 Epoch 1/1:   
1%|1         | 21/1563 
[00:10<11:57,  
2.15it/s, acc=3.1%, 
loss=4.8695]
Task 0 Epoch 1/1:   
1%|1         | 22/1563 
[00:10<11:54,  
2.16it/s, acc=3.1%, 
loss=4.8695]
Task 0 Epoch 1/1:   
1%|1         | 22/1563 
[00:11<11:54,  
2.16it/s, acc=3.0%, 
loss=5.9096]
Task 0 Epoch 1/1:   
1%|1         | 23/1563 
[00:11<11:51,  
2.16it/s, acc=3.0%, 
loss=5.9096]
Task 0 Epoch 1/1:   
1%|1         | 23/1563 
[00:11<11:51,  
2.16it/s, acc=2.9%, 
loss=5.5397]
Task 0 Epoch 1/1:   
2%|1         | 24/1563 
[00:11<11:51,  
2.16it/s, acc=2.9%, 
loss=5.5397]
Task 0 Epoch 1/1:   
2%|1         | 24/1563 
[00:12<11:51,  
2.16it/s, acc=2.8%, 
loss=5.8721]
Task 0 Epoch 1/1:   
2%|1         | 25/1563 
[00:12<11:52,  
2.16it/s, acc=2.8%, 
loss=5.8721]
Task 0 Epoch 1/1:   
2%|1         | 25/1563 
[00:12<11:52,  
2.16it/s, acc=3.1%, 
loss=5.0766]
Task 0 Epoch 1/1:   
2%|1         | 26/1563 
[00:12<11:51,  
2.16it/s, acc=3.1%, 
loss=5.0766]
Task 0 Epoch 1/1:   
2%|1         | 26/1563 
[00:12<11:51,  
2.16it/s, acc=3.2%, 
loss=5.2487]
Task 0 Epoch 1/1:   
2%|1         | 27/1563 
[00:12<11:51,  
2.16it/s, acc=3.2%, 
loss=5.2487]
Task 0 Epoch 1/1:   
2%|1         | 27/1563 
[00:13<11:51,  
2.16it/s, acc=3.3%, 
loss=4.4983]
Task 0 Epoch 1/1:   
2%|1         | 28/1563 
[00:13<11:49,  
2.16it/s, acc=3.3%, 
loss=4.4983]
Task 0 Epoch 1/1:   
2%|1         | 28/1563 
[00:13<11:49,  
2.16it/s, acc=3.4%, 
loss=5.1867]
Task 0 Epoch 1/1:   
2%|1         | 29/1563 
[00:13<11:47,  
2.17it/s, acc=3.4%, 
loss=5.1867]
Task 0 Epoch 1/1:   
2%|1         | 29/1563 
[00:14<11:47,  
2.17it/s, acc=3.5%, 
loss=5.0636]
Task 0 Epoch 1/1:   
2%|1         | 30/1563 
[00:14<11:46,  
2.17it/s, acc=3.5%, 
loss=5.0636]
Task 0 Epoch 1/1:   
2%|1         | 30/1563 
[00:14<11:46,  
2.17it/s, acc=3.6%, 
loss=4.7160]
Task 0 Epoch 1/1:   
2%|1         | 31/1563 
[00:14<11:49,  
2.16it/s, acc=3.6%, 
loss=4.7160]
Task 0 Epoch 1/1:   
2%|1         | 31/1563 
[00:15<11:49,  
2.16it/s, acc=3.5%, 
loss=4.7981]
Task 0 Epoch 1/1:   
2%|2         | 32/1563 
[00:15<11:47,  
2.16it/s, acc=3.5%, 
loss=4.7981]
Task 0 Epoch 1/1:   
2%|2         | 32/1563 
[00:15<11:47,  
2.16it/s, acc=3.4%, 
loss=5.1765]
Task 0 Epoch 1/1:   
2%|2         | 33/1563 
[00:15<11:46,  
2.16it/s, acc=3.4%, 
loss=5.1765]
Task 0 Epoch 1/1:   
2%|2         | 33/1563 
[00:16<11:46,  
2.16it/s, acc=3.5%, 
loss=5.7413]
Task 0 Epoch 1/1:   
2%|2         | 34/1563 
[00:16<11:46,  
2.16it/s, acc=3.5%, 
loss=5.7413]
Task 0 Epoch 1/1:   
2%|2         | 34/1563 
[00:16<11:46,  
2.16it/s, acc=3.4%, 
loss=5.9129]
Task 0 Epoch 1/1:   
2%|2         | 35/1563 
[00:16<11:46,  
2.16it/s, acc=3.4%, 
loss=5.9129]
Task 0 Epoch 1/1:   
2%|2         | 35/1563 
[00:17<11:46,  
2.16it/s, acc=3.3%, 
loss=5.0368]
Task 0 Epoch 1/1:   
2%|2         | 36/1563 
[00:17<11:47,  
2.16it/s, acc=3.3%, 
loss=5.0368]
Task 0 Epoch 1/1:   
2%|2         | 36/1563 
[00:17<11:47,  
2.16it/s, acc=3.2%, 
loss=4.9529]
Task 0 Epoch 1/1:   
2%|2         | 37/1563 
[00:17<11:46,  
2.16it/s, acc=3.2%, 
loss=4.9529]
Task 0 Epoch 1/1:   
2%|2         | 37/1563 
[00:18<11:46,  
2.16it/s, acc=3.1%, 
loss=5.2685]
Task 0 Epoch 1/1:   
2%|2         | 38/1563 
[00:18<11:46,  
2.16it/s, acc=3.1%, 
loss=5.2685]
Task 0 Epoch 1/1:   
2%|2         | 38/1563 
[00:18<11:46,  
2.16it/s, acc=3.2%, 
loss=4.8338]
Task 0 Epoch 1/1:   
2%|2         | 39/1563 
[00:18<11:45,  
2.16it/s, acc=3.2%, 
loss=4.8338]
Task 0 Epoch 1/1:   
2%|2         | 39/1563 
[00:18<11:45,  
2.16it/s, acc=3.1%, 
loss=5.6018]
Task 0 Epoch 1/1:   
3%|2         | 40/1563 
[00:18<11:45,  
2.16it/s, acc=3.1%, 
loss=5.6018]
Task 0 Epoch 1/1:   
3%|2         | 40/1563 
[00:19<11:45,  
2.16it/s, acc=3.2%, 
loss=5.0013]
Task 0 Epoch 1/1:   
3%|2         | 41/1563 
[00:19<11:44,  
2.16it/s, acc=3.2%, 
loss=5.0013]
Task 0 Epoch 1/1:   
3%|2         | 41/1563 
[00:19<11:44,  
2.16it/s, acc=3.1%, 
loss=6.4190]
Task 0 Epoch 1/1:   
3%|2         | 42/1563 
[00:19<11:43,  
2.16it/s, acc=3.1%, 
loss=6.4190]
Task 0 Epoch 1/1:   
3%|2         | 42/1563 
[00:20<11:43,  
2.16it/s, acc=3.3%, 
loss=5.6954]
Task 0 Epoch 1/1:   
3%|2         | 43/1563 
[00:20<11:44,  
2.16it/s, acc=3.3%, 
loss=5.6954]
Task 0 Epoch 1/1:   
3%|2         | 43/1563 
[00:20<11:44,  
2.16it/s, acc=3.3%, 
loss=6.6417]
Task 0 Epoch 1/1:   
3%|2         | 44/1563 
[00:20<11:44,  
2.16it/s, acc=3.3%, 
loss=6.6417]
Task 0 Epoch 1/1:   
3%|2         | 44/1563 
[00:21<11:44,  
2.16it/s, acc=3.3%, 
loss=5.1292]
Task 0 Epoch 1/1:   
3%|2         | 45/1563 
[00:21<11:43,  
2.16it/s, acc=3.3%, 
loss=5.1292]
Task 0 Epoch 1/1:   
3%|2         | 45/1563 
[00:21<11:43,  
2.16it/s, acc=3.4%, 
loss=4.8797]
Task 0 Epoch 1/1:   
3%|2         | 46/1563 
[00:21<11:43,  
2.16it/s, acc=3.4%, 
loss=4.8797]
Task 0 Epoch 1/1:   
3%|2         | 46/1563 
[00:22<11:43,  
2.16it/s, acc=3.3%, 
loss=4.5969]
Task 0 Epoch 1/1:   
3%|3         | 47/1563 
[00:22<11:42,  
2.16it/s, acc=3.3%, 
loss=4.5969]
Task 0 Epoch 1/1:   
3%|3         | 47/1563 
[00:22<11:42,  
2.16it/s, acc=3.4%, 
loss=4.6417]
Task 0 Epoch 1/1:   
3%|3         | 48/1563 
[00:22<11:42,  
2.16it/s, acc=3.4%, 
loss=4.6417]
Task 0 Epoch 1/1:   
3%|3         | 48/1563 
[00:23<11:42,  
2.16it/s, acc=3.3%, 
loss=4.9976]
Task 0 Epoch 1/1:   
3%|3         | 49/1563 
[00:23<11:43,  
2.15it/s, acc=3.3%, 
loss=4.9976]
Task 0 Epoch 1/1:   
3%|3         | 49/1563 
[00:23<11:43,  
2.15it/s, acc=3.2%, 
loss=4.9007]
Task 0 Epoch 1/1:   
3%|3         | 50/1563 
[00:23<11:42,  
2.15it/s, acc=3.2%, 
loss=4.9007]
Task 0 Epoch 1/1:   
3%|3         | 50/1563 
[00:24<11:42,  
2.15it/s, acc=3.2%, 
loss=4.9838]
Task 0 Epoch 1/1:   
3%|3         | 51/1563 
[00:24<11:40,  
2.16it/s, acc=3.2%, 
loss=4.9838]
Task 0 Epoch 1/1:   
3%|3         | 51/1563 
[00:24<11:40,  
2.16it/s, acc=3.1%, 
loss=5.2043]
Task 0 Epoch 1/1:   
3%|3         | 52/1563 
[00:24<11:41,  
2.15it/s, acc=3.1%, 
loss=5.2043]
Task 0 Epoch 1/1:   
3%|3         | 52/1563 
[00:24<11:41,  
2.15it/s, acc=3.2%, 
loss=4.2962]
Task 0 Epoch 1/1:   
3%|3         | 53/1563 
[00:24<11:41,  
2.15it/s, acc=3.2%, 
loss=4.2962]
Task 0 Epoch 1/1:   
3%|3         | 53/1563 
[00:25<11:41,  
2.15it/s, acc=3.1%, 
loss=5.0922]
Task 0 Epoch 1/1:   
3%|3         | 54/1563 
[00:25<11:40,  
2.15it/s, acc=3.1%, 
loss=5.0922]
Task 0 Epoch 1/1:   
3%|3         | 54/1563 
[00:25<11:40,  
2.15it/s, acc=3.2%, 
loss=4.8083]
Task 0 Epoch 1/1:   
4%|3         | 55/1563 
[00:25<11:39,  
2.15it/s, acc=3.2%, 
loss=4.8083]
Task 0 Epoch 1/1:   
4%|3         | 55/1563 
[00:26<11:39,  
2.15it/s, acc=3.2%, 
loss=4.0084]
Task 0 Epoch 1/1:   
4%|3         | 56/1563 
[00:26<11:37,  
2.16it/s, acc=3.2%, 
loss=4.0084]
Task 0 Epoch 1/1:   
4%|3         | 56/1563 
[00:26<11:37,  
2.16it/s, acc=3.2%, 
loss=5.4038]
Task 0 Epoch 1/1:   
4%|3         | 57/1563 
[00:26<11:39,  
2.15it/s, acc=3.2%, 
loss=5.4038]
Task 0 Epoch 1/1:   
4%|3         | 57/1563 
[00:27<11:39,  
2.15it/s, acc=3.2%, 
loss=5.7039]
Task 0 Epoch 1/1:   
4%|3         | 58/1563 
[00:27<11:38,  
2.16it/s, acc=3.2%, 
loss=5.7039]
Task 0 Epoch 1/1:   
4%|3         | 58/1563 
[00:27<11:38,  
2.16it/s, acc=3.2%, 
loss=5.1131]
Task 0 Epoch 1/1:   
4%|3         | 59/1563 
[00:27<11:37,  
2.16it/s, acc=3.2%, 
loss=5.1131]
Task 0 Epoch 1/1:   
4%|3         | 59/1563 
[00:28<11:37,  
2.16it/s, acc=3.1%, 
loss=5.5631]
Task 0 Epoch 1/1:   
4%|3         | 60/1563 
[00:28<11:38,  
2.15it/s, acc=3.1%, 
loss=5.5631]
Task 0 Epoch 1/1:   
4%|3         | 60/1563 
[00:28<11:38,  
2.15it/s, acc=3.1%, 
loss=5.2905]
Task 0 Epoch 1/1:   
4%|3         | 61/1563 
[00:28<11:38,  
2.15it/s, acc=3.1%, 
loss=5.2905]
Task 0 Epoch 1/1:   
4%|3         | 61/1563 
[00:29<11:38,  
2.15it/s, acc=3.1%, 
loss=5.0133]
Task 0 Epoch 1/1:   
4%|3         | 62/1563 
[00:29<11:39,  
2.15it/s, acc=3.1%, 
loss=5.0133]
Task 0 Epoch 1/1:   
4%|3         | 62/1563 
[00:29<11:39,  
2.15it/s, acc=3.1%, 
loss=4.6677]
Task 0 Epoch 1/1:   
4%|4         | 63/1563 
[00:29<11:37,  
2.15it/s, acc=3.1%, 
loss=4.6677]
Task 0 Epoch 1/1:   
4%|4         | 63/1563 
[00:30<11:37,  
2.15it/s, acc=3.1%, 
loss=4.3148]
Task 0 Epoch 1/1:   
4%|4         | 64/1563 
[00:30<11:37,  
2.15it/s, acc=3.1%, 
loss=4.3148]
Task 0 Epoch 1/1:   
4%|4         | 64/1563 
[00:30<11:37,  
2.15it/s, acc=3.1%, 
loss=4.8144]
Task 0 Epoch 1/1:   
4%|4         | 65/1563 
[00:30<11:37,  
2.15it/s, acc=3.1%, 
loss=4.8144]
Task 0 Epoch 1/1:   
4%|4         | 65/1563 
[00:31<11:37,  
2.15it/s, acc=3.0%, 
loss=5.1732]
Task 0 Epoch 1/1:   
4%|4         | 66/1563 
[00:31<11:38,  
2.14it/s, acc=3.0%, 
loss=5.1732]
Task 0 Epoch 1/1:   
4%|4         | 66/1563 
[00:31<11:38,  
2.14it/s, acc=3.0%, 
loss=5.1580]
Task 0 Epoch 1/1:   
4%|4         | 67/1563 
[00:31<11:36,  
2.15it/s, acc=3.0%, 
loss=5.1580]
Task 0 Epoch 1/1:   
4%|4         | 67/1563 
[00:31<11:36,  
2.15it/s, acc=3.0%, 
loss=5.3758]
Task 0 Epoch 1/1:   
4%|4         | 68/1563 
[00:31<11:36,  
2.15it/s, acc=3.0%, 
loss=5.3758]
Task 0 Epoch 1/1:   
4%|4         | 68/1563 
[00:32<11:36,  
2.15it/s, acc=3.0%, 
loss=6.1615]
Task 0 Epoch 1/1:   
4%|4         | 69/1563 
[00:32<11:35,  
2.15it/s, acc=3.0%, 
loss=6.1615]
Task 0 Epoch 1/1:   
4%|4         | 69/1563 
[00:32<11:35,  
2.15it/s, acc=3.2%, 
loss=4.0971]
Task 0 Epoch 1/1:   
4%|4         | 70/1563 
[00:32<11:37,  
2.14it/s, acc=3.2%, 
loss=4.0971]
Task 0 Epoch 1/1:   
4%|4         | 70/1563 
[00:33<11:37,  
2.14it/s, acc=3.3%, 
loss=4.9472]
Task 0 Epoch 1/1:   
5%|4         | 71/1563 
[00:33<11:36,  
2.14it/s, acc=3.3%, 
loss=4.9472]
Task 0 Epoch 1/1:   
5%|4         | 71/1563 
[00:33<11:36,  
2.14it/s, acc=3.3%, 
loss=5.3494]
Task 0 Epoch 1/1:   
5%|4         | 72/1563 
[00:33<11:48,  
2.11it/s, acc=3.3%, 
loss=5.3494]
Task 0 Epoch 1/1:   
5%|4         | 72/1563 
[00:34<11:48,  
2.11it/s, acc=3.3%, 
loss=4.4611]
Task 0 Epoch 1/1:   
5%|4         | 73/1563 
[00:34<11:57,  
2.08it/s, acc=3.3%, 
loss=4.4611]
Task 0 Epoch 1/1:   
5%|4         | 73/1563 
[00:34<11:57,  
2.08it/s, acc=3.2%, 
loss=4.8454]
Task 0 Epoch 1/1:   
5%|4         | 74/1563 
[00:34<12:02,  
2.06it/s, acc=3.2%, 
loss=4.8454]
Task 0 Epoch 1/1:   
5%|4         | 74/1563 
[00:35<12:02,  
2.06it/s, acc=3.2%, 
loss=4.6713]
Task 0 Epoch 1/1:   
5%|4         | 75/1563 
[00:35<12:10,  
2.04it/s, acc=3.2%, 
loss=4.6713]
Task 0 Epoch 1/1:   
5%|4         | 75/1563 
[00:36<12:10,  
2.04it/s, acc=3.3%, 
loss=4.5959]
Task 0 Epoch 1/1:   
5%|4         | 76/1563 
[00:36<13:27,  
1.84it/s, acc=3.3%, 
loss=4.5959]
Task 0 Epoch 1/1:   
5%|4         | 76/1563 
[00:36<13:27,  
1.84it/s, acc=3.2%, 
loss=4.9037]
Task 0 Epoch 1/1:   
5%|4         | 77/1563 
[00:36<13:33,  
1.83it/s, acc=3.2%, 
loss=4.9037]
Task 0 Epoch 1/1:   
5%|4         | 77/1563 
[00:37<13:33,  
1.83it/s, acc=3.3%, 
loss=4.5256]
Task 0 Epoch 1/1:   
5%|4         | 78/1563 
[00:37<13:37,  
1.82it/s, acc=3.3%, 
loss=4.5256]
Task 0 Epoch 1/1:   
5%|4         | 78/1563 
[00:37<13:37,  
1.82it/s, acc=3.4%, 
loss=4.0292]
Task 0 Epoch 1/1:   
5%|5         | 79/1563 
[00:37<14:15,  
1.73it/s, acc=3.4%, 
loss=4.0292]
Task 0 Epoch 1/1:   
5%|5         | 79/1563 
[00:38<14:15,  
1.73it/s, acc=3.4%, 
loss=4.5447]
Task 0 Epoch 1/1:   
5%|5         | 80/1563 
[00:38<15:10,  
1.63it/s, acc=3.4%, 
loss=4.5447]
Task 0 Epoch 1/1:   
5%|5         | 80/1563 
[00:39<15:10,  
1.63it/s, acc=3.5%, 
loss=4.2898]
Task 0 Epoch 1/1:   
5%|5         | 81/1563 
[00:39<15:01,  
1.64it/s, acc=3.5%, 
loss=4.2898]
Task 0 Epoch 1/1:   
5%|5         | 81/1563 
[00:39<15:01,  
1.64it/s, acc=3.6%, 
loss=5.3763]
Task 0 Epoch 1/1:   
5%|5         | 82/1563 
[00:39<14:27,  
1.71it/s, acc=3.6%, 
loss=5.3763]
Task 0 Epoch 1/1:   
5%|5         | 82/1563 
[00:40<14:27,  
1.71it/s, acc=3.5%, 
loss=5.1943]
Task 0 Epoch 1/1:   
5%|5         | 83/1563 
[00:40<14:02,  
1.76it/s, acc=3.5%, 
loss=5.1943]
Task 0 Epoch 1/1:   
5%|5         | 83/1563 
[00:40<14:02,  
1.76it/s, acc=3.6%, 
loss=4.5738]
Task 0 Epoch 1/1:   
5%|5         | 84/1563 
[00:40<13:43,  
1.80it/s, acc=3.6%, 
loss=4.5738]
Task 0 Epoch 1/1:   
5%|5         | 84/1563 
[00:41<13:43,  
1.80it/s, acc=3.5%, 
loss=4.8976]
Task 0 Epoch 1/1:   
5%|5         | 85/1563 
[00:41<13:35,  
1.81it/s, acc=3.5%, 
loss=4.8976]
Task 0 Epoch 1/1:   
5%|5         | 85/1563 
[00:41<13:35,  
1.81it/s, acc=3.6%, 
loss=4.2890]
Task 0 Epoch 1/1:   
6%|5         | 86/1563 
[00:41<14:24,  
1.71it/s, acc=3.6%, 
loss=4.2890]
Task 0 Epoch 1/1:   
6%|5         | 86/1563 
[00:42<14:24,  
1.71it/s, acc=3.5%, 
loss=5.8365]
Task 0 Epoch 1/1:   
6%|5         | 87/1563 
[00:42<14:08,  
1.74it/s, acc=3.5%, 
loss=5.8365]
Task 0 Epoch 1/1:   
6%|5         | 87/1563 
[00:43<14:08,  
1.74it/s, acc=3.6%, 
loss=5.6519]
Task 0 Epoch 1/1:   
6%|5         | 88/1563 
[00:43<14:11,  
1.73it/s, acc=3.6%, 
loss=5.6519]
Task 0 Epoch 1/1:   
6%|5         | 88/1563 
[00:43<14:11,  
1.73it/s, acc=3.5%, 
loss=4.6935]
Task 0 Epoch 1/1:   
6%|5         | 89/1563 
[00:43<14:13,  
1.73it/s, acc=3.5%, 
loss=4.6935]
Task 0 Epoch 1/1:   
6%|5         | 89/1563 
[00:44<14:13,  
1.73it/s, acc=3.5%, 
loss=5.1190]
Task 0 Epoch 1/1:   
6%|5         | 90/1563 
[00:44<14:11,  
1.73it/s, acc=3.5%, 
loss=5.1190]
Task 0 Epoch 1/1:   
6%|5         | 90/1563 
[00:44<14:11,  
1.73it/s, acc=3.4%, 
loss=5.5855]
Task 0 Epoch 1/1:   
6%|5         | 91/1563 
[00:44<14:20,  
1.71it/s, acc=3.4%, 
loss=5.5855]
Task 0 Epoch 1/1:   
6%|5         | 91/1563 
[00:45<14:20,  
1.71it/s, acc=3.4%, 
loss=5.1801]
Task 0 Epoch 1/1:   
6%|5         | 92/1563 
[00:45<14:49,  
1.65it/s, acc=3.4%, 
loss=5.1801]
Task 0 Epoch 1/1:   
6%|5         | 92/1563 
[00:46<14:49,  
1.65it/s, acc=3.4%, 
loss=5.2283]
Task 0 Epoch 1/1:   
6%|5         | 93/1563 
[00:46<14:46,  
1.66it/s, acc=3.4%, 
loss=5.2283]
Task 0 Epoch 1/1:   
6%|5         | 93/1563 
[00:46<14:46,  
1.66it/s, acc=3.5%, 
loss=4.6592]
Task 0 Epoch 1/1:   
6%|6         | 94/1563 
[00:46<14:30,  
1.69it/s, acc=3.5%, 
loss=4.6592]
Task 0 Epoch 1/1:   
6%|6         | 94/1563 
[00:47<14:30,  
1.69it/s, acc=3.4%, 
loss=4.8424]
Task 0 Epoch 1/1:   
6%|6         | 95/1563 
[00:47<14:38,  
1.67it/s, acc=3.4%, 
loss=4.8424]
Task 0 Epoch 1/1:   
6%|6         | 95/1563 
[00:47<14:38,  
1.67it/s, acc=3.4%, 
loss=5.2494]
Task 0 Epoch 1/1:   
6%|6         | 96/1563 
[00:47<14:31,  
1.68it/s, acc=3.4%, 
loss=5.2494]
Task 0 Epoch 1/1:   
6%|6         | 96/1563 
[00:48<14:31,  
1.68it/s, acc=3.4%, 
loss=5.4150]
Task 0 Epoch 1/1:   
6%|6         | 97/1563 
[00:48<14:19,  
1.71it/s, acc=3.4%, 
loss=5.4150]
Task 0 Epoch 1/1:   
6%|6         | 97/1563 
[00:48<14:19,  
1.71it/s, acc=3.4%, 
loss=5.0140]
Task 0 Epoch 1/1:   
6%|6         | 98/1563 
[00:48<13:53,  
1.76it/s, acc=3.4%, 
loss=5.0140]
Task 0 Epoch 1/1:   
6%|6         | 98/1563 
[00:49<13:53,  
1.76it/s, acc=3.5%, 
loss=4.2310]
Task 0 Epoch 1/1:   
6%|6         | 99/1563 
[00:49<13:34,  
1.80it/s, acc=3.5%, 
loss=4.2310]
Task 0 Epoch 1/1:   
6%|6         | 99/1563 
[00:50<13:34,  
1.80it/s, acc=3.4%, 
loss=5.4101]
Task 0 Epoch 1/1:   
6%|6         | 
100/1563 [00:50<14:26, 
 1.69it/s, acc=3.4%, 
loss=5.4101]
Task 0 Epoch 1/1:   
6%|6         | 
100/1563 [00:50<14:26, 
 1.69it/s, acc=3.4%, 
loss=4.0324]
Task 0 Epoch 1/1:   
6%|6         | 
101/1563 [00:50<14:14, 
 1.71it/s, acc=3.4%, 
loss=4.0324]
Task 0 Epoch 1/1:   
6%|6         | 
101/1563 [00:51<14:14, 
 1.71it/s, acc=3.6%, 
loss=4.3473]
Task 0 Epoch 1/1:   
7%|6         | 
102/1563 [00:51<16:04, 
 1.52it/s, acc=3.6%, 
loss=4.3473]
Task 0 Epoch 1/1:   
7%|6         | 
102/1563 [00:52<16:04, 
 1.52it/s, acc=3.6%, 
loss=5.6472]
Task 0 Epoch 1/1:   
7%|6         | 
103/1563 [00:52<15:12, 
 1.60it/s, acc=3.6%, 
loss=5.6472]
Task 0 Epoch 1/1:   
7%|6         | 
103/1563 [00:52<15:12, 
 1.60it/s, acc=3.5%, 
loss=4.7986]
Task 0 Epoch 1/1:   
7%|6         | 
104/1563 [00:52<15:07, 
 1.61it/s, acc=3.5%, 
loss=4.7986]
Task 0 Epoch 1/1:   
7%|6         | 
104/1563 [00:53<15:07, 
 1.61it/s, acc=3.6%, 
loss=4.6166]
Task 0 Epoch 1/1:   
7%|6         | 
105/1563 [00:53<14:39, 
 1.66it/s, acc=3.6%, 
loss=4.6166]
Task 0 Epoch 1/1:   
7%|6         | 
105/1563 [00:53<14:39, 
 1.66it/s, acc=3.5%, 
loss=4.7009]
Task 0 Epoch 1/1:   
7%|6         | 
106/1563 [00:53<14:39, 
 1.66it/s, acc=3.5%, 
loss=4.7009]
Task 0 Epoch 1/1:   
7%|6         | 
106/1563 [00:54<14:39, 
 1.66it/s, acc=3.5%, 
loss=4.4203]
Task 0 Epoch 1/1:   
7%|6         | 
107/1563 [00:54<14:27, 
 1.68it/s, acc=3.5%, 
loss=4.4203]
Task 0 Epoch 1/1:   
7%|6         | 
107/1563 [00:54<14:27, 
 1.68it/s, acc=3.5%, 
loss=4.9855]
Task 0 Epoch 1/1:   
7%|6         | 
108/1563 [00:54<13:33, 
 1.79it/s, acc=3.5%, 
loss=4.9855]
Task 0 Epoch 1/1:   
7%|6         | 
108/1563 [00:55<13:33, 
 1.79it/s, acc=3.5%, 
loss=4.7361]
Task 0 Epoch 1/1:   
7%|6         | 
109/1563 [00:55<12:54, 
 1.88it/s, acc=3.5%, 
loss=4.7361]
Task 0 Epoch 1/1:   
7%|6         | 
109/1563 [00:55<12:54, 
 1.88it/s, acc=3.5%, 
loss=4.0907]
Task 0 Epoch 1/1:   
7%|7         | 
110/1563 [00:55<12:26, 
 1.95it/s, acc=3.5%, 
loss=4.0907]
Task 0 Epoch 1/1:   
7%|7         | 
110/1563 [00:56<12:26, 
 1.95it/s, acc=3.5%, 
loss=4.7562]
Task 0 Epoch 1/1:   
7%|7         | 
111/1563 [00:56<12:07, 
 2.00it/s, acc=3.5%, 
loss=4.7562]
Task 0 Epoch 1/1:   
7%|7         | 
111/1563 [00:56<12:07, 
 2.00it/s, acc=3.5%, 
loss=4.3726]
Task 0 Epoch 1/1:   
7%|7         | 
112/1563 [00:56<11:52, 
 2.04it/s, acc=3.5%, 
loss=4.3726]
Task 0 Epoch 1/1:   
7%|7         | 
112/1563 [00:57<11:52, 
 2.04it/s, acc=3.5%, 
loss=4.3104]
Task 0 Epoch 1/1:   
7%|7         | 
113/1563 [00:57<11:42, 
 2.06it/s, acc=3.5%, 
loss=4.3104]
Task 0 Epoch 1/1:   
7%|7         | 
113/1563 [00:57<11:42, 
 2.06it/s, acc=3.6%, 
loss=4.3566]
Task 0 Epoch 1/1:   
7%|7         | 
114/1563 [00:57<11:34, 
 2.09it/s, acc=3.6%, 
loss=4.3566]
Task 0 Epoch 1/1:   
7%|7         | 
114/1563 [00:58<11:34, 
 2.09it/s, acc=3.6%, 
loss=5.0960]
Task 0 Epoch 1/1:   
7%|7         | 
115/1563 [00:58<11:28, 
 2.10it/s, acc=3.6%, 
loss=5.0960]
Task 0 Epoch 1/1:   
7%|7         | 
115/1563 [00:58<11:28, 
 2.10it/s, acc=3.6%, 
loss=4.6177]
Task 0 Epoch 1/1:   
7%|7         | 
116/1563 [00:58<11:24, 
 2.11it/s, acc=3.6%, 
loss=4.6177]
Task 0 Epoch 1/1:   
7%|7         | 
116/1563 [00:59<11:24, 
 2.11it/s, acc=3.5%, 
loss=6.2835]
Task 0 Epoch 1/1:   
7%|7         | 
117/1563 [00:59<11:22, 
 2.12it/s, acc=3.5%, 
loss=6.2835]
Task 0 Epoch 1/1:   
7%|7         | 
117/1563 [00:59<11:22, 
 2.12it/s, acc=3.5%, 
loss=4.9429]
Task 0 Epoch 1/1:   
8%|7         | 
118/1563 [00:59<11:20, 
 2.12it/s, acc=3.5%, 
loss=4.9429]
Task 0 Epoch 1/1:   
8%|7         | 
118/1563 [01:00<11:20, 
 2.12it/s, acc=3.5%, 
loss=4.2801]
Task 0 Epoch 1/1:   
8%|7         | 
119/1563 [01:00<11:18, 
 2.13it/s, acc=3.5%, 
loss=4.2801]
Task 0 Epoch 1/1:   
8%|7         | 
119/1563 [01:00<11:18, 
 2.13it/s, acc=3.5%, 
loss=4.3199]
Task 0 Epoch 1/1:   
8%|7         | 
120/1563 [01:00<11:16, 
 2.13it/s, acc=3.5%, 
loss=4.3199]
Task 0 Epoch 1/1:   
8%|7         | 
120/1563 [01:00<11:16, 
 2.13it/s, acc=3.5%, 
loss=4.9217]
Task 0 Epoch 1/1:   
8%|7         | 
121/1563 [01:00<11:14, 
 2.14it/s, acc=3.5%, 
loss=4.9217]
Task 0 Epoch 1/1:   
8%|7         | 
121/1563 [01:01<11:14, 
 2.14it/s, acc=3.5%, 
loss=4.6392]
Task 0 Epoch 1/1:   
8%|7         | 
122/1563 [01:01<11:12, 
 2.14it/s, acc=3.5%, 
loss=4.6392]
Task 0 Epoch 1/1:   
8%|7         | 
122/1563 [01:01<11:12, 
 2.14it/s, acc=3.5%, 
loss=4.9089]
Task 0 Epoch 1/1:   
8%|7         | 
123/1563 [01:01<11:11, 
 2.14it/s, acc=3.5%, 
loss=4.9089]
Task 0 Epoch 1/1:   
8%|7         | 
123/1563 [01:02<11:11, 
 2.14it/s, acc=3.4%, 
loss=5.1237]
Task 0 Epoch 1/1:   
8%|7         | 
124/1563 [01:02<11:11, 
 2.14it/s, acc=3.4%, 
loss=5.1237]
Task 0 Epoch 1/1:   
8%|7         | 
124/1563 [01:02<11:11, 
 2.14it/s, acc=3.5%, 
loss=4.1984]
Task 0 Epoch 1/1:   
8%|7         | 
125/1563 [01:02<11:12, 
 2.14it/s, acc=3.5%, 
loss=4.1984]
Task 0 Epoch 1/1:   
8%|7         | 
125/1563 [01:03<11:12, 
 2.14it/s, acc=3.5%, 
loss=4.5708]
Task 0 Epoch 1/1:   
8%|8         | 
126/1563 [01:03<11:12, 
 2.14it/s, acc=3.5%, 
loss=4.5708]
Task 0 Epoch 1/1:   
8%|8         | 
126/1563 [01:03<11:12, 
 2.14it/s, acc=3.5%, 
loss=5.0355]
Task 0 Epoch 1/1:   
8%|8         | 
127/1563 [01:03<11:11, 
 2.14it/s, acc=3.5%, 
loss=5.0355]
Task 0 Epoch 1/1:   
8%|8         | 
127/1563 [01:04<11:11, 
 2.14it/s, acc=3.5%, 
loss=5.3010]
Task 0 Epoch 1/1:   
8%|8         | 
128/1563 [01:04<11:10, 
 2.14it/s, acc=3.5%, 
loss=5.3010]
Task 0 Epoch 1/1:   
8%|8         | 
128/1563 [01:04<11:10, 
 2.14it/s, acc=3.4%, 
loss=4.4342]
Task 0 Epoch 1/1:   
8%|8         | 
129/1563 [01:04<11:13, 
 2.13it/s, acc=3.4%, 
loss=4.4342]
Task 0 Epoch 1/1:   
8%|8         | 
129/1563 [01:05<11:13, 
 2.13it/s, acc=3.5%, 
loss=4.1478]
Task 0 Epoch 1/1:   
8%|8         | 
130/1563 [01:05<11:12, 
 2.13it/s, acc=3.5%, 
loss=4.1478]
Task 0 Epoch 1/1:   
8%|8         | 
130/1563 [01:05<11:12, 
 2.13it/s, acc=3.4%, 
loss=4.6400]
Task 0 Epoch 1/1:   
8%|8         | 
131/1563 [01:05<11:12, 
 2.13it/s, acc=3.4%, 
loss=4.6400]
Task 0 Epoch 1/1:   
8%|8         | 
131/1563 [01:06<11:12, 
 2.13it/s, acc=3.5%, 
loss=5.0841]
Task 0 Epoch 1/1:   
8%|8         | 
132/1563 [01:06<11:15, 
 2.12it/s, acc=3.5%, 
loss=5.0841]
Task 0 Epoch 1/1:   
8%|8         | 
132/1563 [01:06<11:15, 
 2.12it/s, acc=3.5%, 
loss=5.0285]
Task 0 Epoch 1/1:   
9%|8         | 
133/1563 [01:06<11:16, 
 2.11it/s, acc=3.5%, 
loss=5.0285]
Task 0 Epoch 1/1:   
9%|8         | 
133/1563 [01:07<11:16, 
 2.11it/s, acc=3.5%, 
loss=4.9196]
Task 0 Epoch 1/1:   
9%|8         | 
134/1563 [01:07<11:14, 
 2.12it/s, acc=3.5%, 
loss=4.9196]
Task 0 Epoch 1/1:   
9%|8         | 
134/1563 [01:07<11:14, 
 2.12it/s, acc=3.5%, 
loss=4.8585]
Task 0 Epoch 1/1:   
9%|8         | 
135/1563 [01:07<11:15, 
 2.12it/s, acc=3.5%, 
loss=4.8585]
Task 0 Epoch 1/1:   
9%|8         | 
135/1563 [01:07<11:15, 
 2.12it/s, acc=3.4%, 
loss=5.0574]
Task 0 Epoch 1/1:   
9%|8         | 
136/1563 [01:07<11:15, 
 2.11it/s, acc=3.4%, 
loss=5.0574]
Task 0 Epoch 1/1:   
9%|8         | 
136/1563 [01:08<11:15, 
 2.11it/s, acc=3.4%, 
loss=4.7621]
Task 0 Epoch 1/1:   
9%|8         | 
137/1563 [01:08<11:14, 
 2.11it/s, acc=3.4%, 
loss=4.7621]
Task 0 Epoch 1/1:   
9%|8         | 
137/1563 [01:08<11:14, 
 2.11it/s, acc=3.4%, 
loss=5.2531]
Task 0 Epoch 1/1:   
9%|8         | 
138/1563 [01:08<11:15, 
 2.11it/s, acc=3.4%, 
loss=5.2531]
Task 0 Epoch 1/1:   
9%|8         | 
138/1563 [01:09<11:15, 
 2.11it/s, acc=3.4%, 
loss=4.8988]
Task 0 Epoch 1/1:   
9%|8         | 
139/1563 [01:09<11:17, 
 2.10it/s, acc=3.4%, 
loss=4.8988]
Task 0 Epoch 1/1:   
9%|8         | 
139/1563 [01:09<11:17, 
 2.10it/s, acc=3.3%, 
loss=4.1386]
Task 0 Epoch 1/1:   
9%|8         | 
140/1563 [01:09<11:16, 
 2.10it/s, acc=3.3%, 
loss=4.1386]
Task 0 Epoch 1/1:   
9%|8         | 
140/1563 [01:10<11:16, 
 2.10it/s, acc=3.3%, 
loss=4.9808]
Task 0 Epoch 1/1:   
9%|9         | 
141/1563 [01:10<11:17, 
 2.10it/s, acc=3.3%, 
loss=4.9808]
Task 0 Epoch 1/1:   
9%|9         | 
141/1563 [01:10<11:17, 
 2.10it/s, acc=3.3%, 
loss=4.5073]
Task 0 Epoch 1/1:   
9%|9         | 
142/1563 [01:10<11:15, 
 2.10it/s, acc=3.3%, 
loss=4.5073]
Task 0 Epoch 1/1:   
9%|9         | 
142/1563 [01:11<11:15, 
 2.10it/s, acc=3.3%, 
loss=4.5829]
Task 0 Epoch 1/1:   
9%|9         | 
143/1563 [01:11<11:15, 
 2.10it/s, acc=3.3%, 
loss=4.5829]
Task 0 Epoch 1/1:   
9%|9         | 
143/1563 [01:11<11:15, 
 2.10it/s, acc=3.3%, 
loss=4.5261]
Task 0 Epoch 1/1:   
9%|9         | 
144/1563 [01:11<11:35, 
 2.04it/s, acc=3.3%, 
loss=4.5261]
Task 0 Epoch 1/1:   
9%|9         | 
144/1563 [01:12<11:35, 
 2.04it/s, acc=3.2%, 
loss=4.5752]
Task 0 Epoch 1/1:   
9%|9         | 
145/1563 [01:12<11:37, 
 2.03it/s, acc=3.2%, 
loss=4.5752]
Task 0 Epoch 1/1:   
9%|9         | 
145/1563 [01:12<11:37, 
 2.03it/s, acc=3.2%, 
loss=5.0592]
Task 0 Epoch 1/1:   
9%|9         | 
146/1563 [01:12<11:31, 
 2.05it/s, acc=3.2%, 
loss=5.0592]
Task 0 Epoch 1/1:   
9%|9         | 
146/1563 [01:13<11:31, 
 2.05it/s, acc=3.2%, 
loss=4.6628]
Task 0 Epoch 1/1:   
9%|9         | 
147/1563 [01:13<11:26, 
 2.06it/s, acc=3.2%, 
loss=4.6628]
Task 0 Epoch 1/1:   
9%|9         | 
147/1563 [01:13<11:26, 
 2.06it/s, acc=3.3%, 
loss=5.1384]
Task 0 Epoch 1/1:   
9%|9         | 
148/1563 [01:13<11:23, 
 2.07it/s, acc=3.3%, 
loss=5.1384]
Task 0 Epoch 1/1:   
9%|9         | 
148/1563 [01:14<11:23, 
 2.07it/s, acc=3.2%, 
loss=4.7188]
Task 0 Epoch 1/1:  
10%|9         | 
149/1563 [01:14<11:25, 
 2.06it/s, acc=3.2%, 
loss=4.7188]
Task 0 Epoch 1/1:  
10%|9         | 
149/1563 [01:14<11:25, 
 2.06it/s, acc=3.2%, 
loss=4.4871]
Task 0 Epoch 1/1:  
10%|9         | 
150/1563 [01:14<11:26, 
 2.06it/s, acc=3.2%, 
loss=4.4871]
Task 0 Epoch 1/1:  
10%|9         | 
150/1563 [01:15<11:26, 
 2.06it/s, acc=3.2%, 
loss=4.6770]
Task 0 Epoch 1/1:  
10%|9         | 
151/1563 [01:15<11:37, 
 2.03it/s, acc=3.2%, 
loss=4.6770]
Task 0 Epoch 1/1:  
10%|9         | 
151/1563 [01:15<11:37, 
 2.03it/s, acc=3.2%, 
loss=4.1965]
Task 0 Epoch 1/1:  
10%|9         | 
152/1563 [01:15<11:43, 
 2.01it/s, acc=3.2%, 
loss=4.1965]
Task 0 Epoch 1/1:  
10%|9         | 
152/1563 [01:16<11:43, 
 2.01it/s, acc=3.2%, 
loss=4.9287]
Task 0 Epoch 1/1:  
10%|9         | 
153/1563 [01:16<11:37, 
 2.02it/s, acc=3.2%, 
loss=4.9287]
Task 0 Epoch 1/1:  
10%|9         | 
153/1563 [01:16<11:37, 
 2.02it/s, acc=3.2%, 
loss=4.2119]
Task 0 Epoch 1/1:  
10%|9         | 
154/1563 [01:16<12:04, 
 1.94it/s, acc=3.2%, 
loss=4.2119]
Task 0 Epoch 1/1:  
10%|9         | 
154/1563 [01:17<12:04, 
 1.94it/s, acc=3.2%, 
loss=4.2448]
Task 0 Epoch 1/1:  
10%|9         | 
155/1563 [01:17<12:29, 
 1.88it/s, acc=3.2%, 
loss=4.2448]
Task 0 Epoch 1/1:  
10%|9         | 
155/1563 [01:18<12:29, 
 1.88it/s, acc=3.2%, 
loss=4.6603]
Task 0 Epoch 1/1:  
10%|9         | 
156/1563 [01:18<12:58, 
 1.81it/s, acc=3.2%, 
loss=4.6603]
Task 0 Epoch 1/1:  
10%|9         | 
156/1563 [01:18<12:58, 
 1.81it/s, acc=3.2%, 
loss=4.5670]
Task 0 Epoch 1/1:  
10%|#         | 
157/1563 [01:18<13:11, 
 1.78it/s, acc=3.2%, 
loss=4.5670]
Task 0 Epoch 1/1:  
10%|#         | 
157/1563 [01:19<13:11, 
 1.78it/s, acc=3.2%, 
loss=4.0842]
Task 0 Epoch 1/1:  
10%|#         | 
158/1563 [01:19<14:08, 
 1.66it/s, acc=3.2%, 
loss=4.0842]
Task 0 Epoch 1/1:  
10%|#         | 
158/1563 [01:19<14:08, 
 1.66it/s, acc=3.1%, 
loss=4.8864]
Task 0 Epoch 1/1:  
10%|#         | 
159/1563 [01:19<13:55, 
 1.68it/s, acc=3.1%, 
loss=4.8864]
Task 0 Epoch 1/1:  
10%|#         | 
159/1563 [01:20<13:55, 
 1.68it/s, acc=3.2%, 
loss=4.1149]
Task 0 Epoch 1/1:  
10%|#         | 
160/1563 [01:20<13:48, 
 1.69it/s, acc=3.2%, 
loss=4.1149]
Task 0 Epoch 1/1:  
10%|#         | 
160/1563 [01:21<13:48, 
 1.69it/s, acc=3.1%, 
loss=4.9224]
Task 0 Epoch 1/1:  
10%|#         | 
161/1563 [01:21<13:50, 
 1.69it/s, acc=3.1%, 
loss=4.9224]
Task 0 Epoch 1/1:  
10%|#         | 
161/1563 [01:21<13:50, 
 1.69it/s, acc=3.2%, 
loss=4.4009]
Task 0 Epoch 1/1:  
10%|#         | 
162/1563 [01:21<13:51, 
 1.69it/s, acc=3.2%, 
loss=4.4009]
Task 0 Epoch 1/1:  
10%|#         | 
162/1563 [01:22<13:51, 
 1.69it/s, acc=3.2%, 
loss=4.2036]
Task 0 Epoch 1/1:  
10%|#         | 
163/1563 [01:22<13:49, 
 1.69it/s, acc=3.2%, 
loss=4.2036]
Task 0 Epoch 1/1:  
10%|#         | 
163/1563 [01:22<13:49, 
 1.69it/s, acc=3.2%, 
loss=4.8722]
Task 0 Epoch 1/1:  
10%|#         | 
164/1563 [01:22<13:56, 
 1.67it/s, acc=3.2%, 
loss=4.8722]
Task 0 Epoch 1/1:  
10%|#         | 
164/1563 [01:23<13:56, 
 1.67it/s, acc=3.3%, 
loss=4.0480]
Task 0 Epoch 1/1:  
11%|#         | 
165/1563 [01:23<13:50, 
 1.68it/s, acc=3.3%, 
loss=4.0480]
Task 0 Epoch 1/1:  
11%|#         | 
165/1563 [01:23<13:50, 
 1.68it/s, acc=3.2%, 
loss=5.1175]
Task 0 Epoch 1/1:  
11%|#         | 
166/1563 [01:23<13:35, 
 1.71it/s, acc=3.2%, 
loss=5.1175]
Task 0 Epoch 1/1:  
11%|#         | 
166/1563 [01:24<13:35, 
 1.71it/s, acc=3.3%, 
loss=4.2362]
Task 0 Epoch 1/1:  
11%|#         | 
167/1563 [01:24<13:40, 
 1.70it/s, acc=3.3%, 
loss=4.2362]
Task 0 Epoch 1/1:  
11%|#         | 
167/1563 [01:25<13:40, 
 1.70it/s, acc=3.3%, 
loss=4.9755]
Task 0 Epoch 1/1:  
11%|#         | 
168/1563 [01:25<13:42, 
 1.70it/s, acc=3.3%, 
loss=4.9755]
Task 0 Epoch 1/1:  
11%|#         | 
168/1563 [01:25<13:42, 
 1.70it/s, acc=3.3%, 
loss=4.5362]
Task 0 Epoch 1/1:  
11%|#         | 
169/1563 [01:25<13:51, 
 1.68it/s, acc=3.3%, 
loss=4.5362]
Task 0 Epoch 1/1:  
11%|#         | 
169/1563 [01:26<13:51, 
 1.68it/s, acc=3.3%, 
loss=4.1310]
Task 0 Epoch 1/1:  
11%|#         | 
170/1563 [01:26<13:44, 
 1.69it/s, acc=3.3%, 
loss=4.1310]
Task 0 Epoch 1/1:  
11%|#         | 
170/1563 [01:26<13:44, 
 1.69it/s, acc=3.3%, 
loss=4.8999]
Task 0 Epoch 1/1:  
11%|#         | 
171/1563 [01:26<13:52, 
 1.67it/s, acc=3.3%, 
loss=4.8999]
Task 0 Epoch 1/1:  
11%|#         | 
171/1563 [01:27<13:52, 
 1.67it/s, acc=3.3%, 
loss=4.1078]
Task 0 Epoch 1/1:  
11%|#1        | 
172/1563 [01:27<13:50, 
 1.68it/s, acc=3.3%, 
loss=4.1078]
Task 0 Epoch 1/1:  
11%|#1        | 
172/1563 [01:28<13:50, 
 1.68it/s, acc=3.3%, 
loss=4.0437]
Task 0 Epoch 1/1:  
11%|#1        | 
173/1563 [01:28<13:37, 
 1.70it/s, acc=3.3%, 
loss=4.0437]
Task 0 Epoch 1/1:  
11%|#1        | 
173/1563 [01:28<13:37, 
 1.70it/s, acc=3.3%, 
loss=4.3975]
Task 0 Epoch 1/1:  
11%|#1        | 
174/1563 [01:28<13:38, 
 1.70it/s, acc=3.3%, 
loss=4.3975]
Task 0 Epoch 1/1:  
11%|#1        | 
174/1563 [01:29<13:38, 
 1.70it/s, acc=3.2%, 
loss=4.7035]
Task 0 Epoch 1/1:  
11%|#1        | 
175/1563 [01:29<13:19, 
 1.74it/s, acc=3.2%, 
loss=4.7035]
Task 0 Epoch 1/1:  
11%|#1        | 
175/1563 [01:29<13:19, 
 1.74it/s, acc=3.2%, 
loss=4.7993]
Task 0 Epoch 1/1:  
11%|#1        | 
176/1563 [01:29<13:06, 
 1.76it/s, acc=3.2%, 
loss=4.7993]
Task 0 Epoch 1/1:  
11%|#1        | 
176/1563 [01:30<13:06, 
 1.76it/s, acc=3.2%, 
loss=4.3906]
Task 0 Epoch 1/1:  
11%|#1        | 
177/1563 [01:30<13:04, 
 1.77it/s, acc=3.2%, 
loss=4.3906]
Task 0 Epoch 1/1:  
11%|#1        | 
177/1563 [01:30<13:04, 
 1.77it/s, acc=3.2%, 
loss=4.7050]
Task 0 Epoch 1/1:  
11%|#1        | 
178/1563 [01:30<13:00, 
 1.77it/s, acc=3.2%, 
loss=4.7050]
Task 0 Epoch 1/1:  
11%|#1        | 
178/1563 [01:31<13:00, 
 1.77it/s, acc=3.2%, 
loss=4.5141]
Task 0 Epoch 1/1:  
11%|#1        | 
179/1563 [01:31<13:06, 
 1.76it/s, acc=3.2%, 
loss=4.5141]
Task 0 Epoch 1/1:  
11%|#1        | 
179/1563 [01:32<13:06, 
 1.76it/s, acc=3.2%, 
loss=4.4928]
Task 0 Epoch 1/1:  
12%|#1        | 
180/1563 [01:32<13:02, 
 1.77it/s, acc=3.2%, 
loss=4.4928]
Task 0 Epoch 1/1:  
12%|#1        | 
180/1563 [01:32<13:02, 
 1.77it/s, acc=3.2%, 
loss=4.3217]
Task 0 Epoch 1/1:  
12%|#1        | 
181/1563 [01:32<13:09, 
 1.75it/s, acc=3.2%, 
loss=4.3217]
Task 0 Epoch 1/1:  
12%|#1        | 
181/1563 [01:33<13:09, 
 1.75it/s, acc=3.2%, 
loss=3.8444]
Task 0 Epoch 1/1:  
12%|#1        | 
182/1563 [01:33<13:20, 
 1.73it/s, acc=3.2%, 
loss=3.8444]
Task 0 Epoch 1/1:  
12%|#1        | 
182/1563 [01:33<13:20, 
 1.73it/s, acc=3.1%, 
loss=4.1645]
Task 0 Epoch 1/1:  
12%|#1        | 
183/1563 [01:33<13:34, 
 1.69it/s, acc=3.1%, 
loss=4.1645]
Task 0 Epoch 1/1:  
12%|#1        | 
183/1563 [01:34<13:34, 
 1.69it/s, acc=3.2%, 
loss=4.1741]
Task 0 Epoch 1/1:  
12%|#1        | 
184/1563 [01:34<13:28, 
 1.71it/s, acc=3.2%, 
loss=4.1741]
Task 0 Epoch 1/1:  
12%|#1        | 
184/1563 [01:35<13:28, 
 1.71it/s, acc=3.2%, 
loss=4.3662]
Task 0 Epoch 1/1:  
12%|#1        | 
185/1563 [01:35<13:13, 
 1.74it/s, acc=3.2%, 
loss=4.3662]
Task 0 Epoch 1/1:  
12%|#1        | 
185/1563 [01:35<13:13, 
 1.74it/s, acc=3.2%, 
loss=3.7149]
Task 0 Epoch 1/1:  
12%|#1        | 
186/1563 [01:35<13:02, 
 1.76it/s, acc=3.2%, 
loss=3.7149]
Task 0 Epoch 1/1:  
12%|#1        | 
186/1563 [01:36<13:02, 
 1.76it/s, acc=3.2%, 
loss=5.0558]
Task 0 Epoch 1/1:  
12%|#1        | 
187/1563 [01:36<13:07, 
 1.75it/s, acc=3.2%, 
loss=5.0558]
Task 0 Epoch 1/1:  
12%|#1        | 
187/1563 [01:36<13:07, 
 1.75it/s, acc=3.2%, 
loss=4.1680]
Task 0 Epoch 1/1:  
12%|#2        | 
188/1563 [01:36<13:12, 
 1.74it/s, acc=3.2%, 
loss=4.1680]
Task 0 Epoch 1/1:  
12%|#2        | 
188/1563 [01:37<13:12, 
 1.74it/s, acc=3.3%, 
loss=4.3161]
Task 0 Epoch 1/1:  
12%|#2        | 
189/1563 [01:37<13:32, 
 1.69it/s, acc=3.3%, 
loss=4.3161]
Task 0 Epoch 1/1:  
12%|#2        | 
189/1563 [01:38<13:32, 
 1.69it/s, acc=3.4%, 
loss=4.1384]
Task 0 Epoch 1/1:  
12%|#2        | 
190/1563 [01:38<15:23, 
 1.49it/s, acc=3.4%, 
loss=4.1384]
Task 0 Epoch 1/1:  
12%|#2        | 
190/1563 [01:38<15:23, 
 1.49it/s, acc=3.3%, 
loss=4.5401]
Task 0 Epoch 1/1:  
12%|#2        | 
191/1563 [01:38<14:37, 
 1.56it/s, acc=3.3%, 
loss=4.5401]
Task 0 Epoch 1/1:  
12%|#2        | 
191/1563 [01:39<14:37, 
 1.56it/s, acc=3.4%, 
loss=4.1111]
Task 0 Epoch 1/1:  
12%|#2        | 
192/1563 [01:39<14:32, 
 1.57it/s, acc=3.4%, 
loss=4.1111]
Task 0 Epoch 1/1:  
12%|#2        | 
192/1563 [01:40<14:32, 
 1.57it/s, acc=3.3%, 
loss=4.7124]
Task 0 Epoch 1/1:  
12%|#2        | 
193/1563 [01:40<14:18, 
 1.60it/s, acc=3.3%, 
loss=4.7124]
Task 0 Epoch 1/1:  
12%|#2        | 
193/1563 [01:40<14:18, 
 1.60it/s, acc=3.3%, 
loss=4.8873]
Task 0 Epoch 1/1:  
12%|#2        | 
194/1563 [01:40<14:09, 
 1.61it/s, acc=3.3%, 
loss=4.8873]
Task 0 Epoch 1/1:  
12%|#2        | 
194/1563 [01:41<14:09, 
 1.61it/s, acc=3.3%, 
loss=4.4524]
Task 0 Epoch 1/1:  
12%|#2        | 
195/1563 [01:41<14:00, 
 1.63it/s, acc=3.3%, 
loss=4.4524]
Task 0 Epoch 1/1:  
12%|#2        | 
195/1563 [01:41<14:00, 
 1.63it/s, acc=3.3%, 
loss=4.6272]
Task 0 Epoch 1/1:  
13%|#2        | 
196/1563 [01:41<13:47, 
 1.65it/s, acc=3.3%, 
loss=4.6272]
Task 0 Epoch 1/1:  
13%|#2        | 
196/1563 [01:42<13:47, 
 1.65it/s, acc=3.3%, 
loss=4.1400]
Task 0 Epoch 1/1:  
13%|#2        | 
197/1563 [01:42<13:44, 
 1.66it/s, acc=3.3%, 
loss=4.1400]
Task 0 Epoch 1/1:  
13%|#2        | 
197/1563 [01:43<13:44, 
 1.66it/s, acc=3.3%, 
loss=5.0348]
Task 0 Epoch 1/1:  
13%|#2        | 
198/1563 [01:43<13:46, 
 1.65it/s, acc=3.3%, 
loss=5.0348]
Task 0 Epoch 1/1:  
13%|#2        | 
198/1563 [01:43<13:46, 
 1.65it/s, acc=3.3%, 
loss=4.3269]
Task 0 Epoch 1/1:  
13%|#2        | 
199/1563 [01:43<13:39, 
 1.67it/s, acc=3.3%, 
loss=4.3269]
Task 0 Epoch 1/1:  
13%|#2        | 
199/1563 [01:44<13:39, 
 1.67it/s, acc=3.3%, 
loss=4.5057]
Task 0 Epoch 1/1:  
13%|#2        | 
200/1563 [01:44<13:40, 
 1.66it/s, acc=3.3%, 
loss=4.5057]
Task 0 Epoch 1/1:  
13%|#2        | 
200/1563 [01:44<13:40, 
 1.66it/s, acc=3.4%, 
loss=4.8115]
Task 0 Epoch 1/1:  
13%|#2        | 
201/1563 [01:44<13:38, 
 1.66it/s, acc=3.4%, 
loss=4.8115]
Task 0 Epoch 1/1:  
13%|#2        | 
201/1563 [01:45<13:38, 
 1.66it/s, acc=3.3%, 
loss=4.4146]
Task 0 Epoch 1/1:  
13%|#2        | 
202/1563 [01:45<13:22, 
 1.69it/s, acc=3.3%, 
loss=4.4146]
Task 0 Epoch 1/1:  
13%|#2        | 
202/1563 [01:46<13:22, 
 1.69it/s, acc=3.4%, 
loss=4.0030]
Task 0 Epoch 1/1:  
13%|#2        | 
203/1563 [01:46<13:36, 
 1.67it/s, acc=3.4%, 
loss=4.0030]
Task 0 Epoch 1/1:  
13%|#2        | 
203/1563 [01:46<13:36, 
 1.67it/s, acc=3.3%, 
loss=4.5409]
Task 0 Epoch 1/1:  
13%|#3        | 
204/1563 [01:46<12:57, 
 1.75it/s, acc=3.3%, 
loss=4.5409]
Task 0 Epoch 1/1:  
13%|#3        | 
204/1563 [01:47<12:57, 
 1.75it/s, acc=3.3%, 
loss=3.8457]
Task 0 Epoch 1/1:  
13%|#3        | 
205/1563 [01:47<12:29, 
 1.81it/s, acc=3.3%, 
loss=3.8457]
Task 0 Epoch 1/1:  
13%|#3        | 
205/1563 [01:47<12:29, 
 1.81it/s, acc=3.3%, 
loss=4.5697]
Task 0 Epoch 1/1:  
13%|#3        | 
206/1563 [01:47<12:11, 
 1.85it/s, acc=3.3%, 
loss=4.5697]
Task 0 Epoch 1/1:  
13%|#3        | 
206/1563 [01:48<12:11, 
 1.85it/s, acc=3.3%, 
loss=4.3811]
Task 0 Epoch 1/1:  
13%|#3        | 
207/1563 [01:48<11:53, 
 1.90it/s, acc=3.3%, 
loss=4.3811]
Task 0 Epoch 1/1:  
13%|#3        | 
207/1563 [01:48<11:53, 
 1.90it/s, acc=3.3%, 
loss=4.5990]
Task 0 Epoch 1/1:  
13%|#3        | 
208/1563 [01:48<11:47, 
 1.91it/s, acc=3.3%, 
loss=4.5990]
Task 0 Epoch 1/1:  
13%|#3        | 
208/1563 [01:49<11:47, 
 1.91it/s, acc=3.3%, 
loss=4.6888]
Task 0 Epoch 1/1:  
13%|#3        | 
209/1563 [01:49<11:42, 
 1.93it/s, acc=3.3%, 
loss=4.6888]
Task 0 Epoch 1/1:  
13%|#3        | 
209/1563 [01:49<11:42, 
 1.93it/s, acc=3.3%, 
loss=4.8964]
Task 0 Epoch 1/1:  
13%|#3        | 
210/1563 [01:49<12:08, 
 1.86it/s, acc=3.3%, 
loss=4.8964]
Task 0 Epoch 1/1:  
13%|#3        | 
210/1563 [01:50<12:08, 
 1.86it/s, acc=3.3%, 
loss=4.1274]
Task 0 Epoch 1/1:  
13%|#3        | 
211/1563 [01:50<12:20, 
 1.83it/s, acc=3.3%, 
loss=4.1274]
Task 0 Epoch 1/1:  
13%|#3        | 
211/1563 [01:50<12:20, 
 1.83it/s, acc=3.2%, 
loss=4.2378]
Task 0 Epoch 1/1:  
14%|#3        | 
212/1563 [01:50<12:22, 
 1.82it/s, acc=3.2%, 
loss=4.2378]
Task 0 Epoch 1/1:  
14%|#3        | 
212/1563 [01:51<12:22, 
 1.82it/s, acc=3.2%, 
loss=4.2177]
Task 0 Epoch 1/1:  
14%|#3        | 
213/1563 [01:51<12:25, 
 1.81it/s, acc=3.2%, 
loss=4.2177]
Task 0 Epoch 1/1:  
14%|#3        | 
213/1563 [01:51<12:25, 
 1.81it/s, acc=3.2%, 
loss=4.6229]
Task 0 Epoch 1/1:  
14%|#3        | 
214/1563 [01:51<12:28, 
 1.80it/s, acc=3.2%, 
loss=4.6229]
Task 0 Epoch 1/1:  
14%|#3        | 
214/1563 [01:52<12:28, 
 1.80it/s, acc=3.2%, 
loss=4.8454]
Task 0 Epoch 1/1:  
14%|#3        | 
215/1563 [01:52<12:26, 
 1.81it/s, acc=3.2%, 
loss=4.8454]
Task 0 Epoch 1/1:  
14%|#3        | 
215/1563 [01:52<12:26, 
 1.81it/s, acc=3.2%, 
loss=4.4236]
Task 0 Epoch 1/1:  
14%|#3        | 
216/1563 [01:52<12:28, 
 1.80it/s, acc=3.2%, 
loss=4.4236]
Task 0 Epoch 1/1:  
14%|#3        | 
216/1563 [01:53<12:28, 
 1.80it/s, acc=3.2%, 
loss=4.2094]
Task 0 Epoch 1/1:  
14%|#3        | 
217/1563 [01:53<12:32, 
 1.79it/s, acc=3.2%, 
loss=4.2094]
Task 0 Epoch 1/1:  
14%|#3        | 
217/1563 [01:54<12:32, 
 1.79it/s, acc=3.2%, 
loss=4.8740]
Task 0 Epoch 1/1:  
14%|#3        | 
218/1563 [01:54<12:32, 
 1.79it/s, acc=3.2%, 
loss=4.8740]
Task 0 Epoch 1/1:  
14%|#3        | 
218/1563 [01:54<12:32, 
 1.79it/s, acc=3.2%, 
loss=4.3851]
Task 0 Epoch 1/1:  
14%|#4        | 
219/1563 [01:54<12:34, 
 1.78it/s, acc=3.2%, 
loss=4.3851]
Task 0 Epoch 1/1:  
14%|#4        | 
219/1563 [01:55<12:34, 
 1.78it/s, acc=3.2%, 
loss=4.0724]
Task 0 Epoch 1/1:  
14%|#4        | 
220/1563 [01:55<12:32, 
 1.78it/s, acc=3.2%, 
loss=4.0724]
Task 0 Epoch 1/1:  
14%|#4        | 
220/1563 [01:55<12:32, 
 1.78it/s, acc=3.2%, 
loss=4.2308]
Task 0 Epoch 1/1:  
14%|#4        | 
221/1563 [01:55<12:34, 
 1.78it/s, acc=3.2%, 
loss=4.2308]
Task 0 Epoch 1/1:  
14%|#4        | 
221/1563 [01:56<12:34, 
 1.78it/s, acc=3.3%, 
loss=3.7623]
Task 0 Epoch 1/1:  
14%|#4        | 
222/1563 [01:56<12:36, 
 1.77it/s, acc=3.3%, 
loss=3.7623]
Task 0 Epoch 1/1:  
14%|#4        | 
222/1563 [01:56<12:36, 
 1.77it/s, acc=3.3%, 
loss=4.9105]
Task 0 Epoch 1/1:  
14%|#4        | 
223/1563 [01:56<12:33, 
 1.78it/s, acc=3.3%, 
loss=4.9105]
Task 0 Epoch 1/1:  
14%|#4        | 
223/1563 [01:57<12:33, 
 1.78it/s, acc=3.3%, 
loss=4.4492]
Task 0 Epoch 1/1:  
14%|#4        | 
224/1563 [01:57<12:30, 
 1.78it/s, acc=3.3%, 
loss=4.4492]
Task 0 Epoch 1/1:  
14%|#4        | 
224/1563 [01:58<12:30, 
 1.78it/s, acc=3.3%, 
loss=4.0175]
Task 0 Epoch 1/1:  
14%|#4        | 
225/1563 [01:58<12:29, 
 1.79it/s, acc=3.3%, 
loss=4.0175]
Task 0 Epoch 1/1:  
14%|#4        | 
225/1563 [01:58<12:29, 
 1.79it/s, acc=3.3%, 
loss=4.2365]
Task 0 Epoch 1/1:  
14%|#4        | 
226/1563 [01:58<12:29, 
 1.78it/s, acc=3.3%, 
loss=4.2365]
Task 0 Epoch 1/1:  
14%|#4        | 
226/1563 [01:59<12:29, 
 1.78it/s, acc=3.2%, 
loss=4.2917]
Task 0 Epoch 1/1:  
15%|#4        | 
227/1563 [01:59<12:27, 
 1.79it/s, acc=3.2%, 
loss=4.2917]
Task 0 Epoch 1/1:  
15%|#4        | 
227/1563 [01:59<12:27, 
 1.79it/s, acc=3.3%, 
loss=4.3169]
Task 0 Epoch 1/1:  
15%|#4        | 
228/1563 [01:59<12:30, 
 1.78it/s, acc=3.3%, 
loss=4.3169]
Task 0 Epoch 1/1:  
15%|#4        | 
228/1563 [02:00<12:30, 
 1.78it/s, acc=3.2%, 
loss=3.9177]
Task 0 Epoch 1/1:  
15%|#4        | 
229/1563 [02:00<12:46, 
 1.74it/s, acc=3.2%, 
loss=3.9177]
Task 0 Epoch 1/1:  
15%|#4        | 
229/1563 [02:00<12:46, 
 1.74it/s, acc=3.2%, 
loss=4.4308]
Task 0 Epoch 1/1:  
15%|#4        | 
230/1563 [02:00<12:56, 
 1.72it/s, acc=3.2%, 
loss=4.4308]
Task 0 Epoch 1/1:  
15%|#4        | 
230/1563 [02:01<12:56, 
 1.72it/s, acc=3.2%, 
loss=4.8790]
Task 0 Epoch 1/1:  
15%|#4        | 
231/1563 [02:01<12:50, 
 1.73it/s, acc=3.2%, 
loss=4.8790]
Task 0 Epoch 1/1:  
15%|#4        | 
231/1563 [02:02<12:50, 
 1.73it/s, acc=3.2%, 
loss=3.9132]
Task 0 Epoch 1/1:  
15%|#4        | 
232/1563 [02:02<13:01, 
 1.70it/s, acc=3.2%, 
loss=3.9132]
Task 0 Epoch 1/1:  
15%|#4        | 
232/1563 [02:02<13:01, 
 1.70it/s, acc=3.2%, 
loss=4.1227]
Task 0 Epoch 1/1:  
15%|#4        | 
233/1563 [02:02<12:55, 
 1.72it/s, acc=3.2%, 
loss=4.1227]
Task 0 Epoch 1/1:  
15%|#4        | 
233/1563 [02:03<12:55, 
 1.72it/s, acc=3.3%, 
loss=4.2410]
Task 0 Epoch 1/1:  
15%|#4        | 
234/1563 [02:03<12:59, 
 1.70it/s, acc=3.3%, 
loss=4.2410]
Task 0 Epoch 1/1:  
15%|#4        | 
234/1563 [02:03<12:59, 
 1.70it/s, acc=3.2%, 
loss=4.5807]
Task 0 Epoch 1/1:  
15%|#5        | 
235/1563 [02:03<12:49, 
 1.72it/s, acc=3.2%, 
loss=4.5807]
Task 0 Epoch 1/1:  
15%|#5        | 
235/1563 [02:04<12:49, 
 1.72it/s, acc=3.2%, 
loss=4.7483]
Task 0 Epoch 1/1:  
15%|#5        | 
236/1563 [02:04<12:45, 
 1.73it/s, acc=3.2%, 
loss=4.7483]
Task 0 Epoch 1/1:  
15%|#5        | 
236/1563 [02:04<12:45, 
 1.73it/s, acc=3.2%, 
loss=4.7806]
Task 0 Epoch 1/1:  
15%|#5        | 
237/1563 [02:04<12:47, 
 1.73it/s, acc=3.2%, 
loss=4.7806]
Task 0 Epoch 1/1:  
15%|#5        | 
237/1563 [02:05<12:47, 
 1.73it/s, acc=3.2%, 
loss=4.3425]
Task 0 Epoch 1/1:  
15%|#5        | 
238/1563 [02:05<12:55, 
 1.71it/s, acc=3.2%, 
loss=4.3425]
Task 0 Epoch 1/1:  
15%|#5        | 
238/1563 [02:06<12:55, 
 1.71it/s, acc=3.2%, 
loss=4.1225]
Task 0 Epoch 1/1:  
15%|#5        | 
239/1563 [02:06<12:57, 
 1.70it/s, acc=3.2%, 
loss=4.1225]
Task 0 Epoch 1/1:  
15%|#5        | 
239/1563 [02:06<12:57, 
 1.70it/s, acc=3.2%, 
loss=4.2788]
Task 0 Epoch 1/1:  
15%|#5        | 
240/1563 [02:06<12:49, 
 1.72it/s, acc=3.2%, 
loss=4.2788]
Task 0 Epoch 1/1:  
15%|#5        | 
240/1563 [02:07<12:49, 
 1.72it/s, acc=3.2%, 
loss=4.8063]
Task 0 Epoch 1/1:  
15%|#5        | 
241/1563 [02:07<13:04, 
 1.69it/s, acc=3.2%, 
loss=4.8063]
Task 0 Epoch 1/1:  
15%|#5        | 
241/1563 [02:07<13:04, 
 1.69it/s, acc=3.2%, 
loss=3.7156]
Task 0 Epoch 1/1:  
15%|#5        | 
242/1563 [02:07<13:05, 
 1.68it/s, acc=3.2%, 
loss=3.7156]
Task 0 Epoch 1/1:  
15%|#5        | 
242/1563 [02:08<13:05, 
 1.68it/s, acc=3.2%, 
loss=5.3365]
Task 0 Epoch 1/1:  
16%|#5        | 
243/1563 [02:08<12:57, 
 1.70it/s, acc=3.2%, 
loss=5.3365]
Task 0 Epoch 1/1:  
16%|#5        | 
243/1563 [02:09<12:57, 
 1.70it/s, acc=3.3%, 
loss=3.9812]
Task 0 Epoch 1/1:  
16%|#5        | 
244/1563 [02:09<12:59, 
 1.69it/s, acc=3.3%, 
loss=3.9812]
Task 0 Epoch 1/1:  
16%|#5        | 
244/1563 [02:09<12:59, 
 1.69it/s, acc=3.2%, 
loss=4.6255]
Task 0 Epoch 1/1:  
16%|#5        | 
245/1563 [02:09<13:04, 
 1.68it/s, acc=3.2%, 
loss=4.6255]
Task 0 Epoch 1/1:  
16%|#5        | 
245/1563 [02:10<13:04, 
 1.68it/s, acc=3.2%, 
loss=4.1673]
Task 0 Epoch 1/1:  
16%|#5        | 
246/1563 [02:10<13:06, 
 1.68it/s, acc=3.2%, 
loss=4.1673]
Task 0 Epoch 1/1:  
16%|#5        | 
246/1563 [02:10<13:06, 
 1.68it/s, acc=3.2%, 
loss=3.9307]
Task 0 Epoch 1/1:  
16%|#5        | 
247/1563 [02:10<13:08, 
 1.67it/s, acc=3.2%, 
loss=3.9307]
Task 0 Epoch 1/1:  
16%|#5        | 
247/1563 [02:11<13:08, 
 1.67it/s, acc=3.2%, 
loss=4.0009]
Task 0 Epoch 1/1:  
16%|#5        | 
248/1563 [02:11<12:56, 
 1.69it/s, acc=3.2%, 
loss=4.0009]
Task 0 Epoch 1/1:  
16%|#5        | 
248/1563 [02:12<12:56, 
 1.69it/s, acc=3.2%, 
loss=4.1409]
Task 0 Epoch 1/1:  
16%|#5        | 
249/1563 [02:12<12:45, 
 1.72it/s, acc=3.2%, 
loss=4.1409]
Task 0 Epoch 1/1:  
16%|#5        | 
249/1563 [02:12<12:45, 
 1.72it/s, acc=3.2%, 
loss=3.9557]
Task 0 Epoch 1/1:  
16%|#5        | 
250/1563 [02:12<12:45, 
 1.72it/s, acc=3.2%, 
loss=3.9557]
Task 0 Epoch 1/1:  
16%|#5        | 
250/1563 [02:13<12:45, 
 1.72it/s, acc=3.2%, 
loss=4.2929]
Task 0 Epoch 1/1:  
16%|#6        | 
251/1563 [02:13<12:54, 
 1.69it/s, acc=3.2%, 
loss=4.2929]
Task 0 Epoch 1/1:  
16%|#6        | 
251/1563 [02:13<12:54, 
 1.69it/s, acc=3.2%, 
loss=4.3275]
Task 0 Epoch 1/1:  
16%|#6        | 
252/1563 [02:13<12:52, 
 1.70it/s, acc=3.2%, 
loss=4.3275]
Task 0 Epoch 1/1:  
16%|#6        | 
252/1563 [02:14<12:52, 
 1.70it/s, acc=3.3%, 
loss=4.1155]
Task 0 Epoch 1/1:  
16%|#6        | 
253/1563 [02:14<12:58, 
 1.68it/s, acc=3.3%, 
loss=4.1155]
Task 0 Epoch 1/1:  
16%|#6        | 
253/1563 [02:15<12:58, 
 1.68it/s, acc=3.2%, 
loss=3.8861]
Task 0 Epoch 1/1:  
16%|#6        | 
254/1563 [02:15<13:00, 
 1.68it/s, acc=3.2%, 
loss=3.8861]
Task 0 Epoch 1/1:  
16%|#6        | 
254/1563 [02:15<13:00, 
 1.68it/s, acc=3.2%, 
loss=4.2397]
Task 0 Epoch 1/1:  
16%|#6        | 
255/1563 [02:15<12:56, 
 1.68it/s, acc=3.2%, 
loss=4.2397]
Task 0 Epoch 1/1:  
16%|#6        | 
255/1563 [02:16<12:56, 
 1.68it/s, acc=3.2%, 
loss=4.7678]
Task 0 Epoch 1/1:  
16%|#6        | 
256/1563 [02:16<13:02, 
 1.67it/s, acc=3.2%, 
loss=4.7678]
Task 0 Epoch 1/1:  
16%|#6        | 
256/1563 [02:16<13:02, 
 1.67it/s, acc=3.2%, 
loss=4.7591]
Task 0 Epoch 1/1:  
16%|#6        | 
257/1563 [02:16<13:03, 
 1.67it/s, acc=3.2%, 
loss=4.7591]
Task 0 Epoch 1/1:  
16%|#6        | 
257/1563 [02:17<13:03, 
 1.67it/s, acc=3.3%, 
loss=4.0284]
Task 0 Epoch 1/1:  
17%|#6        | 
258/1563 [02:17<13:17, 
 1.64it/s, acc=3.3%, 
loss=4.0284]
Task 0 Epoch 1/1:  
17%|#6        | 
258/1563 [02:18<13:17, 
 1.64it/s, acc=3.3%, 
loss=4.1261]
Task 0 Epoch 1/1:  
17%|#6        | 
259/1563 [02:18<13:22, 
 1.62it/s, acc=3.3%, 
loss=4.1261]
Task 0 Epoch 1/1:  
17%|#6        | 
259/1563 [02:18<13:22, 
 1.62it/s, acc=3.3%, 
loss=4.1895]
Task 0 Epoch 1/1:  
17%|#6        | 
260/1563 [02:18<13:24, 
 1.62it/s, acc=3.3%, 
loss=4.1895]
Task 0 Epoch 1/1:  
17%|#6        | 
260/1563 [02:19<13:24, 
 1.62it/s, acc=3.3%, 
loss=4.6191]
Task 0 Epoch 1/1:  
17%|#6        | 
261/1563 [02:19<13:13, 
 1.64it/s, acc=3.3%, 
loss=4.6191]
Task 0 Epoch 1/1:  
17%|#6        | 
261/1563 [02:19<13:13, 
 1.64it/s, acc=3.3%, 
loss=4.5151]
Task 0 Epoch 1/1:  
17%|#6        | 
262/1563 [02:19<13:06, 
 1.65it/s, acc=3.3%, 
loss=4.5151]
Task 0 Epoch 1/1:  
17%|#6        | 
262/1563 [02:20<13:06, 
 1.65it/s, acc=3.3%, 
loss=4.7383]
Task 0 Epoch 1/1:  
17%|#6        | 
263/1563 [02:20<12:56, 
 1.67it/s, acc=3.3%, 
loss=4.7383]
Task 0 Epoch 1/1:  
17%|#6        | 
263/1563 [02:21<12:56, 
 1.67it/s, acc=3.3%, 
loss=4.5527]
Task 0 Epoch 1/1:  
17%|#6        | 
264/1563 [02:21<12:43, 
 1.70it/s, acc=3.3%, 
loss=4.5527]
Task 0 Epoch 1/1:  
17%|#6        | 
264/1563 [02:21<12:43, 
 1.70it/s, acc=3.3%, 
loss=4.1921]
Task 0 Epoch 1/1:  
17%|#6        | 
265/1563 [02:21<12:34, 
 1.72it/s, acc=3.3%, 
loss=4.1921]
Task 0 Epoch 1/1:  
17%|#6        | 
265/1563 [02:22<12:34, 
 1.72it/s, acc=3.3%, 
loss=5.1509]
Task 0 Epoch 1/1:  
17%|#7        | 
266/1563 [02:22<12:33, 
 1.72it/s, acc=3.3%, 
loss=5.1509]
Task 0 Epoch 1/1:  
17%|#7        | 
266/1563 [02:22<12:33, 
 1.72it/s, acc=3.3%, 
loss=4.7922]
Task 0 Epoch 1/1:  
17%|#7        | 
267/1563 [02:22<12:29, 
 1.73it/s, acc=3.3%, 
loss=4.7922]
Task 0 Epoch 1/1:  
17%|#7        | 
267/1563 [02:23<12:29, 
 1.73it/s, acc=3.2%, 
loss=4.4196]
Task 0 Epoch 1/1:  
17%|#7        | 
268/1563 [02:23<12:28, 
 1.73it/s, acc=3.2%, 
loss=4.4196]
Task 0 Epoch 1/1:  
17%|#7        | 
268/1563 [02:23<12:28, 
 1.73it/s, acc=3.2%, 
loss=4.4699]
Task 0 Epoch 1/1:  
17%|#7        | 
269/1563 [02:23<12:25, 
 1.74it/s, acc=3.2%, 
loss=4.4699]
Task 0 Epoch 1/1:  
17%|#7        | 
269/1563 [02:24<12:25, 
 1.74it/s, acc=3.2%, 
loss=3.8462]
Task 0 Epoch 1/1:  
17%|#7        | 
270/1563 [02:24<12:32, 
 1.72it/s, acc=3.2%, 
loss=3.8462]
Task 0 Epoch 1/1:  
17%|#7        | 
270/1563 [02:25<12:32, 
 1.72it/s, acc=3.2%, 
loss=4.7603]
Task 0 Epoch 1/1:  
17%|#7        | 
271/1563 [02:25<12:37, 
 1.71it/s, acc=3.2%, 
loss=4.7603]
Task 0 Epoch 1/1:  
17%|#7        | 
271/1563 [02:25<12:37, 
 1.71it/s, acc=3.2%, 
loss=4.9178]
Task 0 Epoch 1/1:  
17%|#7        | 
272/1563 [02:25<12:47, 
 1.68it/s, acc=3.2%, 
loss=4.9178]
Task 0 Epoch 1/1:  
17%|#7        | 
272/1563 [02:26<12:47, 
 1.68it/s, acc=3.2%, 
loss=4.4167]
Task 0 Epoch 1/1:  
17%|#7        | 
273/1563 [02:26<12:48, 
 1.68it/s, acc=3.2%, 
loss=4.4167]
Task 0 Epoch 1/1:  
17%|#7        | 
273/1563 [02:26<12:48, 
 1.68it/s, acc=3.2%, 
loss=4.2171]
Task 0 Epoch 1/1:  
18%|#7        | 
274/1563 [02:26<12:50, 
 1.67it/s, acc=3.2%, 
loss=4.2171]
Task 0 Epoch 1/1:  
18%|#7        | 
274/1563 [02:27<12:50, 
 1.67it/s, acc=3.2%, 
loss=4.7284]
Task 0 Epoch 1/1:  
18%|#7        | 
275/1563 [02:27<12:30, 
 1.72it/s, acc=3.2%, 
loss=4.7284]
Task 0 Epoch 1/1:  
18%|#7        | 
275/1563 [02:28<12:30, 
 1.72it/s, acc=3.2%, 
loss=4.0199]
Task 0 Epoch 1/1:  
18%|#7        | 
276/1563 [02:28<12:45, 
 1.68it/s, acc=3.2%, 
loss=4.0199]
Task 0 Epoch 1/1:  
18%|#7        | 
276/1563 [02:28<12:45, 
 1.68it/s, acc=3.2%, 
loss=4.2708]
Task 0 Epoch 1/1:  
18%|#7        | 
277/1563 [02:28<12:47, 
 1.68it/s, acc=3.2%, 
loss=4.2708]
Task 0 Epoch 1/1:  
18%|#7        | 
277/1563 [02:29<12:47, 
 1.68it/s, acc=3.2%, 
loss=4.2796]
Task 0 Epoch 1/1:  
18%|#7        | 
278/1563 [02:29<12:48, 
 1.67it/s, acc=3.2%, 
loss=4.2796]
Task 0 Epoch 1/1:  
18%|#7        | 
278/1563 [02:29<12:48, 
 1.67it/s, acc=3.2%, 
loss=3.8755]
Task 0 Epoch 1/1:  
18%|#7        | 
279/1563 [02:29<12:48, 
 1.67it/s, acc=3.2%, 
loss=3.8755]
Task 0 Epoch 1/1:  
18%|#7        | 
279/1563 [02:30<12:48, 
 1.67it/s, acc=3.2%, 
loss=4.6558]
Task 0 Epoch 1/1:  
18%|#7        | 
280/1563 [02:30<12:46, 
 1.67it/s, acc=3.2%, 
loss=4.6558]
Task 0 Epoch 1/1:  
18%|#7        | 
280/1563 [02:31<12:46, 
 1.67it/s, acc=3.2%, 
loss=4.1365]
Task 0 Epoch 1/1:  
18%|#7        | 
281/1563 [02:31<12:42, 
 1.68it/s, acc=3.2%, 
loss=4.1365]
Task 0 Epoch 1/1:  
18%|#7        | 
281/1563 [02:31<12:42, 
 1.68it/s, acc=3.2%, 
loss=4.0581]
Task 0 Epoch 1/1:  
18%|#8        | 
282/1563 [02:31<12:50, 
 1.66it/s, acc=3.2%, 
loss=4.0581]
Task 0 Epoch 1/1:  
18%|#8        | 
282/1563 [02:32<12:50, 
 1.66it/s, acc=3.2%, 
loss=4.0176]
Task 0 Epoch 1/1:  
18%|#8        | 
283/1563 [02:32<12:46, 
 1.67it/s, acc=3.2%, 
loss=4.0176]
Task 0 Epoch 1/1:  
18%|#8        | 
283/1563 [02:32<12:46, 
 1.67it/s, acc=3.2%, 
loss=4.0442]
Task 0 Epoch 1/1:  
18%|#8        | 
284/1563 [02:32<12:36, 
 1.69it/s, acc=3.2%, 
loss=4.0442]
Task 0 Epoch 1/1:  
18%|#8        | 
284/1563 [02:33<12:36, 
 1.69it/s, acc=3.2%, 
loss=4.5248]
Task 0 Epoch 1/1:  
18%|#8        | 
285/1563 [02:33<12:28, 
 1.71it/s, acc=3.2%, 
loss=4.5248]
Task 0 Epoch 1/1:  
18%|#8        | 
285/1563 [02:34<12:28, 
 1.71it/s, acc=3.2%, 
loss=4.3092]
Task 0 Epoch 1/1:  
18%|#8        | 
286/1563 [02:34<12:25, 
 1.71it/s, acc=3.2%, 
loss=4.3092]
Task 0 Epoch 1/1:  
18%|#8        | 
286/1563 [02:34<12:25, 
 1.71it/s, acc=3.2%, 
loss=4.3898]
Task 0 Epoch 1/1:  
18%|#8        | 
287/1563 [02:34<12:33, 
 1.69it/s, acc=3.2%, 
loss=4.3898]
Task 0 Epoch 1/1:  
18%|#8        | 
287/1563 [02:35<12:33, 
 1.69it/s, acc=3.2%, 
loss=3.9378]
Task 0 Epoch 1/1:  
18%|#8        | 
288/1563 [02:35<12:36, 
 1.69it/s, acc=3.2%, 
loss=3.9378]
Task 0 Epoch 1/1:  
18%|#8        | 
288/1563 [02:35<12:36, 
 1.69it/s, acc=3.2%, 
loss=4.2827]
Task 0 Epoch 1/1:  
18%|#8        | 
289/1563 [02:35<12:30, 
 1.70it/s, acc=3.2%, 
loss=4.2827]
Task 0 Epoch 1/1:  
18%|#8        | 
289/1563 [02:36<12:30, 
 1.70it/s, acc=3.2%, 
loss=4.4700]
Task 0 Epoch 1/1:  
19%|#8        | 
290/1563 [02:36<12:28, 
 1.70it/s, acc=3.2%, 
loss=4.4700]
Task 0 Epoch 1/1:  
19%|#8        | 
290/1563 [02:37<12:28, 
 1.70it/s, acc=3.2%, 
loss=4.1409]
Task 0 Epoch 1/1:  
19%|#8        | 
291/1563 [02:37<12:44, 
 1.66it/s, acc=3.2%, 
loss=4.1409]
Task 0 Epoch 1/1:  
19%|#8        | 
291/1563 [02:37<12:44, 
 1.66it/s, acc=3.3%, 
loss=3.5637]
Task 0 Epoch 1/1:  
19%|#8        | 
292/1563 [02:37<12:46, 
 1.66it/s, acc=3.3%, 
loss=3.5637]
Task 0 Epoch 1/1:  
19%|#8        | 
292/1563 [02:38<12:46, 
 1.66it/s, acc=3.3%, 
loss=4.5669]
Task 0 Epoch 1/1:  
19%|#8        | 
293/1563 [02:38<12:49, 
 1.65it/s, acc=3.3%, 
loss=4.5669]
Task 0 Epoch 1/1:  
19%|#8        | 
293/1563 [02:38<12:49, 
 1.65it/s, acc=3.3%, 
loss=4.4247]
Task 0 Epoch 1/1:  
19%|#8        | 
294/1563 [02:38<12:50, 
 1.65it/s, acc=3.3%, 
loss=4.4247]
Task 0 Epoch 1/1:  
19%|#8        | 
294/1563 [02:39<12:50, 
 1.65it/s, acc=3.2%, 
loss=4.6681]
Task 0 Epoch 1/1:  
19%|#8        | 
295/1563 [02:39<12:58, 
 1.63it/s, acc=3.2%, 
loss=4.6681]
Task 0 Epoch 1/1:  
19%|#8        | 
295/1563 [02:40<12:58, 
 1.63it/s, acc=3.2%, 
loss=4.0653]
Task 0 Epoch 1/1:  
19%|#8        | 
296/1563 [02:40<12:44, 
 1.66it/s, acc=3.2%, 
loss=4.0653]
Task 0 Epoch 1/1:  
19%|#8        | 
296/1563 [02:40<12:44, 
 1.66it/s, acc=3.2%, 
loss=4.0255]
Task 0 Epoch 1/1:  
19%|#9        | 
297/1563 [02:40<12:49, 
 1.65it/s, acc=3.2%, 
loss=4.0255]
Task 0 Epoch 1/1:  
19%|#9        | 
297/1563 [02:41<12:49, 
 1.65it/s, acc=3.2%, 
loss=4.0225]
Task 0 Epoch 1/1:  
19%|#9        | 
298/1563 [02:41<12:54, 
 1.63it/s, acc=3.2%, 
loss=4.0225]
Task 0 Epoch 1/1:  
19%|#9        | 
298/1563 [02:41<12:54, 
 1.63it/s, acc=3.2%, 
loss=4.4219]
Task 0 Epoch 1/1:  
19%|#9        | 
299/1563 [02:41<12:48, 
 1.65it/s, acc=3.2%, 
loss=4.4219]
Task 0 Epoch 1/1:  
19%|#9        | 
299/1563 [02:42<12:48, 
 1.65it/s, acc=3.2%, 
loss=4.1317]
Task 0 Epoch 1/1:  
19%|#9        | 
300/1563 [02:42<12:47, 
 1.65it/s, acc=3.2%, 
loss=4.1317]
Task 0 Epoch 1/1:  
19%|#9        | 
300/1563 [02:43<12:47, 
 1.65it/s, acc=3.2%, 
loss=4.1995]
Task 0 Epoch 1/1:  
19%|#9        | 
301/1563 [02:43<12:44, 
 1.65it/s, acc=3.2%, 
loss=4.1995]
Task 0 Epoch 1/1:  
19%|#9        | 
301/1563 [02:43<12:44, 
 1.65it/s, acc=3.2%, 
loss=3.8251]
Task 0 Epoch 1/1:  
19%|#9        | 
302/1563 [02:43<12:40, 
 1.66it/s, acc=3.2%, 
loss=3.8251]
Task 0 Epoch 1/1:  
19%|#9        | 
302/1563 [02:44<12:40, 
 1.66it/s, acc=3.2%, 
loss=4.0237]
Task 0 Epoch 1/1:  
19%|#9        | 
303/1563 [02:44<12:26, 
 1.69it/s, acc=3.2%, 
loss=4.0237]
Task 0 Epoch 1/1:  
19%|#9        | 
303/1563 [02:44<12:26, 
 1.69it/s, acc=3.2%, 
loss=4.3269]
Task 0 Epoch 1/1:  
19%|#9        | 
304/1563 [02:44<12:31, 
 1.68it/s, acc=3.2%, 
loss=4.3269]
Task 0 Epoch 1/1:  
19%|#9        | 
304/1563 [02:45<12:31, 
 1.68it/s, acc=3.2%, 
loss=3.9744]
Task 0 Epoch 1/1:  
20%|#9        | 
305/1563 [02:45<12:32, 
 1.67it/s, acc=3.2%, 
loss=3.9744]
Task 0 Epoch 1/1:  
20%|#9        | 
305/1563 [02:46<12:32, 
 1.67it/s, acc=3.2%, 
loss=3.8652]
Task 0 Epoch 1/1:  
20%|#9        | 
306/1563 [02:46<12:32, 
 1.67it/s, acc=3.2%, 
loss=3.8652]
Task 0 Epoch 1/1:  
20%|#9        | 
306/1563 [02:46<12:32, 
 1.67it/s, acc=3.2%, 
loss=3.9578]
Task 0 Epoch 1/1:  
20%|#9        | 
307/1563 [02:46<12:36, 
 1.66it/s, acc=3.2%, 
loss=3.9578]
Task 0 Epoch 1/1:  
20%|#9        | 
307/1563 [02:47<12:36, 
 1.66it/s, acc=3.1%, 
loss=4.6286]
Task 0 Epoch 1/1:  
20%|#9        | 
308/1563 [02:47<12:42, 
 1.65it/s, acc=3.1%, 
loss=4.6286]
Task 0 Epoch 1/1:  
20%|#9        | 
308/1563 [02:47<12:42, 
 1.65it/s, acc=3.1%, 
loss=4.8588]
Task 0 Epoch 1/1:  
20%|#9        | 
309/1563 [02:47<12:32, 
 1.67it/s, acc=3.1%, 
loss=4.8588]
Task 0 Epoch 1/1:  
20%|#9        | 
309/1563 [02:48<12:32, 
 1.67it/s, acc=3.2%, 
loss=3.6589]
Task 0 Epoch 1/1:  
20%|#9        | 
310/1563 [02:48<12:33, 
 1.66it/s, acc=3.2%, 
loss=3.6589]
Task 0 Epoch 1/1:  
20%|#9        | 
310/1563 [02:49<12:33, 
 1.66it/s, acc=3.2%, 
loss=4.6986]
Task 0 Epoch 1/1:  
20%|#9        | 
311/1563 [02:49<12:38, 
 1.65it/s, acc=3.2%, 
loss=4.6986]
Task 0 Epoch 1/1:  
20%|#9        | 
311/1563 [02:49<12:38, 
 1.65it/s, acc=3.2%, 
loss=4.3044]
Task 0 Epoch 1/1:  
20%|#9        | 
312/1563 [02:49<12:30, 
 1.67it/s, acc=3.2%, 
loss=4.3044]
Task 0 Epoch 1/1:  
20%|#9        | 
312/1563 [02:50<12:30, 
 1.67it/s, acc=3.2%, 
loss=4.3530]
Task 0 Epoch 1/1:  
20%|##        | 
313/1563 [02:50<12:25, 
 1.68it/s, acc=3.2%, 
loss=4.3530]
Task 0 Epoch 1/1:  
20%|##        | 
313/1563 [02:50<12:25, 
 1.68it/s, acc=3.1%, 
loss=4.0331]
Task 0 Epoch 1/1:  
20%|##        | 
314/1563 [02:50<12:28, 
 1.67it/s, acc=3.1%, 
loss=4.0331]
Task 0 Epoch 1/1:  
20%|##        | 
314/1563 [02:51<12:28, 
 1.67it/s, acc=3.1%, 
loss=3.7541]
Task 0 Epoch 1/1:  
20%|##        | 
315/1563 [02:51<12:33, 
 1.66it/s, acc=3.1%, 
loss=3.7541]
Task 0 Epoch 1/1:  
20%|##        | 
315/1563 [02:52<12:33, 
 1.66it/s, acc=3.1%, 
loss=4.6186]
Task 0 Epoch 1/1:  
20%|##        | 
316/1563 [02:52<12:33, 
 1.65it/s, acc=3.1%, 
loss=4.6186]
Task 0 Epoch 1/1:  
20%|##        | 
316/1563 [02:52<12:33, 
 1.65it/s, acc=3.1%, 
loss=4.6266]
Task 0 Epoch 1/1:  
20%|##        | 
317/1563 [02:52<12:40, 
 1.64it/s, acc=3.1%, 
loss=4.6266]
Task 0 Epoch 1/1:  
20%|##        | 
317/1563 [02:53<12:40, 
 1.64it/s, acc=3.1%, 
loss=3.8571]
Task 0 Epoch 1/1:  
20%|##        | 
318/1563 [02:53<12:42, 
 1.63it/s, acc=3.1%, 
loss=3.8571]
Task 0 Epoch 1/1:  
20%|##        | 
318/1563 [02:53<12:42, 
 1.63it/s, acc=3.1%, 
loss=4.4738]
Task 0 Epoch 1/1:  
20%|##        | 
319/1563 [02:53<12:17, 
 1.69it/s, acc=3.1%, 
loss=4.4738]
Task 0 Epoch 1/1:  
20%|##        | 
319/1563 [02:54<12:17, 
 1.69it/s, acc=3.1%, 
loss=4.3197]
Task 0 Epoch 1/1:  
20%|##        | 
320/1563 [02:54<12:18, 
 1.68it/s, acc=3.1%, 
loss=4.3197]
Task 0 Epoch 1/1:  
20%|##        | 
320/1563 [02:55<12:18, 
 1.68it/s, acc=3.1%, 
loss=4.1767]
Task 0 Epoch 1/1:  
21%|##        | 
321/1563 [02:55<12:19, 
 1.68it/s, acc=3.1%, 
loss=4.1767]
Task 0 Epoch 1/1:  
21%|##        | 
321/1563 [02:55<12:19, 
 1.68it/s, acc=3.1%, 
loss=4.7042]
Task 0 Epoch 1/1:  
21%|##        | 
322/1563 [02:55<12:19, 
 1.68it/s, acc=3.1%, 
loss=4.7042]
Task 0 Epoch 1/1:  
21%|##        | 
322/1563 [02:56<12:19, 
 1.68it/s, acc=3.1%, 
loss=3.9498]
Task 0 Epoch 1/1:  
21%|##        | 
323/1563 [02:56<12:18, 
 1.68it/s, acc=3.1%, 
loss=3.9498]
Task 0 Epoch 1/1:  
21%|##        | 
323/1563 [02:56<12:18, 
 1.68it/s, acc=3.1%, 
loss=4.7225]
Task 0 Epoch 1/1:  
21%|##        | 
324/1563 [02:56<12:18, 
 1.68it/s, acc=3.1%, 
loss=4.7225]
Task 0 Epoch 1/1:  
21%|##        | 
324/1563 [02:57<12:18, 
 1.68it/s, acc=3.1%, 
loss=4.1473]
Task 0 Epoch 1/1:  
21%|##        | 
325/1563 [02:57<12:22, 
 1.67it/s, acc=3.1%, 
loss=4.1473]
Task 0 Epoch 1/1:  
21%|##        | 
325/1563 [02:58<12:22, 
 1.67it/s, acc=3.1%, 
loss=5.0996]
Task 0 Epoch 1/1:  
21%|##        | 
326/1563 [02:58<12:26, 
 1.66it/s, acc=3.1%, 
loss=5.0996]
Task 0 Epoch 1/1:  
21%|##        | 
326/1563 [02:58<12:26, 
 1.66it/s, acc=3.1%, 
loss=3.8496]
Task 0 Epoch 1/1:  
21%|##        | 
327/1563 [02:58<12:49, 
 1.61it/s, acc=3.1%, 
loss=3.8496]
Task 0 Epoch 1/1:  
21%|##        | 
327/1563 [02:59<12:49, 
 1.61it/s, acc=3.1%, 
loss=4.2843]
Task 0 Epoch 1/1:  
21%|##        | 
328/1563 [02:59<12:46, 
 1.61it/s, acc=3.1%, 
loss=4.2843]
Task 0 Epoch 1/1:  
21%|##        | 
328/1563 [03:00<12:46, 
 1.61it/s, acc=3.1%, 
loss=4.6080]
Task 0 Epoch 1/1:  
21%|##1       | 
329/1563 [03:00<12:30, 
 1.64it/s, acc=3.1%, 
loss=4.6080]
Task 0 Epoch 1/1:  
21%|##1       | 
329/1563 [03:00<12:30, 
 1.64it/s, acc=3.1%, 
loss=4.2918]
Task 0 Epoch 1/1:  
21%|##1       | 
330/1563 [03:00<12:30, 
 1.64it/s, acc=3.1%, 
loss=4.2918]
Task 0 Epoch 1/1:  
21%|##1       | 
330/1563 [03:01<12:30, 
 1.64it/s, acc=3.1%, 
loss=4.0355]
Task 0 Epoch 1/1:  
21%|##1       | 
331/1563 [03:01<12:23, 
 1.66it/s, acc=3.1%, 
loss=4.0355]
Task 0 Epoch 1/1:  
21%|##1       | 
331/1563 [03:01<12:23, 
 1.66it/s, acc=3.1%, 
loss=4.7341]
Task 0 Epoch 1/1:  
21%|##1       | 
332/1563 [03:01<12:19, 
 1.66it/s, acc=3.1%, 
loss=4.7341]
Task 0 Epoch 1/1:  
21%|##1       | 
332/1563 [03:02<12:19, 
 1.66it/s, acc=3.1%, 
loss=4.0526]
Task 0 Epoch 1/1:  
21%|##1       | 
333/1563 [03:02<12:32, 
 1.64it/s, acc=3.1%, 
loss=4.0526]
Task 0 Epoch 1/1:  
21%|##1       | 
333/1563 [03:03<12:32, 
 1.64it/s, acc=3.1%, 
loss=4.0539]
Task 0 Epoch 1/1:  
21%|##1       | 
334/1563 [03:03<12:31, 
 1.64it/s, acc=3.1%, 
loss=4.0539]
Task 0 Epoch 1/1:  
21%|##1       | 
334/1563 [03:03<12:31, 
 1.64it/s, acc=3.1%, 
loss=4.1992]
Task 0 Epoch 1/1:  
21%|##1       | 
335/1563 [03:03<12:22, 
 1.65it/s, acc=3.1%, 
loss=4.1992]
Task 0 Epoch 1/1:  
21%|##1       | 
335/1563 [03:04<12:22, 
 1.65it/s, acc=3.1%, 
loss=4.2780]
Task 0 Epoch 1/1:  
21%|##1       | 
336/1563 [03:04<12:21, 
 1.65it/s, acc=3.1%, 
loss=4.2780]
Task 0 Epoch 1/1:  
21%|##1       | 
336/1563 [03:04<12:21, 
 1.65it/s, acc=3.1%, 
loss=4.0979]
Task 0 Epoch 1/1:  
22%|##1       | 
337/1563 [03:04<12:17, 
 1.66it/s, acc=3.1%, 
loss=4.0979]
Task 0 Epoch 1/1:  
22%|##1       | 
337/1563 [03:05<12:17, 
 1.66it/s, acc=3.1%, 
loss=4.4221]
Task 0 Epoch 1/1:  
22%|##1       | 
338/1563 [03:05<12:19, 
 1.66it/s, acc=3.1%, 
loss=4.4221]
Task 0 Epoch 1/1:  
22%|##1       | 
338/1563 [03:06<12:19, 
 1.66it/s, acc=3.2%, 
loss=3.7461]
Task 0 Epoch 1/1:  
22%|##1       | 
339/1563 [03:06<12:36, 
 1.62it/s, acc=3.2%, 
loss=3.7461]
Task 0 Epoch 1/1:  
22%|##1       | 
339/1563 [03:06<12:36, 
 1.62it/s, acc=3.1%, 
loss=4.0219]
Task 0 Epoch 1/1:  
22%|##1       | 
340/1563 [03:06<12:45, 
 1.60it/s, acc=3.1%, 
loss=4.0219]
Task 0 Epoch 1/1:  
22%|##1       | 
340/1563 [03:07<12:45, 
 1.60it/s, acc=3.2%, 
loss=4.3947]
Task 0 Epoch 1/1:  
22%|##1       | 
341/1563 [03:07<12:36, 
 1.62it/s, acc=3.2%, 
loss=4.3947]
Task 0 Epoch 1/1:  
22%|##1       | 
341/1563 [03:07<12:36, 
 1.62it/s, acc=3.2%, 
loss=4.5722]
Task 0 Epoch 1/1:  
22%|##1       | 
342/1563 [03:07<12:28, 
 1.63it/s, acc=3.2%, 
loss=4.5722]
Task 0 Epoch 1/1:  
22%|##1       | 
342/1563 [03:08<12:28, 
 1.63it/s, acc=3.2%, 
loss=4.9047]
Task 0 Epoch 1/1:  
22%|##1       | 
343/1563 [03:08<12:30, 
 1.63it/s, acc=3.2%, 
loss=4.9047]
Task 0 Epoch 1/1:  
22%|##1       | 
343/1563 [03:09<12:30, 
 1.63it/s, acc=3.1%, 
loss=4.8367]
Task 0 Epoch 1/1:  
22%|##2       | 
344/1563 [03:09<12:25, 
 1.63it/s, acc=3.1%, 
loss=4.8367]
Task 0 Epoch 1/1:  
22%|##2       | 
344/1563 [03:09<12:25, 
 1.63it/s, acc=3.1%, 
loss=4.3399]
Task 0 Epoch 1/1:  
22%|##2       | 
345/1563 [03:09<12:34, 
 1.61it/s, acc=3.1%, 
loss=4.3399]
Task 0 Epoch 1/1:  
22%|##2       | 
345/1563 [03:10<12:34, 
 1.61it/s, acc=3.1%, 
loss=4.6012]
Task 0 Epoch 1/1:  
22%|##2       | 
346/1563 [03:10<12:32, 
 1.62it/s, acc=3.1%, 
loss=4.6012]
Task 0 Epoch 1/1:  
22%|##2       | 
346/1563 [03:11<12:32, 
 1.62it/s, acc=3.2%, 
loss=4.0512]
Task 0 Epoch 1/1:  
22%|##2       | 
347/1563 [03:11<12:25, 
 1.63it/s, acc=3.2%, 
loss=4.0512]
Task 0 Epoch 1/1:  
22%|##2       | 
347/1563 [03:11<12:25, 
 1.63it/s, acc=3.2%, 
loss=4.0691]
Task 0 Epoch 1/1:  
22%|##2       | 
348/1563 [03:11<12:23, 
 1.64it/s, acc=3.2%, 
loss=4.0691]
Task 0 Epoch 1/1:  
22%|##2       | 
348/1563 [03:12<12:23, 
 1.64it/s, acc=3.2%, 
loss=4.0417]
Task 0 Epoch 1/1:  
22%|##2       | 
349/1563 [03:12<12:17, 
 1.65it/s, acc=3.2%, 
loss=4.0417]
Task 0 Epoch 1/1:  
22%|##2       | 
349/1563 [03:12<12:17, 
 1.65it/s, acc=3.1%, 
loss=4.0428]
Task 0 Epoch 1/1:  
22%|##2       | 
350/1563 [03:12<12:21, 
 1.64it/s, acc=3.1%, 
loss=4.0428]
Task 0 Epoch 1/1:  
22%|##2       | 
350/1563 [03:13<12:21, 
 1.64it/s, acc=3.1%, 
loss=3.9908]
Task 0 Epoch 1/1:  
22%|##2       | 
351/1563 [03:13<12:24, 
 1.63it/s, acc=3.1%, 
loss=3.9908]
Task 0 Epoch 1/1:  
22%|##2       | 
351/1563 [03:14<12:24, 
 1.63it/s, acc=3.1%, 
loss=4.1384]
Task 0 Epoch 1/1:  
23%|##2       | 
352/1563 [03:14<12:25, 
 1.63it/s, acc=3.1%, 
loss=4.1384]
Task 0 Epoch 1/1:  
23%|##2       | 
352/1563 [03:14<12:25, 
 1.63it/s, acc=3.1%, 
loss=4.0460]
Task 0 Epoch 1/1:  
23%|##2       | 
353/1563 [03:14<12:30, 
 1.61it/s, acc=3.1%, 
loss=4.0460]
Task 0 Epoch 1/1:  
23%|##2       | 
353/1563 [03:15<12:30, 
 1.61it/s, acc=3.1%, 
loss=4.2628]
Task 0 Epoch 1/1:  
23%|##2       | 
354/1563 [03:15<12:22, 
 1.63it/s, acc=3.1%, 
loss=4.2628]
Task 0 Epoch 1/1:  
23%|##2       | 
354/1563 [03:15<12:22, 
 1.63it/s, acc=3.1%, 
loss=4.6906]
Task 0 Epoch 1/1:  
23%|##2       | 
355/1563 [03:15<12:17, 
 1.64it/s, acc=3.1%, 
loss=4.6906]
Task 0 Epoch 1/1:  
23%|##2       | 
355/1563 [03:16<12:17, 
 1.64it/s, acc=3.1%, 
loss=4.1832]
Task 0 Epoch 1/1:  
23%|##2       | 
356/1563 [03:16<12:09, 
 1.66it/s, acc=3.1%, 
loss=4.1832]
Task 0 Epoch 1/1:  
23%|##2       | 
356/1563 [03:17<12:09, 
 1.66it/s, acc=3.1%, 
loss=4.0539]
Task 0 Epoch 1/1:  
23%|##2       | 
357/1563 [03:17<12:00, 
 1.67it/s, acc=3.1%, 
loss=4.0539]
Task 0 Epoch 1/1:  
23%|##2       | 
357/1563 [03:17<12:00, 
 1.67it/s, acc=3.1%, 
loss=4.2453]
Task 0 Epoch 1/1:  
23%|##2       | 
358/1563 [03:17<12:08, 
 1.65it/s, acc=3.1%, 
loss=4.2453]
Task 0 Epoch 1/1:  
23%|##2       | 
358/1563 [03:18<12:08, 
 1.65it/s, acc=3.1%, 
loss=3.8275]
Task 0 Epoch 1/1:  
23%|##2       | 
359/1563 [03:18<12:17, 
 1.63it/s, acc=3.1%, 
loss=3.8275]
Task 0 Epoch 1/1:  
23%|##2       | 
359/1563 [03:18<12:17, 
 1.63it/s, acc=3.1%, 
loss=4.2225]
Task 0 Epoch 1/1:  
23%|##3       | 
360/1563 [03:18<12:28, 
 1.61it/s, acc=3.1%, 
loss=4.2225]
Task 0 Epoch 1/1:  
23%|##3       | 
360/1563 [03:19<12:28, 
 1.61it/s, acc=3.1%, 
loss=4.1846]
Task 0 Epoch 1/1:  
23%|##3       | 
361/1563 [03:19<12:24, 
 1.61it/s, acc=3.1%, 
loss=4.1846]
Task 0 Epoch 1/1:  
23%|##3       | 
361/1563 [03:20<12:24, 
 1.61it/s, acc=3.1%, 
loss=4.0490]
Task 0 Epoch 1/1:  
23%|##3       | 
362/1563 [03:20<12:16, 
 1.63it/s, acc=3.1%, 
loss=4.0490]
Task 0 Epoch 1/1:  
23%|##3       | 
362/1563 [03:20<12:16, 
 1.63it/s, acc=3.2%, 
loss=3.9776]
Task 0 Epoch 1/1:  
23%|##3       | 
363/1563 [03:20<12:10, 
 1.64it/s, acc=3.2%, 
loss=3.9776]
Task 0 Epoch 1/1:  
23%|##3       | 
363/1563 [03:21<12:10, 
 1.64it/s, acc=3.2%, 
loss=4.1391]
Task 0 Epoch 1/1:  
23%|##3       | 
364/1563 [03:21<12:19, 
 1.62it/s, acc=3.2%, 
loss=4.1391]
Task 0 Epoch 1/1:  
23%|##3       | 
364/1563 [03:22<12:19, 
 1.62it/s, acc=3.2%, 
loss=4.5184]
Task 0 Epoch 1/1:  
23%|##3       | 
365/1563 [03:22<12:36, 
 1.58it/s, acc=3.2%, 
loss=4.5184]
Task 0 Epoch 1/1:  
23%|##3       | 
365/1563 [03:22<12:36, 
 1.58it/s, acc=3.2%, 
loss=4.3201]
Task 0 Epoch 1/1:  
23%|##3       | 
366/1563 [03:22<12:17, 
 1.62it/s, acc=3.2%, 
loss=4.3201]
Task 0 Epoch 1/1:  
23%|##3       | 
366/1563 [03:23<12:17, 
 1.62it/s, acc=3.2%, 
loss=4.2184]
Task 0 Epoch 1/1:  
23%|##3       | 
367/1563 [03:23<12:26, 
 1.60it/s, acc=3.2%, 
loss=4.2184]
Task 0 Epoch 1/1:  
23%|##3       | 
367/1563 [03:23<12:26, 
 1.60it/s, acc=3.2%, 
loss=3.8336]
Task 0 Epoch 1/1:  
24%|##3       | 
368/1563 [03:23<12:19, 
 1.62it/s, acc=3.2%, 
loss=3.8336]
Task 0 Epoch 1/1:  
24%|##3       | 
368/1563 [03:24<12:19, 
 1.62it/s, acc=3.2%, 
loss=4.1178]
Task 0 Epoch 1/1:  
24%|##3       | 
369/1563 [03:24<12:21, 
 1.61it/s, acc=3.2%, 
loss=4.1178]
Task 0 Epoch 1/1:  
24%|##3       | 
369/1563 [03:25<12:21, 
 1.61it/s, acc=3.2%, 
loss=4.0360]
Task 0 Epoch 1/1:  
24%|##3       | 
370/1563 [03:25<12:14, 
 1.63it/s, acc=3.2%, 
loss=4.0360]
Task 0 Epoch 1/1:  
24%|##3       | 
370/1563 [03:25<12:14, 
 1.63it/s, acc=3.2%, 
loss=4.1106]
Task 0 Epoch 1/1:  
24%|##3       | 
371/1563 [03:25<12:05, 
 1.64it/s, acc=3.2%, 
loss=4.1106]
Task 0 Epoch 1/1:  
24%|##3       | 
371/1563 [03:26<12:05, 
 1.64it/s, acc=3.2%, 
loss=3.9710]
Task 0 Epoch 1/1:  
24%|##3       | 
372/1563 [03:26<12:06, 
 1.64it/s, acc=3.2%, 
loss=3.9710]
Task 0 Epoch 1/1:  
24%|##3       | 
372/1563 [03:26<12:06, 
 1.64it/s, acc=3.2%, 
loss=3.9516]
Task 0 Epoch 1/1:  
24%|##3       | 
373/1563 [03:26<12:11, 
 1.63it/s, acc=3.2%, 
loss=3.9516]
Task 0 Epoch 1/1:  
24%|##3       | 
373/1563 [03:27<12:11, 
 1.63it/s, acc=3.2%, 
loss=4.9618]
Task 0 Epoch 1/1:  
24%|##3       | 
374/1563 [03:27<12:15, 
 1.62it/s, acc=3.2%, 
loss=4.9618]
Task 0 Epoch 1/1:  
24%|##3       | 
374/1563 [03:28<12:15, 
 1.62it/s, acc=3.2%, 
loss=3.9042]
Task 0 Epoch 1/1:  
24%|##3       | 
375/1563 [03:28<12:28, 
 1.59it/s, acc=3.2%, 
loss=3.9042]
Task 0 Epoch 1/1:  
24%|##3       | 
375/1563 [03:28<12:28, 
 1.59it/s, acc=3.2%, 
loss=4.0778]
Task 0 Epoch 1/1:  
24%|##4       | 
376/1563 [03:28<12:15, 
 1.61it/s, acc=3.2%, 
loss=4.0778]
Task 0 Epoch 1/1:  
24%|##4       | 
376/1563 [03:29<12:15, 
 1.61it/s, acc=3.2%, 
loss=4.4437]
Task 0 Epoch 1/1:  
24%|##4       | 
377/1563 [03:29<12:05, 
 1.63it/s, acc=3.2%, 
loss=4.4437]
Task 0 Epoch 1/1:  
24%|##4       | 
377/1563 [03:30<12:05, 
 1.63it/s, acc=3.2%, 
loss=4.0103]
Task 0 Epoch 1/1:  
24%|##4       | 
378/1563 [03:30<11:58, 
 1.65it/s, acc=3.2%, 
loss=4.0103]
Task 0 Epoch 1/1:  
24%|##4       | 
378/1563 [03:30<11:58, 
 1.65it/s, acc=3.2%, 
loss=4.1490]
Task 0 Epoch 1/1:  
24%|##4       | 
379/1563 [03:30<11:52, 
 1.66it/s, acc=3.2%, 
loss=4.1490]
Task 0 Epoch 1/1:  
24%|##4       | 
379/1563 [03:31<11:52, 
 1.66it/s, acc=3.2%, 
loss=4.2420]
Task 0 Epoch 1/1:  
24%|##4       | 
380/1563 [03:31<11:48, 
 1.67it/s, acc=3.2%, 
loss=4.2420]
Task 0 Epoch 1/1:  
24%|##4       | 
380/1563 [03:31<11:48, 
 1.67it/s, acc=3.2%, 
loss=3.3580]
Task 0 Epoch 1/1:  
24%|##4       | 
381/1563 [03:31<11:49, 
 1.67it/s, acc=3.2%, 
loss=3.3580]
Task 0 Epoch 1/1:  
24%|##4       | 
381/1563 [03:32<11:49, 
 1.67it/s, acc=3.3%, 
loss=3.9747]
Task 0 Epoch 1/1:  
24%|##4       | 
382/1563 [03:32<11:48, 
 1.67it/s, acc=3.3%, 
loss=3.9747]
Task 0 Epoch 1/1:  
24%|##4       | 
382/1563 [03:33<11:48, 
 1.67it/s, acc=3.3%, 
loss=3.9773]
Task 0 Epoch 1/1:  
25%|##4       | 
383/1563 [03:33<11:48, 
 1.67it/s, acc=3.3%, 
loss=3.9773]
Task 0 Epoch 1/1:  
25%|##4       | 
383/1563 [03:33<11:48, 
 1.67it/s, acc=3.3%, 
loss=4.3984]
Task 0 Epoch 1/1:  
25%|##4       | 
384/1563 [03:33<11:59, 
 1.64it/s, acc=3.3%, 
loss=4.3984]
Task 0 Epoch 1/1:  
25%|##4       | 
384/1563 [03:34<11:59, 
 1.64it/s, acc=3.3%, 
loss=3.9960]
Task 0 Epoch 1/1:  
25%|##4       | 
385/1563 [03:34<11:55, 
 1.65it/s, acc=3.3%, 
loss=3.9960]
Task 0 Epoch 1/1:  
25%|##4       | 
385/1563 [03:34<11:55, 
 1.65it/s, acc=3.3%, 
loss=4.5382]
Task 0 Epoch 1/1:  
25%|##4       | 
386/1563 [03:34<11:49, 
 1.66it/s, acc=3.3%, 
loss=4.5382]
Task 0 Epoch 1/1:  
25%|##4       | 
386/1563 [03:35<11:49, 
 1.66it/s, acc=3.2%, 
loss=4.3826]
Task 0 Epoch 1/1:  
25%|##4       | 
387/1563 [03:35<11:46, 
 1.66it/s, acc=3.2%, 
loss=4.3826]
Task 0 Epoch 1/1:  
25%|##4       | 
387/1563 [03:36<11:46, 
 1.66it/s, acc=3.3%, 
loss=5.0044]
Task 0 Epoch 1/1:  
25%|##4       | 
388/1563 [03:36<11:48, 
 1.66it/s, acc=3.3%, 
loss=5.0044]
Task 0 Epoch 1/1:  
25%|##4       | 
388/1563 [03:36<11:48, 
 1.66it/s, acc=3.2%, 
loss=4.1990]
Task 0 Epoch 1/1:  
25%|##4       | 
389/1563 [03:36<11:47, 
 1.66it/s, acc=3.2%, 
loss=4.1990]
Task 0 Epoch 1/1:  
25%|##4       | 
389/1563 [03:37<11:47, 
 1.66it/s, acc=3.2%, 
loss=4.9623]
Task 0 Epoch 1/1:  
25%|##4       | 
390/1563 [03:37<11:51, 
 1.65it/s, acc=3.2%, 
loss=4.9623]
Task 0 Epoch 1/1:  
25%|##4       | 
390/1563 [03:37<11:51, 
 1.65it/s, acc=3.2%, 
loss=4.2468]
Task 0 Epoch 1/1:  
25%|##5       | 
391/1563 [03:37<12:05, 
 1.62it/s, acc=3.2%, 
loss=4.2468]
Task 0 Epoch 1/1:  
25%|##5       | 
391/1563 [03:38<12:05, 
 1.62it/s, acc=3.2%, 
loss=4.2562]
Task 0 Epoch 1/1:  
25%|##5       | 
392/1563 [03:38<11:55, 
 1.64it/s, acc=3.2%, 
loss=4.2562]
Task 0 Epoch 1/1:  
25%|##5       | 
392/1563 [03:39<11:55, 
 1.64it/s, acc=3.2%, 
loss=4.3976]
Task 0 Epoch 1/1:  
25%|##5       | 
393/1563 [03:39<11:47, 
 1.65it/s, acc=3.2%, 
loss=4.3976]
Task 0 Epoch 1/1:  
25%|##5       | 
393/1563 [03:39<11:47, 
 1.65it/s, acc=3.2%, 
loss=3.9867]
Task 0 Epoch 1/1:  
25%|##5       | 
394/1563 [03:39<11:53, 
 1.64it/s, acc=3.2%, 
loss=3.9867]
Task 0 Epoch 1/1:  
25%|##5       | 
394/1563 [03:40<11:53, 
 1.64it/s, acc=3.2%, 
loss=4.0629]
Task 0 Epoch 1/1:  
25%|##5       | 
395/1563 [03:40<11:52, 
 1.64it/s, acc=3.2%, 
loss=4.0629]
Task 0 Epoch 1/1:  
25%|##5       | 
395/1563 [03:40<11:52, 
 1.64it/s, acc=3.2%, 
loss=4.0902]
Task 0 Epoch 1/1:  
25%|##5       | 
396/1563 [03:40<11:46, 
 1.65it/s, acc=3.2%, 
loss=4.0902]
Task 0 Epoch 1/1:  
25%|##5       | 
396/1563 [03:41<11:46, 
 1.65it/s, acc=3.2%, 
loss=4.3307]
Task 0 Epoch 1/1:  
25%|##5       | 
397/1563 [03:41<11:46, 
 1.65it/s, acc=3.2%, 
loss=4.3307]
Task 0 Epoch 1/1:  
25%|##5       | 
397/1563 [03:42<11:46, 
 1.65it/s, acc=3.2%, 
loss=4.4232]
Task 0 Epoch 1/1:  
25%|##5       | 
398/1563 [03:42<11:41, 
 1.66it/s, acc=3.2%, 
loss=4.4232]
Task 0 Epoch 1/1:  
25%|##5       | 
398/1563 [03:42<11:41, 
 1.66it/s, acc=3.2%, 
loss=3.9964]
Task 0 Epoch 1/1:  
26%|##5       | 
399/1563 [03:42<11:39, 
 1.66it/s, acc=3.2%, 
loss=3.9964]
Task 0 Epoch 1/1:  
26%|##5       | 
399/1563 [03:43<11:39, 
 1.66it/s, acc=3.2%, 
loss=4.2295]
Task 0 Epoch 1/1:  
26%|##5       | 
400/1563 [03:43<11:19, 
 1.71it/s, acc=3.2%, 
loss=4.2295]
Task 0 Epoch 1/1:  
26%|##5       | 
400/1563 [03:43<11:19, 
 1.71it/s, acc=3.2%, 
loss=3.7054]
Task 0 Epoch 1/1:  
26%|##5       | 
401/1563 [03:43<11:45, 
 1.65it/s, acc=3.2%, 
loss=3.7054]
Task 0 Epoch 1/1:  
26%|##5       | 
401/1563 [03:44<11:45, 
 1.65it/s, acc=3.2%, 
loss=4.0384]
Task 0 Epoch 1/1:  
26%|##5       | 
402/1563 [03:44<11:56, 
 1.62it/s, acc=3.2%, 
loss=4.0384]
Task 0 Epoch 1/1:  
26%|##5       | 
402/1563 [03:45<11:56, 
 1.62it/s, acc=3.2%, 
loss=4.1712]
Task 0 Epoch 1/1:  
26%|##5       | 
403/1563 [03:45<11:50, 
 1.63it/s, acc=3.2%, 
loss=4.1712]
Task 0 Epoch 1/1:  
26%|##5       | 
403/1563 [03:45<11:50, 
 1.63it/s, acc=3.2%, 
loss=3.9683]
Task 0 Epoch 1/1:  
26%|##5       | 
404/1563 [03:45<11:45, 
 1.64it/s, acc=3.2%, 
loss=3.9683]
Task 0 Epoch 1/1:  
26%|##5       | 
404/1563 [03:46<11:45, 
 1.64it/s, acc=3.2%, 
loss=4.0614]
Task 0 Epoch 1/1:  
26%|##5       | 
405/1563 [03:46<11:41, 
 1.65it/s, acc=3.2%, 
loss=4.0614]
Task 0 Epoch 1/1:  
26%|##5       | 
405/1563 [03:46<11:41, 
 1.65it/s, acc=3.2%, 
loss=4.0800]
Task 0 Epoch 1/1:  
26%|##5       | 
406/1563 [03:46<11:38, 
 1.66it/s, acc=3.2%, 
loss=4.0800]
Task 0 Epoch 1/1:  
26%|##5       | 
406/1563 [03:47<11:38, 
 1.66it/s, acc=3.2%, 
loss=4.0035]
Task 0 Epoch 1/1:  
26%|##6       | 
407/1563 [03:47<11:35, 
 1.66it/s, acc=3.2%, 
loss=4.0035]
Task 0 Epoch 1/1:  
26%|##6       | 
407/1563 [03:48<11:35, 
 1.66it/s, acc=3.2%, 
loss=4.5083]
Task 0 Epoch 1/1:  
26%|##6       | 
408/1563 [03:48<11:33, 
 1.66it/s, acc=3.2%, 
loss=4.5083]
Task 0 Epoch 1/1:  
26%|##6       | 
408/1563 [03:48<11:33, 
 1.66it/s, acc=3.2%, 
loss=3.9840]
Task 0 Epoch 1/1:  
26%|##6       | 
409/1563 [03:48<11:30, 
 1.67it/s, acc=3.2%, 
loss=3.9840]
Task 0 Epoch 1/1:  
26%|##6       | 
409/1563 [03:49<11:30, 
 1.67it/s, acc=3.2%, 
loss=4.1607]
Task 0 Epoch 1/1:  
26%|##6       | 
410/1563 [03:49<11:31, 
 1.67it/s, acc=3.2%, 
loss=4.1607]
Task 0 Epoch 1/1:  
26%|##6       | 
410/1563 [03:49<11:31, 
 1.67it/s, acc=3.2%, 
loss=4.5308]
Task 0 Epoch 1/1:  
26%|##6       | 
411/1563 [03:49<11:25, 
 1.68it/s, acc=3.2%, 
loss=4.5308]
Task 0 Epoch 1/1:  
26%|##6       | 
411/1563 [03:50<11:25, 
 1.68it/s, acc=3.2%, 
loss=3.6301]
Task 0 Epoch 1/1:  
26%|##6       | 
412/1563 [03:50<11:24, 
 1.68it/s, acc=3.2%, 
loss=3.6301]
Task 0 Epoch 1/1:  
26%|##6       | 
412/1563 [03:51<11:24, 
 1.68it/s, acc=3.2%, 
loss=4.3959]
Task 0 Epoch 1/1:  
26%|##6       | 
413/1563 [03:51<11:23, 
 1.68it/s, acc=3.2%, 
loss=4.3959]
Task 0 Epoch 1/1:  
26%|##6       | 
413/1563 [03:51<11:23, 
 1.68it/s, acc=3.2%, 
loss=4.1795]
Task 0 Epoch 1/1:  
26%|##6       | 
414/1563 [03:51<11:28, 
 1.67it/s, acc=3.2%, 
loss=4.1795]
Task 0 Epoch 1/1:  
26%|##6       | 
414/1563 [03:52<11:28, 
 1.67it/s, acc=3.2%, 
loss=4.3671]
Task 0 Epoch 1/1:  
27%|##6       | 
415/1563 [03:52<11:27, 
 1.67it/s, acc=3.2%, 
loss=4.3671]
Task 0 Epoch 1/1:  
27%|##6       | 
415/1563 [03:52<11:27, 
 1.67it/s, acc=3.2%, 
loss=4.1603]
Task 0 Epoch 1/1:  
27%|##6       | 
416/1563 [03:52<11:21, 
 1.68it/s, acc=3.2%, 
loss=4.1603]
Task 0 Epoch 1/1:  
27%|##6       | 
416/1563 [03:53<11:21, 
 1.68it/s, acc=3.2%, 
loss=3.8632]
Task 0 Epoch 1/1:  
27%|##6       | 
417/1563 [03:53<11:23, 
 1.68it/s, acc=3.2%, 
loss=3.8632]
Task 0 Epoch 1/1:  
27%|##6       | 
417/1563 [03:54<11:23, 
 1.68it/s, acc=3.2%, 
loss=4.3220]
Task 0 Epoch 1/1:  
27%|##6       | 
418/1563 [03:54<11:25, 
 1.67it/s, acc=3.2%, 
loss=4.3220]
Task 0 Epoch 1/1:  
27%|##6       | 
418/1563 [03:54<11:25, 
 1.67it/s, acc=3.2%, 
loss=3.5770]
Task 0 Epoch 1/1:  
27%|##6       | 
419/1563 [03:54<11:23, 
 1.67it/s, acc=3.2%, 
loss=3.5770]
Task 0 Epoch 1/1:  
27%|##6       | 
419/1563 [03:55<11:23, 
 1.67it/s, acc=3.2%, 
loss=4.1142]
Task 0 Epoch 1/1:  
27%|##6       | 
420/1563 [03:55<11:23, 
 1.67it/s, acc=3.2%, 
loss=4.1142]
Task 0 Epoch 1/1:  
27%|##6       | 
420/1563 [03:55<11:23, 
 1.67it/s, acc=3.2%, 
loss=4.4011]
Task 0 Epoch 1/1:  
27%|##6       | 
421/1563 [03:55<11:37, 
 1.64it/s, acc=3.2%, 
loss=4.4011]
Task 0 Epoch 1/1:  
27%|##6       | 
421/1563 [03:56<11:37, 
 1.64it/s, acc=3.2%, 
loss=3.4939]
Task 0 Epoch 1/1:  
27%|##6       | 
422/1563 [03:56<11:40, 
 1.63it/s, acc=3.2%, 
loss=3.4939]
Task 0 Epoch 1/1:  
27%|##6       | 
422/1563 [03:57<11:40, 
 1.63it/s, acc=3.2%, 
loss=4.2411]
Task 0 Epoch 1/1:  
27%|##7       | 
423/1563 [03:57<11:41, 
 1.63it/s, acc=3.2%, 
loss=4.2411]
Task 0 Epoch 1/1:  
27%|##7       | 
423/1563 [03:57<11:41, 
 1.63it/s, acc=3.2%, 
loss=4.2010]
Task 0 Epoch 1/1:  
27%|##7       | 
424/1563 [03:57<11:39, 
 1.63it/s, acc=3.2%, 
loss=4.2010]
Task 0 Epoch 1/1:  
27%|##7       | 
424/1563 [03:58<11:39, 
 1.63it/s, acc=3.2%, 
loss=4.3389]
Task 0 Epoch 1/1:  
27%|##7       | 
425/1563 [03:58<11:36, 
 1.63it/s, acc=3.2%, 
loss=4.3389]
Task 0 Epoch 1/1:  
27%|##7       | 
425/1563 [03:59<11:36, 
 1.63it/s, acc=3.2%, 
loss=3.9874]
Task 0 Epoch 1/1:  
27%|##7       | 
426/1563 [03:59<11:33, 
 1.64it/s, acc=3.2%, 
loss=3.9874]
Task 0 Epoch 1/1:  
27%|##7       | 
426/1563 [03:59<11:33, 
 1.64it/s, acc=3.2%, 
loss=4.3461]
Task 0 Epoch 1/1:  
27%|##7       | 
427/1563 [03:59<11:32, 
 1.64it/s, acc=3.2%, 
loss=4.3461]
Task 0 Epoch 1/1:  
27%|##7       | 
427/1563 [04:00<11:32, 
 1.64it/s, acc=3.2%, 
loss=3.8041]
Task 0 Epoch 1/1:  
27%|##7       | 
428/1563 [04:00<11:33, 
 1.64it/s, acc=3.2%, 
loss=3.8041]
Task 0 Epoch 1/1:  
27%|##7       | 
428/1563 [04:00<11:33, 
 1.64it/s, acc=3.2%, 
loss=4.4897]
Task 0 Epoch 1/1:  
27%|##7       | 
429/1563 [04:00<11:33, 
 1.64it/s, acc=3.2%, 
loss=4.4897]
Task 0 Epoch 1/1:  
27%|##7       | 
429/1563 [04:01<11:33, 
 1.64it/s, acc=3.2%, 
loss=4.3751]
Task 0 Epoch 1/1:  
28%|##7       | 
430/1563 [04:01<11:36, 
 1.63it/s, acc=3.2%, 
loss=4.3751]
Task 0 Epoch 1/1:  
28%|##7       | 
430/1563 [04:02<11:36, 
 1.63it/s, acc=3.1%, 
loss=3.9867]
Task 0 Epoch 1/1:  
28%|##7       | 
431/1563 [04:02<11:40, 
 1.62it/s, acc=3.1%, 
loss=3.9867]
Task 0 Epoch 1/1:  
28%|##7       | 
431/1563 [04:02<11:40, 
 1.62it/s, acc=3.2%, 
loss=4.1029]
Task 0 Epoch 1/1:  
28%|##7       | 
432/1563 [04:02<11:39, 
 1.62it/s, acc=3.2%, 
loss=4.1029]
Task 0 Epoch 1/1:  
28%|##7       | 
432/1563 [04:03<11:39, 
 1.62it/s, acc=3.1%, 
loss=4.1240]
Task 0 Epoch 1/1:  
28%|##7       | 
433/1563 [04:03<11:35, 
 1.63it/s, acc=3.1%, 
loss=4.1240]
Task 0 Epoch 1/1:  
28%|##7       | 
433/1563 [04:03<11:35, 
 1.63it/s, acc=3.1%, 
loss=4.0579]
Task 0 Epoch 1/1:  
28%|##7       | 
434/1563 [04:03<11:28, 
 1.64it/s, acc=3.1%, 
loss=4.0579]
Task 0 Epoch 1/1:  
28%|##7       | 
434/1563 [04:04<11:28, 
 1.64it/s, acc=3.1%, 
loss=4.7907]
Task 0 Epoch 1/1:  
28%|##7       | 
435/1563 [04:04<11:26, 
 1.64it/s, acc=3.1%, 
loss=4.7907]
Task 0 Epoch 1/1:  
28%|##7       | 
435/1563 [04:05<11:26, 
 1.64it/s, acc=3.1%, 
loss=4.1295]
Task 0 Epoch 1/1:  
28%|##7       | 
436/1563 [04:05<11:29, 
 1.63it/s, acc=3.1%, 
loss=4.1295]
Task 0 Epoch 1/1:  
28%|##7       | 
436/1563 [04:05<11:29, 
 1.63it/s, acc=3.2%, 
loss=3.3667]
Task 0 Epoch 1/1:  
28%|##7       | 
437/1563 [04:05<11:31, 
 1.63it/s, acc=3.2%, 
loss=3.3667]
Task 0 Epoch 1/1:  
28%|##7       | 
437/1563 [04:06<11:31, 
 1.63it/s, acc=3.2%, 
loss=4.0158]
Task 0 Epoch 1/1:  
28%|##8       | 
438/1563 [04:06<11:35, 
 1.62it/s, acc=3.2%, 
loss=4.0158]
Task 0 Epoch 1/1:  
28%|##8       | 
438/1563 [04:07<11:35, 
 1.62it/s, acc=3.2%, 
loss=4.8272]
Task 0 Epoch 1/1:  
28%|##8       | 
439/1563 [04:07<11:33, 
 1.62it/s, acc=3.2%, 
loss=4.8272]
Task 0 Epoch 1/1:  
28%|##8       | 
439/1563 [04:07<11:33, 
 1.62it/s, acc=3.2%, 
loss=4.1552]
Task 0 Epoch 1/1:  
28%|##8       | 
440/1563 [04:07<11:43, 
 1.60it/s, acc=3.2%, 
loss=4.1552]
Task 0 Epoch 1/1:  
28%|##8       | 
440/1563 [04:08<11:43, 
 1.60it/s, acc=3.2%, 
loss=4.2334]
Task 0 Epoch 1/1:  
28%|##8       | 
441/1563 [04:08<11:54, 
 1.57it/s, acc=3.2%, 
loss=4.2334]
Task 0 Epoch 1/1:  
28%|##8       | 
441/1563 [04:08<11:54, 
 1.57it/s, acc=3.2%, 
loss=4.1220]
Task 0 Epoch 1/1:  
28%|##8       | 
442/1563 [04:08<11:48, 
 1.58it/s, acc=3.2%, 
loss=4.1220]
Task 0 Epoch 1/1:  
28%|##8       | 
442/1563 [04:09<11:48, 
 1.58it/s, acc=3.2%, 
loss=4.2875]
Task 0 Epoch 1/1:  
28%|##8       | 
443/1563 [04:09<11:40, 
 1.60it/s, acc=3.2%, 
loss=4.2875]
Task 0 Epoch 1/1:  
28%|##8       | 
443/1563 [04:10<11:40, 
 1.60it/s, acc=3.2%, 
loss=4.0617]
Task 0 Epoch 1/1:  
28%|##8       | 
444/1563 [04:10<11:33, 
 1.61it/s, acc=3.2%, 
loss=4.0617]
Task 0 Epoch 1/1:  
28%|##8       | 
444/1563 [04:10<11:33, 
 1.61it/s, acc=3.2%, 
loss=4.0333]
Task 0 Epoch 1/1:  
28%|##8       | 
445/1563 [04:10<11:31, 
 1.62it/s, acc=3.2%, 
loss=4.0333]
Task 0 Epoch 1/1:  
28%|##8       | 
445/1563 [04:11<11:31, 
 1.62it/s, acc=3.2%, 
loss=4.2361]
Task 0 Epoch 1/1:  
29%|##8       | 
446/1563 [04:11<12:04, 
 1.54it/s, acc=3.2%, 
loss=4.2361]
Task 0 Epoch 1/1:  
29%|##8       | 
446/1563 [04:12<12:04, 
 1.54it/s, acc=3.2%, 
loss=4.4145]
Task 0 Epoch 1/1:  
29%|##8       | 
447/1563 [04:12<11:52, 
 1.57it/s, acc=3.2%, 
loss=4.4145]
Task 0 Epoch 1/1:  
29%|##8       | 
447/1563 [04:12<11:52, 
 1.57it/s, acc=3.2%, 
loss=4.2234]
Task 0 Epoch 1/1:  
29%|##8       | 
448/1563 [04:12<11:44, 
 1.58it/s, acc=3.2%, 
loss=4.2234]
Task 0 Epoch 1/1:  
29%|##8       | 
448/1563 [04:13<11:44, 
 1.58it/s, acc=3.2%, 
loss=4.4479]
Task 0 Epoch 1/1:  
29%|##8       | 
449/1563 [04:13<11:41, 
 1.59it/s, acc=3.2%, 
loss=4.4479]
Task 0 Epoch 1/1:  
29%|##8       | 
449/1563 [04:14<11:41, 
 1.59it/s, acc=3.2%, 
loss=3.9691]
Task 0 Epoch 1/1:  
29%|##8       | 
450/1563 [04:14<11:38, 
 1.59it/s, acc=3.2%, 
loss=3.9691]
Task 0 Epoch 1/1:  
29%|##8       | 
450/1563 [04:14<11:38, 
 1.59it/s, acc=3.2%, 
loss=4.1567]
Task 0 Epoch 1/1:  
29%|##8       | 
451/1563 [04:14<11:35, 
 1.60it/s, acc=3.2%, 
loss=4.1567]
Task 0 Epoch 1/1:  
29%|##8       | 
451/1563 [04:15<11:35, 
 1.60it/s, acc=3.2%, 
loss=4.0299]
Task 0 Epoch 1/1:  
29%|##8       | 
452/1563 [04:15<12:20, 
 1.50it/s, acc=3.2%, 
loss=4.0299]
Task 0 Epoch 1/1:  
29%|##8       | 
452/1563 [04:15<12:20, 
 1.50it/s, acc=3.2%, 
loss=3.9982]
Task 0 Epoch 1/1:  
29%|##8       | 
453/1563 [04:15<11:58, 
 1.55it/s, acc=3.2%, 
loss=3.9982]
Task 0 Epoch 1/1:  
29%|##8       | 
453/1563 [04:16<11:58, 
 1.55it/s, acc=3.2%, 
loss=3.7250]
Task 0 Epoch 1/1:  
29%|##9       | 
454/1563 [04:16<11:48, 
 1.56it/s, acc=3.2%, 
loss=3.7250]
Task 0 Epoch 1/1:  
29%|##9       | 
454/1563 [04:17<11:48, 
 1.56it/s, acc=3.2%, 
loss=3.8469]
Task 0 Epoch 1/1:  
29%|##9       | 
455/1563 [04:17<11:36, 
 1.59it/s, acc=3.2%, 
loss=3.8469]
Task 0 Epoch 1/1:  
29%|##9       | 
455/1563 [04:17<11:36, 
 1.59it/s, acc=3.2%, 
loss=4.1289]
Task 0 Epoch 1/1:  
29%|##9       | 
456/1563 [04:17<11:33, 
 1.60it/s, acc=3.2%, 
loss=4.1289]
Task 0 Epoch 1/1:  
29%|##9       | 
456/1563 [04:18<11:33, 
 1.60it/s, acc=3.2%, 
loss=4.0604]
Task 0 Epoch 1/1:  
29%|##9       | 
457/1563 [04:18<11:32, 
 1.60it/s, acc=3.2%, 
loss=4.0604]
Task 0 Epoch 1/1:  
29%|##9       | 
457/1563 [04:19<11:32, 
 1.60it/s, acc=3.2%, 
loss=4.3293]
Task 0 Epoch 1/1:  
29%|##9       | 
458/1563 [04:19<11:53, 
 1.55it/s, acc=3.2%, 
loss=4.3293]
Task 0 Epoch 1/1:  
29%|##9       | 
458/1563 [04:19<11:53, 
 1.55it/s, acc=3.2%, 
loss=3.8545]
Task 0 Epoch 1/1:  
29%|##9       | 
459/1563 [04:19<11:42, 
 1.57it/s, acc=3.2%, 
loss=3.8545]
Task 0 Epoch 1/1:  
29%|##9       | 
459/1563 [04:20<11:42, 
 1.57it/s, acc=3.2%, 
loss=3.6998]
Task 0 Epoch 1/1:  
29%|##9       | 
460/1563 [04:20<11:35, 
 1.59it/s, acc=3.2%, 
loss=3.6998]
Task 0 Epoch 1/1:  
29%|##9       | 
460/1563 [04:21<11:35, 
 1.59it/s, acc=3.2%, 
loss=4.1777]
Task 0 Epoch 1/1:  
29%|##9       | 
461/1563 [04:21<11:30, 
 1.60it/s, acc=3.2%, 
loss=4.1777]
Task 0 Epoch 1/1:  
29%|##9       | 
461/1563 [04:21<11:30, 
 1.60it/s, acc=3.2%, 
loss=4.0525]
Task 0 Epoch 1/1:  
30%|##9       | 
462/1563 [04:21<11:28, 
 1.60it/s, acc=3.2%, 
loss=4.0525]
Task 0 Epoch 1/1:  
30%|##9       | 
462/1563 [04:22<11:28, 
 1.60it/s, acc=3.2%, 
loss=3.8570]
Task 0 Epoch 1/1:  
30%|##9       | 
463/1563 [04:22<11:18, 
 1.62it/s, acc=3.2%, 
loss=3.8570]
Task 0 Epoch 1/1:  
30%|##9       | 
463/1563 [04:22<11:18, 
 1.62it/s, acc=3.3%, 
loss=3.9471]
Task 0 Epoch 1/1:  
30%|##9       | 
464/1563 [04:22<11:16, 
 1.62it/s, acc=3.3%, 
loss=3.9471]
Task 0 Epoch 1/1:  
30%|##9       | 
464/1563 [04:23<11:16, 
 1.62it/s, acc=3.3%, 
loss=4.2010]
Task 0 Epoch 1/1:  
30%|##9       | 
465/1563 [04:23<11:15, 
 1.63it/s, acc=3.3%, 
loss=4.2010]
Task 0 Epoch 1/1:  
30%|##9       | 
465/1563 [04:24<11:15, 
 1.63it/s, acc=3.3%, 
loss=4.0364]
Task 0 Epoch 1/1:  
30%|##9       | 
466/1563 [04:24<11:11, 
 1.63it/s, acc=3.3%, 
loss=4.0364]
Task 0 Epoch 1/1:  
30%|##9       | 
466/1563 [04:24<11:11, 
 1.63it/s, acc=3.3%, 
loss=4.4154]
Task 0 Epoch 1/1:  
30%|##9       | 
467/1563 [04:24<11:18, 
 1.62it/s, acc=3.3%, 
loss=4.4154]
Task 0 Epoch 1/1:  
30%|##9       | 
467/1563 [04:25<11:18, 
 1.62it/s, acc=3.3%, 
loss=3.8989]
Task 0 Epoch 1/1:  
30%|##9       | 
468/1563 [04:25<11:20, 
 1.61it/s, acc=3.3%, 
loss=3.8989]
Task 0 Epoch 1/1:  
30%|##9       | 
468/1563 [04:25<11:20, 
 1.61it/s, acc=3.3%, 
loss=3.8280]
Task 0 Epoch 1/1:  
30%|###       | 
469/1563 [04:25<11:16, 
 1.62it/s, acc=3.3%, 
loss=3.8280]
Task 0 Epoch 1/1:  
30%|###       | 
469/1563 [04:26<11:16, 
 1.62it/s, acc=3.3%, 
loss=3.8874]
Task 0 Epoch 1/1:  
30%|###       | 
470/1563 [04:26<11:18, 
 1.61it/s, acc=3.3%, 
loss=3.8874]
Task 0 Epoch 1/1:  
30%|###       | 
470/1563 [04:27<11:18, 
 1.61it/s, acc=3.3%, 
loss=3.9362]
Task 0 Epoch 1/1:  
30%|###       | 
471/1563 [04:27<11:51, 
 1.54it/s, acc=3.3%, 
loss=3.9362]
Task 0 Epoch 1/1:  
30%|###       | 
471/1563 [04:27<11:51, 
 1.54it/s, acc=3.3%, 
loss=3.7239]
Task 0 Epoch 1/1:  
30%|###       | 
472/1563 [04:27<11:40, 
 1.56it/s, acc=3.3%, 
loss=3.7239]
Task 0 Epoch 1/1:  
30%|###       | 
472/1563 [04:28<11:40, 
 1.56it/s, acc=3.3%, 
loss=4.5355]
Task 0 Epoch 1/1:  
30%|###       | 
473/1563 [04:28<11:33, 
 1.57it/s, acc=3.3%, 
loss=4.5355]
Task 0 Epoch 1/1:  
30%|###       | 
473/1563 [04:29<11:33, 
 1.57it/s, acc=3.3%, 
loss=3.9697]
Task 0 Epoch 1/1:  
30%|###       | 
474/1563 [04:29<11:23, 
 1.59it/s, acc=3.3%, 
loss=3.9697]
Task 0 Epoch 1/1:  
30%|###       | 
474/1563 [04:29<11:23, 
 1.59it/s, acc=3.3%, 
loss=4.1087]
Task 0 Epoch 1/1:  
30%|###       | 
475/1563 [04:29<11:16, 
 1.61it/s, acc=3.3%, 
loss=4.1087]
Task 0 Epoch 1/1:  
30%|###       | 
475/1563 [04:30<11:16, 
 1.61it/s, acc=3.3%, 
loss=4.0796]
Task 0 Epoch 1/1:  
30%|###       | 
476/1563 [04:30<11:10, 
 1.62it/s, acc=3.3%, 
loss=4.0796]
Task 0 Epoch 1/1:  
30%|###       | 
476/1563 [04:30<11:10, 
 1.62it/s, acc=3.3%, 
loss=4.3981]
Task 0 Epoch 1/1:  
31%|###       | 
477/1563 [04:30<11:19, 
 1.60it/s, acc=3.3%, 
loss=4.3981]
Task 0 Epoch 1/1:  
31%|###       | 
477/1563 [04:31<11:19, 
 1.60it/s, acc=3.4%, 
loss=3.8655]
Task 0 Epoch 1/1:  
31%|###       | 
478/1563 [04:31<11:13, 
 1.61it/s, acc=3.4%, 
loss=3.8655]
Task 0 Epoch 1/1:  
31%|###       | 
478/1563 [04:32<11:13, 
 1.61it/s, acc=3.4%, 
loss=4.3104]
Task 0 Epoch 1/1:  
31%|###       | 
479/1563 [04:32<11:13, 
 1.61it/s, acc=3.4%, 
loss=4.3104]
Task 0 Epoch 1/1:  
31%|###       | 
479/1563 [04:32<11:13, 
 1.61it/s, acc=3.4%, 
loss=4.2583]
Task 0 Epoch 1/1:  
31%|###       | 
480/1563 [04:32<11:15, 
 1.60it/s, acc=3.4%, 
loss=4.2583]
Task 0 Epoch 1/1:  
31%|###       | 
480/1563 [04:33<11:15, 
 1.60it/s, acc=3.4%, 
loss=4.2804]
Task 0 Epoch 1/1:  
31%|###       | 
481/1563 [04:33<11:16, 
 1.60it/s, acc=3.4%, 
loss=4.2804]
Task 0 Epoch 1/1:  
31%|###       | 
481/1563 [04:34<11:16, 
 1.60it/s, acc=3.4%, 
loss=4.1232]
Task 0 Epoch 1/1:  
31%|###       | 
482/1563 [04:34<11:12, 
 1.61it/s, acc=3.4%, 
loss=4.1232]
Task 0 Epoch 1/1:  
31%|###       | 
482/1563 [04:34<11:12, 
 1.61it/s, acc=3.4%, 
loss=3.8697]
Task 0 Epoch 1/1:  
31%|###       | 
483/1563 [04:34<11:15, 
 1.60it/s, acc=3.4%, 
loss=3.8697]
Task 0 Epoch 1/1:  
31%|###       | 
483/1563 [04:35<11:15, 
 1.60it/s, acc=3.4%, 
loss=4.2844]
Task 0 Epoch 1/1:  
31%|###       | 
484/1563 [04:35<11:12, 
 1.61it/s, acc=3.4%, 
loss=4.2844]
Task 0 Epoch 1/1:  
31%|###       | 
484/1563 [04:35<11:12, 
 1.61it/s, acc=3.4%, 
loss=3.9126]
Task 0 Epoch 1/1:  
31%|###1      | 
485/1563 [04:35<11:08, 
 1.61it/s, acc=3.4%, 
loss=3.9126]
Task 0 Epoch 1/1:  
31%|###1      | 
485/1563 [04:36<11:08, 
 1.61it/s, acc=3.4%, 
loss=4.5095]
Task 0 Epoch 1/1:  
31%|###1      | 
486/1563 [04:36<11:03, 
 1.62it/s, acc=3.4%, 
loss=4.5095]
Task 0 Epoch 1/1:  
31%|###1      | 
486/1563 [04:37<11:03, 
 1.62it/s, acc=3.4%, 
loss=4.1773]
Task 0 Epoch 1/1:  
31%|###1      | 
487/1563 [04:37<11:03, 
 1.62it/s, acc=3.4%, 
loss=4.1773]
Task 0 Epoch 1/1:  
31%|###1      | 
487/1563 [04:37<11:03, 
 1.62it/s, acc=3.4%, 
loss=4.6006]
Task 0 Epoch 1/1:  
31%|###1      | 
488/1563 [04:37<11:03, 
 1.62it/s, acc=3.4%, 
loss=4.6006]
Task 0 Epoch 1/1:  
31%|###1      | 
488/1563 [04:38<11:03, 
 1.62it/s, acc=3.4%, 
loss=3.9294]
Task 0 Epoch 1/1:  
31%|###1      | 
489/1563 [04:38<11:03, 
 1.62it/s, acc=3.4%, 
loss=3.9294]
Task 0 Epoch 1/1:  
31%|###1      | 
489/1563 [04:39<11:03, 
 1.62it/s, acc=3.4%, 
loss=3.9142]
Task 0 Epoch 1/1:  
31%|###1      | 
490/1563 [04:39<10:59, 
 1.63it/s, acc=3.4%, 
loss=3.9142]
Task 0 Epoch 1/1:  
31%|###1      | 
490/1563 [04:39<10:59, 
 1.63it/s, acc=3.4%, 
loss=3.8189]
Task 0 Epoch 1/1:  
31%|###1      | 
491/1563 [04:39<10:51, 
 1.64it/s, acc=3.4%, 
loss=3.8189]
Task 0 Epoch 1/1:  
31%|###1      | 
491/1563 [04:40<10:51, 
 1.64it/s, acc=3.4%, 
loss=4.1288]
Task 0 Epoch 1/1:  
31%|###1      | 
492/1563 [04:40<11:53, 
 1.50it/s, acc=3.4%, 
loss=4.1288]
Task 0 Epoch 1/1:  
31%|###1      | 
492/1563 [04:41<11:53, 
 1.50it/s, acc=3.4%, 
loss=4.5945]
Task 0 Epoch 1/1:  
32%|###1      | 
493/1563 [04:41<11:43, 
 1.52it/s, acc=3.4%, 
loss=4.5945]
Task 0 Epoch 1/1:  
32%|###1      | 
493/1563 [04:41<11:43, 
 1.52it/s, acc=3.4%, 
loss=4.1293]
Task 0 Epoch 1/1:  
32%|###1      | 
494/1563 [04:41<11:30, 
 1.55it/s, acc=3.4%, 
loss=4.1293]
Task 0 Epoch 1/1:  
32%|###1      | 
494/1563 [04:42<11:30, 
 1.55it/s, acc=3.4%, 
loss=3.6394]
Task 0 Epoch 1/1:  
32%|###1      | 
495/1563 [04:42<11:19, 
 1.57it/s, acc=3.4%, 
loss=3.6394]
Task 0 Epoch 1/1:  
32%|###1      | 
495/1563 [04:42<11:19, 
 1.57it/s, acc=3.4%, 
loss=4.3592]
Task 0 Epoch 1/1:  
32%|###1      | 
496/1563 [04:42<11:12, 
 1.59it/s, acc=3.4%, 
loss=4.3592]
Task 0 Epoch 1/1:  
32%|###1      | 
496/1563 [04:43<11:12, 
 1.59it/s, acc=3.4%, 
loss=4.1463]
Task 0 Epoch 1/1:  
32%|###1      | 
497/1563 [04:43<11:08, 
 1.59it/s, acc=3.4%, 
loss=4.1463]
Task 0 Epoch 1/1:  
32%|###1      | 
497/1563 [04:44<11:08, 
 1.59it/s, acc=3.4%, 
loss=4.1680]
Task 0 Epoch 1/1:  
32%|###1      | 
498/1563 [04:44<11:03, 
 1.61it/s, acc=3.4%, 
loss=4.1680]
Task 0 Epoch 1/1:  
32%|###1      | 
498/1563 [04:44<11:03, 
 1.61it/s, acc=3.4%, 
loss=3.7041]
Task 0 Epoch 1/1:  
32%|###1      | 
499/1563 [04:44<10:56, 
 1.62it/s, acc=3.4%, 
loss=3.7041]
Task 0 Epoch 1/1:  
32%|###1      | 
499/1563 [04:45<10:56, 
 1.62it/s, acc=3.4%, 
loss=4.3888]
Task 0 Epoch 1/1:  
32%|###1      | 
500/1563 [04:45<10:52, 
 1.63it/s, acc=3.4%, 
loss=4.3888]
Task 0 Epoch 1/1:  
32%|###1      | 
500/1563 [04:45<10:52, 
 1.63it/s, acc=3.4%, 
loss=4.1357]
Task 0 Epoch 1/1:  
32%|###2      | 
501/1563 [04:45<10:50, 
 1.63it/s, acc=3.4%, 
loss=4.1357]
Task 0 Epoch 1/1:  
32%|###2      | 
501/1563 [04:46<10:50, 
 1.63it/s, acc=3.4%, 
loss=3.8503]
Task 0 Epoch 1/1:  
32%|###2      | 
502/1563 [04:46<10:57, 
 1.61it/s, acc=3.4%, 
loss=3.8503]
Task 0 Epoch 1/1:  
32%|###2      | 
502/1563 [04:47<10:57, 
 1.61it/s, acc=3.4%, 
loss=4.8331]
Task 0 Epoch 1/1:  
32%|###2      | 
503/1563 [04:47<10:55, 
 1.62it/s, acc=3.4%, 
loss=4.8331]
Task 0 Epoch 1/1:  
32%|###2      | 
503/1563 [04:47<10:55, 
 1.62it/s, acc=3.4%, 
loss=4.6836]
Task 0 Epoch 1/1:  
32%|###2      | 
504/1563 [04:47<10:54, 
 1.62it/s, acc=3.4%, 
loss=4.6836]
Task 0 Epoch 1/1:  
32%|###2      | 
504/1563 [04:48<10:54, 
 1.62it/s, acc=3.5%, 
loss=3.3756]
Task 0 Epoch 1/1:  
32%|###2      | 
505/1563 [04:48<10:54, 
 1.62it/s, acc=3.5%, 
loss=3.3756]
Task 0 Epoch 1/1:  
32%|###2      | 
505/1563 [04:49<10:54, 
 1.62it/s, acc=3.5%, 
loss=4.0607]
Task 0 Epoch 1/1:  
32%|###2      | 
506/1563 [04:49<10:50, 
 1.63it/s, acc=3.5%, 
loss=4.0607]
Task 0 Epoch 1/1:  
32%|###2      | 
506/1563 [04:49<10:50, 
 1.63it/s, acc=3.5%, 
loss=4.2380]
Task 0 Epoch 1/1:  
32%|###2      | 
507/1563 [04:49<10:48, 
 1.63it/s, acc=3.5%, 
loss=4.2380]
Task 0 Epoch 1/1:  
32%|###2      | 
507/1563 [04:50<10:48, 
 1.63it/s, acc=3.4%, 
loss=4.3844]
Task 0 Epoch 1/1:  
33%|###2      | 
508/1563 [04:50<11:58, 
 1.47it/s, acc=3.4%, 
loss=4.3844]
Task 0 Epoch 1/1:  
33%|###2      | 
508/1563 [04:51<11:58, 
 1.47it/s, acc=3.5%, 
loss=3.9874]
Task 0 Epoch 1/1:  
33%|###2      | 
509/1563 [04:51<11:38, 
 1.51it/s, acc=3.5%, 
loss=3.9874]
Task 0 Epoch 1/1:  
33%|###2      | 
509/1563 [04:51<11:38, 
 1.51it/s, acc=3.5%, 
loss=3.6915]
Task 0 Epoch 1/1:  
33%|###2      | 
510/1563 [04:51<11:18, 
 1.55it/s, acc=3.5%, 
loss=3.6915]
Task 0 Epoch 1/1:  
33%|###2      | 
510/1563 [04:52<11:18, 
 1.55it/s, acc=3.5%, 
loss=3.6644]
Task 0 Epoch 1/1:  
33%|###2      | 
511/1563 [04:52<11:06, 
 1.58it/s, acc=3.5%, 
loss=3.6644]
Task 0 Epoch 1/1:  
33%|###2      | 
511/1563 [04:52<11:06, 
 1.58it/s, acc=3.5%, 
loss=3.6848]
Task 0 Epoch 1/1:  
33%|###2      | 
512/1563 [04:52<11:01, 
 1.59it/s, acc=3.5%, 
loss=3.6848]
Task 0 Epoch 1/1:  
33%|###2      | 
512/1563 [04:53<11:01, 
 1.59it/s, acc=3.5%, 
loss=4.1107]
Task 0 Epoch 1/1:  
33%|###2      | 
513/1563 [04:53<10:57, 
 1.60it/s, acc=3.5%, 
loss=4.1107]
Task 0 Epoch 1/1:  
33%|###2      | 
513/1563 [04:54<10:57, 
 1.60it/s, acc=3.5%, 
loss=3.7329]
Task 0 Epoch 1/1:  
33%|###2      | 
514/1563 [04:54<11:24, 
 1.53it/s, acc=3.5%, 
loss=3.7329]
Task 0 Epoch 1/1:  
33%|###2      | 
514/1563 [04:54<11:24, 
 1.53it/s, acc=3.5%, 
loss=4.2250]
Task 0 Epoch 1/1:  
33%|###2      | 
515/1563 [04:54<11:10, 
 1.56it/s, acc=3.5%, 
loss=4.2250]
Task 0 Epoch 1/1:  
33%|###2      | 
515/1563 [04:55<11:10, 
 1.56it/s, acc=3.5%, 
loss=3.9496]
Task 0 Epoch 1/1:  
33%|###3      | 
516/1563 [04:55<11:03, 
 1.58it/s, acc=3.5%, 
loss=3.9496]
Task 0 Epoch 1/1:  
33%|###3      | 
516/1563 [04:56<11:03, 
 1.58it/s, acc=3.5%, 
loss=3.8707]
Task 0 Epoch 1/1:  
33%|###3      | 
517/1563 [04:56<10:59, 
 1.59it/s, acc=3.5%, 
loss=3.8707]
Task 0 Epoch 1/1:  
33%|###3      | 
517/1563 [04:56<10:59, 
 1.59it/s, acc=3.5%, 
loss=4.3661]
Task 0 Epoch 1/1:  
33%|###3      | 
518/1563 [04:56<10:57, 
 1.59it/s, acc=3.5%, 
loss=4.3661]
Task 0 Epoch 1/1:  
33%|###3      | 
518/1563 [04:57<10:57, 
 1.59it/s, acc=3.5%, 
loss=3.9273]
Task 0 Epoch 1/1:  
33%|###3      | 
519/1563 [04:57<10:52, 
 1.60it/s, acc=3.5%, 
loss=3.9273]
Task 0 Epoch 1/1:  
33%|###3      | 
519/1563 [04:58<10:52, 
 1.60it/s, acc=3.5%, 
loss=4.0082]
Task 0 Epoch 1/1:  
33%|###3      | 
520/1563 [04:58<11:22, 
 1.53it/s, acc=3.5%, 
loss=4.0082]
Task 0 Epoch 1/1:  
33%|###3      | 
520/1563 [04:58<11:22, 
 1.53it/s, acc=3.5%, 
loss=3.8666]
Task 0 Epoch 1/1:  
33%|###3      | 
521/1563 [04:58<11:05, 
 1.57it/s, acc=3.5%, 
loss=3.8666]
Task 0 Epoch 1/1:  
33%|###3      | 
521/1563 [04:59<11:05, 
 1.57it/s, acc=3.5%, 
loss=4.3792]
Task 0 Epoch 1/1:  
33%|###3      | 
522/1563 [04:59<10:43, 
 1.62it/s, acc=3.5%, 
loss=4.3792]
Task 0 Epoch 1/1:  
33%|###3      | 
522/1563 [05:00<10:43, 
 1.62it/s, acc=3.5%, 
loss=4.2625]
Task 0 Epoch 1/1:  
33%|###3      | 
523/1563 [05:00<12:27, 
 1.39it/s, acc=3.5%, 
loss=4.2625]
Task 0 Epoch 1/1:  
33%|###3      | 
523/1563 [05:00<12:27, 
 1.39it/s, acc=3.5%, 
loss=4.0041]
Task 0 Epoch 1/1:  
34%|###3      | 
524/1563 [05:00<11:56, 
 1.45it/s, acc=3.5%, 
loss=4.0041]
Task 0 Epoch 1/1:  
34%|###3      | 
524/1563 [05:01<11:56, 
 1.45it/s, acc=3.5%, 
loss=4.0567]
Task 0 Epoch 1/1:  
34%|###3      | 
525/1563 [05:01<11:36, 
 1.49it/s, acc=3.5%, 
loss=4.0567]
Task 0 Epoch 1/1:  
34%|###3      | 
525/1563 [05:02<11:36, 
 1.49it/s, acc=3.5%, 
loss=3.9040]
Task 0 Epoch 1/1:  
34%|###3      | 
526/1563 [05:02<11:46, 
 1.47it/s, acc=3.5%, 
loss=3.9040]
Task 0 Epoch 1/1:  
34%|###3      | 
526/1563 [05:02<11:46, 
 1.47it/s, acc=3.5%, 
loss=4.4512]
Task 0 Epoch 1/1:  
34%|###3      | 
527/1563 [05:02<11:28, 
 1.51it/s, acc=3.5%, 
loss=4.4512]
Task 0 Epoch 1/1:  
34%|###3      | 
527/1563 [05:03<11:28, 
 1.51it/s, acc=3.5%, 
loss=4.0620]
Task 0 Epoch 1/1:  
34%|###3      | 
528/1563 [05:03<11:18, 
 1.53it/s, acc=3.5%, 
loss=4.0620]
Task 0 Epoch 1/1:  
34%|###3      | 
528/1563 [05:04<11:18, 
 1.53it/s, acc=3.5%, 
loss=4.0768]
Task 0 Epoch 1/1:  
34%|###3      | 
529/1563 [05:04<11:08, 
 1.55it/s, acc=3.5%, 
loss=4.0768]
Task 0 Epoch 1/1:  
34%|###3      | 
529/1563 [05:04<11:08, 
 1.55it/s, acc=3.5%, 
loss=3.9375]
Task 0 Epoch 1/1:  
34%|###3      | 
530/1563 [05:04<10:58, 
 1.57it/s, acc=3.5%, 
loss=3.9375]
Task 0 Epoch 1/1:  
34%|###3      | 
530/1563 [05:05<10:58, 
 1.57it/s, acc=3.5%, 
loss=4.1323]
Task 0 Epoch 1/1:  
34%|###3      | 
531/1563 [05:05<10:52, 
 1.58it/s, acc=3.5%, 
loss=4.1323]
Task 0 Epoch 1/1:  
34%|###3      | 
531/1563 [05:05<10:52, 
 1.58it/s, acc=3.5%, 
loss=3.8494]
Task 0 Epoch 1/1:  
34%|###4      | 
532/1563 [05:05<11:00, 
 1.56it/s, acc=3.5%, 
loss=3.8494]
Task 0 Epoch 1/1:  
34%|###4      | 
532/1563 [05:06<11:00, 
 1.56it/s, acc=3.5%, 
loss=3.9495]
Task 0 Epoch 1/1:  
34%|###4      | 
533/1563 [05:06<10:45, 
 1.59it/s, acc=3.5%, 
loss=3.9495]
Task 0 Epoch 1/1:  
34%|###4      | 
533/1563 [05:07<10:45, 
 1.59it/s, acc=3.5%, 
loss=4.0557]
Task 0 Epoch 1/1:  
34%|###4      | 
534/1563 [05:07<10:20, 
 1.66it/s, acc=3.5%, 
loss=4.0557]
Task 0 Epoch 1/1:  
34%|###4      | 
534/1563 [05:07<10:20, 
 1.66it/s, acc=3.5%, 
loss=3.9348]
Task 0 Epoch 1/1:  
34%|###4      | 
535/1563 [05:07<10:07, 
 1.69it/s, acc=3.5%, 
loss=3.9348]
Task 0 Epoch 1/1:  
34%|###4      | 
535/1563 [05:08<10:07, 
 1.69it/s, acc=3.5%, 
loss=3.8804]
Task 0 Epoch 1/1:  
34%|###4      | 
536/1563 [05:08<09:59, 
 1.71it/s, acc=3.5%, 
loss=3.8804]
Task 0 Epoch 1/1:  
34%|###4      | 
536/1563 [05:08<09:59, 
 1.71it/s, acc=3.5%, 
loss=3.8162]
Task 0 Epoch 1/1:  
34%|###4      | 
537/1563 [05:08<09:50, 
 1.74it/s, acc=3.5%, 
loss=3.8162]
Task 0 Epoch 1/1:  
34%|###4      | 
537/1563 [05:09<09:50, 
 1.74it/s, acc=3.5%, 
loss=4.0496]
Task 0 Epoch 1/1:  
34%|###4      | 
538/1563 [05:09<09:44, 
 1.75it/s, acc=3.5%, 
loss=4.0496]
Task 0 Epoch 1/1:  
34%|###4      | 
538/1563 [05:09<09:44, 
 1.75it/s, acc=3.5%, 
loss=4.2832]
Task 0 Epoch 1/1:  
34%|###4      | 
539/1563 [05:09<09:41, 
 1.76it/s, acc=3.5%, 
loss=4.2832]
Task 0 Epoch 1/1:  
34%|###4      | 
539/1563 [05:10<09:41, 
 1.76it/s, acc=3.5%, 
loss=3.9706]
Task 0 Epoch 1/1:  
35%|###4      | 
540/1563 [05:10<09:41, 
 1.76it/s, acc=3.5%, 
loss=3.9706]
Task 0 Epoch 1/1:  
35%|###4      | 
540/1563 [05:11<09:41, 
 1.76it/s, acc=3.5%, 
loss=4.4241]
Task 0 Epoch 1/1:  
35%|###4      | 
541/1563 [05:11<09:33, 
 1.78it/s, acc=3.5%, 
loss=4.4241]
Task 0 Epoch 1/1:  
35%|###4      | 
541/1563 [05:11<09:33, 
 1.78it/s, acc=3.5%, 
loss=3.8931]
Task 0 Epoch 1/1:  
35%|###4      | 
542/1563 [05:11<09:27, 
 1.80it/s, acc=3.5%, 
loss=3.8931]
Task 0 Epoch 1/1:  
35%|###4      | 
542/1563 [05:12<09:27, 
 1.80it/s, acc=3.5%, 
loss=4.3145]
Task 0 Epoch 1/1:  
35%|###4      | 
543/1563 [05:12<09:27, 
 1.80it/s, acc=3.5%, 
loss=4.3145]
Task 0 Epoch 1/1:  
35%|###4      | 
543/1563 [05:12<09:27, 
 1.80it/s, acc=3.5%, 
loss=4.3079]
Task 0 Epoch 1/1:  
35%|###4      | 
544/1563 [05:12<09:26, 
 1.80it/s, acc=3.5%, 
loss=4.3079]
Task 0 Epoch 1/1:  
35%|###4      | 
544/1563 [05:13<09:26, 
 1.80it/s, acc=3.5%, 
loss=3.9951]
Task 0 Epoch 1/1:  
35%|###4      | 
545/1563 [05:13<09:24, 
 1.80it/s, acc=3.5%, 
loss=3.9951]
Task 0 Epoch 1/1:  
35%|###4      | 
545/1563 [05:13<09:24, 
 1.80it/s, acc=3.5%, 
loss=4.3069]
Task 0 Epoch 1/1:  
35%|###4      | 
546/1563 [05:13<09:25, 
 1.80it/s, acc=3.5%, 
loss=4.3069]
Task 0 Epoch 1/1:  
35%|###4      | 
546/1563 [05:14<09:25, 
 1.80it/s, acc=3.5%, 
loss=3.7646]
Task 0 Epoch 1/1:  
35%|###4      | 
547/1563 [05:14<09:25, 
 1.80it/s, acc=3.5%, 
loss=3.7646]
Task 0 Epoch 1/1:  
35%|###4      | 
547/1563 [05:14<09:25, 
 1.80it/s, acc=3.5%, 
loss=3.9822]
Task 0 Epoch 1/1:  
35%|###5      | 
548/1563 [05:14<09:25, 
 1.80it/s, acc=3.5%, 
loss=3.9822]
Task 0 Epoch 1/1:  
35%|###5      | 
548/1563 [05:15<09:25, 
 1.80it/s, acc=3.5%, 
loss=3.8286]
Task 0 Epoch 1/1:  
35%|###5      | 
549/1563 [05:15<09:30, 
 1.78it/s, acc=3.5%, 
loss=3.8286]
Task 0 Epoch 1/1:  
35%|###5      | 
549/1563 [05:16<09:30, 
 1.78it/s, acc=3.5%, 
loss=4.1537]
Task 0 Epoch 1/1:  
35%|###5      | 
550/1563 [05:16<09:25, 
 1.79it/s, acc=3.5%, 
loss=4.1537]
Task 0 Epoch 1/1:  
35%|###5      | 
550/1563 [05:16<09:25, 
 1.79it/s, acc=3.5%, 
loss=3.7212]
Task 0 Epoch 1/1:  
35%|###5      | 
551/1563 [05:16<09:19, 
 1.81it/s, acc=3.5%, 
loss=3.7212]
Task 0 Epoch 1/1:  
35%|###5      | 
551/1563 [05:17<09:19, 
 1.81it/s, acc=3.5%, 
loss=3.5538]
Task 0 Epoch 1/1:  
35%|###5      | 
552/1563 [05:17<09:17, 
 1.81it/s, acc=3.5%, 
loss=3.5538]
Task 0 Epoch 1/1:  
35%|###5      | 
552/1563 [05:17<09:17, 
 1.81it/s, acc=3.5%, 
loss=4.0440]
Task 0 Epoch 1/1:  
35%|###5      | 
553/1563 [05:17<09:17, 
 1.81it/s, acc=3.5%, 
loss=4.0440]
Task 0 Epoch 1/1:  
35%|###5      | 
553/1563 [05:18<09:17, 
 1.81it/s, acc=3.5%, 
loss=3.9821]
Task 0 Epoch 1/1:  
35%|###5      | 
554/1563 [05:18<09:19, 
 1.80it/s, acc=3.5%, 
loss=3.9821]
Task 0 Epoch 1/1:  
35%|###5      | 
554/1563 [05:18<09:19, 
 1.80it/s, acc=3.5%, 
loss=3.9011]
Task 0 Epoch 1/1:  
36%|###5      | 
555/1563 [05:18<09:21, 
 1.79it/s, acc=3.5%, 
loss=3.9011]
Task 0 Epoch 1/1:  
36%|###5      | 
555/1563 [05:19<09:21, 
 1.79it/s, acc=3.5%, 
loss=3.8762]
Task 0 Epoch 1/1:  
36%|###5      | 
556/1563 [05:19<09:17, 
 1.80it/s, acc=3.5%, 
loss=3.8762]
Task 0 Epoch 1/1:  
36%|###5      | 
556/1563 [05:19<09:17, 
 1.80it/s, acc=3.5%, 
loss=4.0791]
Task 0 Epoch 1/1:  
36%|###5      | 
557/1563 [05:19<09:16, 
 1.81it/s, acc=3.5%, 
loss=4.0791]
Task 0 Epoch 1/1:  
36%|###5      | 
557/1563 [05:20<09:16, 
 1.81it/s, acc=3.5%, 
loss=3.7182]
Task 0 Epoch 1/1:  
36%|###5      | 
558/1563 [05:20<09:13, 
 1.81it/s, acc=3.5%, 
loss=3.7182]
Task 0 Epoch 1/1:  
36%|###5      | 
558/1563 [05:20<09:13, 
 1.81it/s, acc=3.5%, 
loss=4.1052]
Task 0 Epoch 1/1:  
36%|###5      | 
559/1563 [05:20<09:11, 
 1.82it/s, acc=3.5%, 
loss=4.1052]
Task 0 Epoch 1/1:  
36%|###5      | 
559/1563 [05:21<09:11, 
 1.82it/s, acc=3.5%, 
loss=3.7925]
Task 0 Epoch 1/1:  
36%|###5      | 
560/1563 [05:21<09:20, 
 1.79it/s, acc=3.5%, 
loss=3.7925]
Task 0 Epoch 1/1:  
36%|###5      | 
560/1563 [05:22<09:20, 
 1.79it/s, acc=3.5%, 
loss=4.1075]
Task 0 Epoch 1/1:  
36%|###5      | 
561/1563 [05:22<09:19, 
 1.79it/s, acc=3.5%, 
loss=4.1075]
Task 0 Epoch 1/1:  
36%|###5      | 
561/1563 [05:22<09:19, 
 1.79it/s, acc=3.5%, 
loss=3.9458]
Task 0 Epoch 1/1:  
36%|###5      | 
562/1563 [05:22<09:14, 
 1.80it/s, acc=3.5%, 
loss=3.9458]
Task 0 Epoch 1/1:  
36%|###5      | 
562/1563 [05:23<09:14, 
 1.80it/s, acc=3.5%, 
loss=4.0755]
Task 0 Epoch 1/1:  
36%|###6      | 
563/1563 [05:23<09:13, 
 1.81it/s, acc=3.5%, 
loss=4.0755]
Task 0 Epoch 1/1:  
36%|###6      | 
563/1563 [05:23<09:13, 
 1.81it/s, acc=3.5%, 
loss=3.6388]
Task 0 Epoch 1/1:  
36%|###6      | 
564/1563 [05:23<09:13, 
 1.81it/s, acc=3.5%, 
loss=3.6388]
Task 0 Epoch 1/1:  
36%|###6      | 
564/1563 [05:24<09:13, 
 1.81it/s, acc=3.5%, 
loss=4.4161]
Task 0 Epoch 1/1:  
36%|###6      | 
565/1563 [05:24<09:13, 
 1.80it/s, acc=3.5%, 
loss=4.4161]
Task 0 Epoch 1/1:  
36%|###6      | 
565/1563 [05:24<09:13, 
 1.80it/s, acc=3.5%, 
loss=3.9905]
Task 0 Epoch 1/1:  
36%|###6      | 
566/1563 [05:24<09:14, 
 1.80it/s, acc=3.5%, 
loss=3.9905]
Task 0 Epoch 1/1:  
36%|###6      | 
566/1563 [05:25<09:14, 
 1.80it/s, acc=3.5%, 
loss=4.4206]
Task 0 Epoch 1/1:  
36%|###6      | 
567/1563 [05:25<09:10, 
 1.81it/s, acc=3.5%, 
loss=4.4206]
Task 0 Epoch 1/1:  
36%|###6      | 
567/1563 [05:26<09:10, 
 1.81it/s, acc=3.5%, 
loss=4.3786]
Task 0 Epoch 1/1:  
36%|###6      | 
568/1563 [05:26<09:20, 
 1.77it/s, acc=3.5%, 
loss=4.3786]
Task 0 Epoch 1/1:  
36%|###6      | 
568/1563 [05:26<09:20, 
 1.77it/s, acc=3.5%, 
loss=3.6200]
Task 0 Epoch 1/1:  
36%|###6      | 
569/1563 [05:26<09:10, 
 1.80it/s, acc=3.5%, 
loss=3.6200]
Task 0 Epoch 1/1:  
36%|###6      | 
569/1563 [05:27<09:10, 
 1.80it/s, acc=3.5%, 
loss=3.6261]
Task 0 Epoch 1/1:  
36%|###6      | 
570/1563 [05:27<09:09, 
 1.81it/s, acc=3.5%, 
loss=3.6261]
Task 0 Epoch 1/1:  
36%|###6      | 
570/1563 [05:27<09:09, 
 1.81it/s, acc=3.5%, 
loss=3.9128]
Task 0 Epoch 1/1:  
37%|###6      | 
571/1563 [05:27<09:14, 
 1.79it/s, acc=3.5%, 
loss=3.9128]
Task 0 Epoch 1/1:  
37%|###6      | 
571/1563 [05:28<09:14, 
 1.79it/s, acc=3.5%, 
loss=3.9476]
Task 0 Epoch 1/1:  
37%|###6      | 
572/1563 [05:28<09:13, 
 1.79it/s, acc=3.5%, 
loss=3.9476]
Task 0 Epoch 1/1:  
37%|###6      | 
572/1563 [05:28<09:13, 
 1.79it/s, acc=3.5%, 
loss=4.2260]
Task 0 Epoch 1/1:  
37%|###6      | 
573/1563 [05:28<09:12, 
 1.79it/s, acc=3.5%, 
loss=4.2260]
Task 0 Epoch 1/1:  
37%|###6      | 
573/1563 [05:29<09:12, 
 1.79it/s, acc=3.5%, 
loss=3.9669]
Task 0 Epoch 1/1:  
37%|###6      | 
574/1563 [05:29<09:08, 
 1.80it/s, acc=3.5%, 
loss=3.9669]
Task 0 Epoch 1/1:  
37%|###6      | 
574/1563 [05:29<09:08, 
 1.80it/s, acc=3.5%, 
loss=4.1869]
Task 0 Epoch 1/1:  
37%|###6      | 
575/1563 [05:29<09:19, 
 1.77it/s, acc=3.5%, 
loss=4.1869]
Task 0 Epoch 1/1:  
37%|###6      | 
575/1563 [05:30<09:19, 
 1.77it/s, acc=3.5%, 
loss=4.1719]
Task 0 Epoch 1/1:  
37%|###6      | 
576/1563 [05:30<09:15, 
 1.78it/s, acc=3.5%, 
loss=4.1719]
Task 0 Epoch 1/1:  
37%|###6      | 
576/1563 [05:31<09:15, 
 1.78it/s, acc=3.5%, 
loss=4.2400]
Task 0 Epoch 1/1:  
37%|###6      | 
577/1563 [05:31<09:10, 
 1.79it/s, acc=3.5%, 
loss=4.2400]
Task 0 Epoch 1/1:  
37%|###6      | 
577/1563 [05:31<09:10, 
 1.79it/s, acc=3.5%, 
loss=4.0503]
Task 0 Epoch 1/1:  
37%|###6      | 
578/1563 [05:31<09:05, 
 1.81it/s, acc=3.5%, 
loss=4.0503]
Task 0 Epoch 1/1:  
37%|###6      | 
578/1563 [05:32<09:05, 
 1.81it/s, acc=3.5%, 
loss=3.6602]
Task 0 Epoch 1/1:  
37%|###7      | 
579/1563 [05:32<09:07, 
 1.80it/s, acc=3.5%, 
loss=3.6602]
Task 0 Epoch 1/1:  
37%|###7      | 
579/1563 [05:32<09:07, 
 1.80it/s, acc=3.5%, 
loss=3.8558]
Task 0 Epoch 1/1:  
37%|###7      | 
580/1563 [05:32<09:03, 
 1.81it/s, acc=3.5%, 
loss=3.8558]
Task 0 Epoch 1/1:  
37%|###7      | 
580/1563 [05:33<09:03, 
 1.81it/s, acc=3.5%, 
loss=4.2023]
Task 0 Epoch 1/1:  
37%|###7      | 
581/1563 [05:33<09:03, 
 1.81it/s, acc=3.5%, 
loss=4.2023]
Task 0 Epoch 1/1:  
37%|###7      | 
581/1563 [05:33<09:03, 
 1.81it/s, acc=3.5%, 
loss=3.7822]
Task 0 Epoch 1/1:  
37%|###7      | 
582/1563 [05:33<09:02, 
 1.81it/s, acc=3.5%, 
loss=3.7822]
Task 0 Epoch 1/1:  
37%|###7      | 
582/1563 [05:34<09:02, 
 1.81it/s, acc=3.6%, 
loss=4.0061]
Task 0 Epoch 1/1:  
37%|###7      | 
583/1563 [05:34<09:01, 
 1.81it/s, acc=3.6%, 
loss=4.0061]
Task 0 Epoch 1/1:  
37%|###7      | 
583/1563 [05:34<09:01, 
 1.81it/s, acc=3.6%, 
loss=4.0916]
Task 0 Epoch 1/1:  
37%|###7      | 
584/1563 [05:34<08:58, 
 1.82it/s, acc=3.6%, 
loss=4.0916]
Task 0 Epoch 1/1:  
37%|###7      | 
584/1563 [05:35<08:58, 
 1.82it/s, acc=3.6%, 
loss=3.9963]
Task 0 Epoch 1/1:  
37%|###7      | 
585/1563 [05:35<08:58, 
 1.82it/s, acc=3.6%, 
loss=3.9963]
Task 0 Epoch 1/1:  
37%|###7      | 
585/1563 [05:35<08:58, 
 1.82it/s, acc=3.6%, 
loss=4.3386]
Task 0 Epoch 1/1:  
37%|###7      | 
586/1563 [05:35<08:55, 
 1.82it/s, acc=3.6%, 
loss=4.3386]
Task 0 Epoch 1/1:  
37%|###7      | 
586/1563 [05:36<08:55, 
 1.82it/s, acc=3.6%, 
loss=3.7091]
Task 0 Epoch 1/1:  
38%|###7      | 
587/1563 [05:36<08:54, 
 1.83it/s, acc=3.6%, 
loss=3.7091]
Task 0 Epoch 1/1:  
38%|###7      | 
587/1563 [05:37<08:54, 
 1.83it/s, acc=3.6%, 
loss=4.1781]
Task 0 Epoch 1/1:  
38%|###7      | 
588/1563 [05:37<08:57, 
 1.82it/s, acc=3.6%, 
loss=4.1781]
Task 0 Epoch 1/1:  
38%|###7      | 
588/1563 [05:37<08:57, 
 1.82it/s, acc=3.6%, 
loss=4.1794]
Task 0 Epoch 1/1:  
38%|###7      | 
589/1563 [05:37<08:53, 
 1.83it/s, acc=3.6%, 
loss=4.1794]
Task 0 Epoch 1/1:  
38%|###7      | 
589/1563 [05:38<08:53, 
 1.83it/s, acc=3.6%, 
loss=3.9462]
Task 0 Epoch 1/1:  
38%|###7      | 
590/1563 [05:38<08:56, 
 1.81it/s, acc=3.6%, 
loss=3.9462]
Task 0 Epoch 1/1:  
38%|###7      | 
590/1563 [05:38<08:56, 
 1.81it/s, acc=3.6%, 
loss=3.8514]
Task 0 Epoch 1/1:  
38%|###7      | 
591/1563 [05:38<08:56, 
 1.81it/s, acc=3.6%, 
loss=3.8514]
Task 0 Epoch 1/1:  
38%|###7      | 
591/1563 [05:39<08:56, 
 1.81it/s, acc=3.6%, 
loss=3.9609]
Task 0 Epoch 1/1:  
38%|###7      | 
592/1563 [05:39<08:53, 
 1.82it/s, acc=3.6%, 
loss=3.9609]
Task 0 Epoch 1/1:  
38%|###7      | 
592/1563 [05:39<08:53, 
 1.82it/s, acc=3.6%, 
loss=4.0826]
Task 0 Epoch 1/1:  
38%|###7      | 
593/1563 [05:39<08:51, 
 1.82it/s, acc=3.6%, 
loss=4.0826]
Task 0 Epoch 1/1:  
38%|###7      | 
593/1563 [05:40<08:51, 
 1.82it/s, acc=3.6%, 
loss=3.7217]
Task 0 Epoch 1/1:  
38%|###8      | 
594/1563 [05:40<08:52, 
 1.82it/s, acc=3.6%, 
loss=3.7217]
Task 0 Epoch 1/1:  
38%|###8      | 
594/1563 [05:40<08:52, 
 1.82it/s, acc=3.6%, 
loss=4.0169]
Task 0 Epoch 1/1:  
38%|###8      | 
595/1563 [05:40<08:51, 
 1.82it/s, acc=3.6%, 
loss=4.0169]
Task 0 Epoch 1/1:  
38%|###8      | 
595/1563 [05:41<08:51, 
 1.82it/s, acc=3.6%, 
loss=4.2810]
Task 0 Epoch 1/1:  
38%|###8      | 
596/1563 [05:41<08:53, 
 1.81it/s, acc=3.6%, 
loss=4.2810]
Task 0 Epoch 1/1:  
38%|###8      | 
596/1563 [05:42<08:53, 
 1.81it/s, acc=3.6%, 
loss=3.6729]
Task 0 Epoch 1/1:  
38%|###8      | 
597/1563 [05:42<08:54, 
 1.81it/s, acc=3.6%, 
loss=3.6729]
Task 0 Epoch 1/1:  
38%|###8      | 
597/1563 [05:42<08:54, 
 1.81it/s, acc=3.6%, 
loss=4.0080]
Task 0 Epoch 1/1:  
38%|###8      | 
598/1563 [05:42<08:56, 
 1.80it/s, acc=3.6%, 
loss=4.0080]
Task 0 Epoch 1/1:  
38%|###8      | 
598/1563 [05:43<08:56, 
 1.80it/s, acc=3.6%, 
loss=3.9481]
Task 0 Epoch 1/1:  
38%|###8      | 
599/1563 [05:43<08:57, 
 1.80it/s, acc=3.6%, 
loss=3.9481]
Task 0 Epoch 1/1:  
38%|###8      | 
599/1563 [05:43<08:57, 
 1.80it/s, acc=3.6%, 
loss=4.3929]
Task 0 Epoch 1/1:  
38%|###8      | 
600/1563 [05:43<09:20, 
 1.72it/s, acc=3.6%, 
loss=4.3929]
Task 0 Epoch 1/1:  
38%|###8      | 
600/1563 [05:44<09:20, 
 1.72it/s, acc=3.6%, 
loss=4.4848]
Task 0 Epoch 1/1:  
38%|###8      | 
601/1563 [05:44<09:25, 
 1.70it/s, acc=3.6%, 
loss=4.4848]
Task 0 Epoch 1/1:  
38%|###8      | 
601/1563 [05:44<09:25, 
 1.70it/s, acc=3.6%, 
loss=3.8617]
Task 0 Epoch 1/1:  
39%|###8      | 
602/1563 [05:44<09:15, 
 1.73it/s, acc=3.6%, 
loss=3.8617]
Task 0 Epoch 1/1:  
39%|###8      | 
602/1563 [05:45<09:15, 
 1.73it/s, acc=3.6%, 
loss=4.4665]
Task 0 Epoch 1/1:  
39%|###8      | 
603/1563 [05:45<09:08, 
 1.75it/s, acc=3.6%, 
loss=4.4665]
Task 0 Epoch 1/1:  
39%|###8      | 
603/1563 [05:46<09:08, 
 1.75it/s, acc=3.6%, 
loss=3.8492]
Task 0 Epoch 1/1:  
39%|###8      | 
604/1563 [05:46<09:01, 
 1.77it/s, acc=3.6%, 
loss=3.8492]
Task 0 Epoch 1/1:  
39%|###8      | 
604/1563 [05:46<09:01, 
 1.77it/s, acc=3.6%, 
loss=3.5013]
Task 0 Epoch 1/1:  
39%|###8      | 
605/1563 [05:46<09:12, 
 1.73it/s, acc=3.6%, 
loss=3.5013]
Task 0 Epoch 1/1:  
39%|###8      | 
605/1563 [05:47<09:12, 
 1.73it/s, acc=3.6%, 
loss=4.1086]
Task 0 Epoch 1/1:  
39%|###8      | 
606/1563 [05:47<09:22, 
 1.70it/s, acc=3.6%, 
loss=4.1086]
Task 0 Epoch 1/1:  
39%|###8      | 
606/1563 [05:47<09:22, 
 1.70it/s, acc=3.6%, 
loss=3.6425]
Task 0 Epoch 1/1:  
39%|###8      | 
607/1563 [05:47<09:38, 
 1.65it/s, acc=3.6%, 
loss=3.6425]
Task 0 Epoch 1/1:  
39%|###8      | 
607/1563 [05:48<09:38, 
 1.65it/s, acc=3.6%, 
loss=3.7762]
Task 0 Epoch 1/1:  
39%|###8      | 
608/1563 [05:48<09:36, 
 1.66it/s, acc=3.6%, 
loss=3.7762]
Task 0 Epoch 1/1:  
39%|###8      | 
608/1563 [05:49<09:36, 
 1.66it/s, acc=3.6%, 
loss=4.1726]
Task 0 Epoch 1/1:  
39%|###8      | 
609/1563 [05:49<09:33, 
 1.66it/s, acc=3.6%, 
loss=4.1726]
Task 0 Epoch 1/1:  
39%|###8      | 
609/1563 [05:49<09:33, 
 1.66it/s, acc=3.6%, 
loss=3.8405]
Task 0 Epoch 1/1:  
39%|###9      | 
610/1563 [05:49<09:32, 
 1.67it/s, acc=3.6%, 
loss=3.8405]
Task 0 Epoch 1/1:  
39%|###9      | 
610/1563 [05:50<09:32, 
 1.67it/s, acc=3.5%, 
loss=4.7041]
Task 0 Epoch 1/1:  
39%|###9      | 
611/1563 [05:50<09:23, 
 1.69it/s, acc=3.5%, 
loss=4.7041]
Task 0 Epoch 1/1:  
39%|###9      | 
611/1563 [05:51<09:23, 
 1.69it/s, acc=3.5%, 
loss=4.2258]
Task 0 Epoch 1/1:  
39%|###9      | 
612/1563 [05:51<10:07, 
 1.57it/s, acc=3.5%, 
loss=4.2258]
Task 0 Epoch 1/1:  
39%|###9      | 
612/1563 [05:51<10:07, 
 1.57it/s, acc=3.5%, 
loss=4.1452]
Task 0 Epoch 1/1:  
39%|###9      | 
613/1563 [05:51<10:06, 
 1.57it/s, acc=3.5%, 
loss=4.1452]
Task 0 Epoch 1/1:  
39%|###9      | 
613/1563 [05:52<10:06, 
 1.57it/s, acc=3.6%, 
loss=4.0262]
Task 0 Epoch 1/1:  
39%|###9      | 
614/1563 [05:52<10:02, 
 1.58it/s, acc=3.6%, 
loss=4.0262]
Task 0 Epoch 1/1:  
39%|###9      | 
614/1563 [05:52<10:02, 
 1.58it/s, acc=3.5%, 
loss=4.2367]
Task 0 Epoch 1/1:  
39%|###9      | 
615/1563 [05:52<09:53, 
 1.60it/s, acc=3.5%, 
loss=4.2367]
Task 0 Epoch 1/1:  
39%|###9      | 
615/1563 [05:53<09:53, 
 1.60it/s, acc=3.6%, 
loss=4.0810]
Task 0 Epoch 1/1:  
39%|###9      | 
616/1563 [05:53<09:45, 
 1.62it/s, acc=3.6%, 
loss=4.0810]
Task 0 Epoch 1/1:  
39%|###9      | 
616/1563 [05:54<09:45, 
 1.62it/s, acc=3.6%, 
loss=3.9579]
Task 0 Epoch 1/1:  
39%|###9      | 
617/1563 [05:54<09:41, 
 1.63it/s, acc=3.6%, 
loss=3.9579]
Task 0 Epoch 1/1:  
39%|###9      | 
617/1563 [05:54<09:41, 
 1.63it/s, acc=3.5%, 
loss=4.1110]
Task 0 Epoch 1/1:  
40%|###9      | 
618/1563 [05:54<09:38, 
 1.63it/s, acc=3.5%, 
loss=4.1110]
Task 0 Epoch 1/1:  
40%|###9      | 
618/1563 [05:55<09:38, 
 1.63it/s, acc=3.6%, 
loss=4.1532]
Task 0 Epoch 1/1:  
40%|###9      | 
619/1563 [05:55<09:35, 
 1.64it/s, acc=3.6%, 
loss=4.1532]
Task 0 Epoch 1/1:  
40%|###9      | 
619/1563 [05:55<09:35, 
 1.64it/s, acc=3.5%, 
loss=4.5136]
Task 0 Epoch 1/1:  
40%|###9      | 
620/1563 [05:55<09:34, 
 1.64it/s, acc=3.5%, 
loss=4.5136]
Task 0 Epoch 1/1:  
40%|###9      | 
620/1563 [05:56<09:34, 
 1.64it/s, acc=3.6%, 
loss=4.2848]
Task 0 Epoch 1/1:  
40%|###9      | 
621/1563 [05:56<09:30, 
 1.65it/s, acc=3.6%, 
loss=4.2848]
Task 0 Epoch 1/1:  
40%|###9      | 
621/1563 [05:57<09:30, 
 1.65it/s, acc=3.5%, 
loss=3.8983]
Task 0 Epoch 1/1:  
40%|###9      | 
622/1563 [05:57<09:29, 
 1.65it/s, acc=3.5%, 
loss=3.8983]
Task 0 Epoch 1/1:  
40%|###9      | 
622/1563 [05:57<09:29, 
 1.65it/s, acc=3.5%, 
loss=4.4117]
Task 0 Epoch 1/1:  
40%|###9      | 
623/1563 [05:57<10:14, 
 1.53it/s, acc=3.5%, 
loss=4.4117]
Task 0 Epoch 1/1:  
40%|###9      | 
623/1563 [05:58<10:14, 
 1.53it/s, acc=3.5%, 
loss=3.9060]
Task 0 Epoch 1/1:  
40%|###9      | 
624/1563 [05:58<09:52, 
 1.59it/s, acc=3.5%, 
loss=3.9060]
Task 0 Epoch 1/1:  
40%|###9      | 
624/1563 [05:59<09:52, 
 1.59it/s, acc=3.5%, 
loss=4.0328]
Task 0 Epoch 1/1:  
40%|###9      | 
625/1563 [05:59<09:53, 
 1.58it/s, acc=3.5%, 
loss=4.0328]
Task 0 Epoch 1/1:  
40%|###9      | 
625/1563 [05:59<09:53, 
 1.58it/s, acc=3.6%, 
loss=3.6654]
Task 0 Epoch 1/1:  
40%|####      | 
626/1563 [05:59<09:56, 
 1.57it/s, acc=3.6%, 
loss=3.6654]
Task 0 Epoch 1/1:  
40%|####      | 
626/1563 [06:00<09:56, 
 1.57it/s, acc=3.6%, 
loss=4.4113]
Task 0 Epoch 1/1:  
40%|####      | 
627/1563 [06:00<09:54, 
 1.58it/s, acc=3.6%, 
loss=4.4113]
Task 0 Epoch 1/1:  
40%|####      | 
627/1563 [06:01<09:54, 
 1.58it/s, acc=3.6%, 
loss=3.5888]
Task 0 Epoch 1/1:  
40%|####      | 
628/1563 [06:01<09:45, 
 1.60it/s, acc=3.6%, 
loss=3.5888]
Task 0 Epoch 1/1:  
40%|####      | 
628/1563 [06:01<09:45, 
 1.60it/s, acc=3.6%, 
loss=3.9856]
Task 0 Epoch 1/1:  
40%|####      | 
629/1563 [06:01<09:36, 
 1.62it/s, acc=3.6%, 
loss=3.9856]
Task 0 Epoch 1/1:  
40%|####      | 
629/1563 [06:02<09:36, 
 1.62it/s, acc=3.6%, 
loss=4.7059]
Task 0 Epoch 1/1:  
40%|####      | 
630/1563 [06:02<09:30, 
 1.63it/s, acc=3.6%, 
loss=4.7059]
Task 0 Epoch 1/1:  
40%|####      | 
630/1563 [06:02<09:30, 
 1.63it/s, acc=3.6%, 
loss=4.0400]
Task 0 Epoch 1/1:  
40%|####      | 
631/1563 [06:02<09:29, 
 1.64it/s, acc=3.6%, 
loss=4.0400]
Task 0 Epoch 1/1:  
40%|####      | 
631/1563 [06:03<09:29, 
 1.64it/s, acc=3.6%, 
loss=3.8738]
Task 0 Epoch 1/1:  
40%|####      | 
632/1563 [06:03<09:23, 
 1.65it/s, acc=3.6%, 
loss=3.8738]
Task 0 Epoch 1/1:  
40%|####      | 
632/1563 [06:04<09:23, 
 1.65it/s, acc=3.6%, 
loss=4.2848]
Task 0 Epoch 1/1:  
40%|####      | 
633/1563 [06:04<09:22, 
 1.65it/s, acc=3.6%, 
loss=4.2848]
Task 0 Epoch 1/1:  
40%|####      | 
633/1563 [06:04<09:22, 
 1.65it/s, acc=3.6%, 
loss=4.0433]
Task 0 Epoch 1/1:  
41%|####      | 
634/1563 [06:04<09:23, 
 1.65it/s, acc=3.6%, 
loss=4.0433]
Task 0 Epoch 1/1:  
41%|####      | 
634/1563 [06:05<09:23, 
 1.65it/s, acc=3.6%, 
loss=4.0705]
Task 0 Epoch 1/1:  
41%|####      | 
635/1563 [06:05<09:37, 
 1.61it/s, acc=3.6%, 
loss=4.0705]
Task 0 Epoch 1/1:  
41%|####      | 
635/1563 [06:05<09:37, 
 1.61it/s, acc=3.6%, 
loss=4.1682]
Task 0 Epoch 1/1:  
41%|####      | 
636/1563 [06:05<09:26, 
 1.64it/s, acc=3.6%, 
loss=4.1682]
Task 0 Epoch 1/1:  
41%|####      | 
636/1563 [06:06<09:26, 
 1.64it/s, acc=3.6%, 
loss=3.7527]
Task 0 Epoch 1/1:  
41%|####      | 
637/1563 [06:06<09:22, 
 1.65it/s, acc=3.6%, 
loss=3.7527]
Task 0 Epoch 1/1:  
41%|####      | 
637/1563 [06:07<09:22, 
 1.65it/s, acc=3.6%, 
loss=4.2285]
Task 0 Epoch 1/1:  
41%|####      | 
638/1563 [06:07<09:20, 
 1.65it/s, acc=3.6%, 
loss=4.2285]
Task 0 Epoch 1/1:  
41%|####      | 
638/1563 [06:07<09:20, 
 1.65it/s, acc=3.6%, 
loss=3.7078]
Task 0 Epoch 1/1:  
41%|####      | 
639/1563 [06:07<09:19, 
 1.65it/s, acc=3.6%, 
loss=3.7078]
Task 0 Epoch 1/1:  
41%|####      | 
639/1563 [06:08<09:19, 
 1.65it/s, acc=3.6%, 
loss=4.4635]
Task 0 Epoch 1/1:  
41%|####      | 
640/1563 [06:08<09:20, 
 1.65it/s, acc=3.6%, 
loss=4.4635]
Task 0 Epoch 1/1:  
41%|####      | 
640/1563 [06:08<09:20, 
 1.65it/s, acc=3.6%, 
loss=3.8059]
Task 0 Epoch 1/1:  
41%|####1     | 
641/1563 [06:08<09:21, 
 1.64it/s, acc=3.6%, 
loss=3.8059]
Task 0 Epoch 1/1:  
41%|####1     | 
641/1563 [06:09<09:21, 
 1.64it/s, acc=3.6%, 
loss=3.6602]
Task 0 Epoch 1/1:  
41%|####1     | 
642/1563 [06:09<09:20, 
 1.64it/s, acc=3.6%, 
loss=3.6602]
Task 0 Epoch 1/1:  
41%|####1     | 
642/1563 [06:10<09:20, 
 1.64it/s, acc=3.6%, 
loss=4.2014]
Task 0 Epoch 1/1:  
41%|####1     | 
643/1563 [06:10<09:15, 
 1.66it/s, acc=3.6%, 
loss=4.2014]
Task 0 Epoch 1/1:  
41%|####1     | 
643/1563 [06:10<09:15, 
 1.66it/s, acc=3.6%, 
loss=3.7190]
Task 0 Epoch 1/1:  
41%|####1     | 
644/1563 [06:10<09:21, 
 1.64it/s, acc=3.6%, 
loss=3.7190]
Task 0 Epoch 1/1:  
41%|####1     | 
644/1563 [06:11<09:21, 
 1.64it/s, acc=3.6%, 
loss=3.6652]
Task 0 Epoch 1/1:  
41%|####1     | 
645/1563 [06:11<09:21, 
 1.64it/s, acc=3.6%, 
loss=3.6652]
Task 0 Epoch 1/1:  
41%|####1     | 
645/1563 [06:11<09:21, 
 1.64it/s, acc=3.6%, 
loss=4.7874]
Task 0 Epoch 1/1:  
41%|####1     | 
646/1563 [06:11<09:18, 
 1.64it/s, acc=3.6%, 
loss=4.7874]
Task 0 Epoch 1/1:  
41%|####1     | 
646/1563 [06:12<09:18, 
 1.64it/s, acc=3.6%, 
loss=3.8013]
Task 0 Epoch 1/1:  
41%|####1     | 
647/1563 [06:12<09:14, 
 1.65it/s, acc=3.6%, 
loss=3.8013]
Task 0 Epoch 1/1:  
41%|####1     | 
647/1563 [06:13<09:14, 
 1.65it/s, acc=3.6%, 
loss=3.9979]
Task 0 Epoch 1/1:  
41%|####1     | 
648/1563 [06:13<09:11, 
 1.66it/s, acc=3.6%, 
loss=3.9979]
Task 0 Epoch 1/1:  
41%|####1     | 
648/1563 [06:13<09:11, 
 1.66it/s, acc=3.6%, 
loss=3.7981]
Task 0 Epoch 1/1:  
42%|####1     | 
649/1563 [06:13<09:09, 
 1.66it/s, acc=3.6%, 
loss=3.7981]
Task 0 Epoch 1/1:  
42%|####1     | 
649/1563 [06:14<09:09, 
 1.66it/s, acc=3.6%, 
loss=3.9544]
Task 0 Epoch 1/1:  
42%|####1     | 
650/1563 [06:14<09:13, 
 1.65it/s, acc=3.6%, 
loss=3.9544]
Task 0 Epoch 1/1:  
42%|####1     | 
650/1563 [06:14<09:13, 
 1.65it/s, acc=3.6%, 
loss=3.9607]
Task 0 Epoch 1/1:  
42%|####1     | 
651/1563 [06:14<09:08, 
 1.66it/s, acc=3.6%, 
loss=3.9607]
Task 0 Epoch 1/1:  
42%|####1     | 
651/1563 [06:15<09:08, 
 1.66it/s, acc=3.6%, 
loss=3.9033]
Task 0 Epoch 1/1:  
42%|####1     | 
652/1563 [06:15<09:00, 
 1.68it/s, acc=3.6%, 
loss=3.9033]
Task 0 Epoch 1/1:  
42%|####1     | 
652/1563 [06:16<09:00, 
 1.68it/s, acc=3.6%, 
loss=4.0493]
Task 0 Epoch 1/1:  
42%|####1     | 
653/1563 [06:16<09:13, 
 1.64it/s, acc=3.6%, 
loss=4.0493]
Task 0 Epoch 1/1:  
42%|####1     | 
653/1563 [06:16<09:13, 
 1.64it/s, acc=3.6%, 
loss=3.9448]
Task 0 Epoch 1/1:  
42%|####1     | 
654/1563 [06:16<09:16, 
 1.63it/s, acc=3.6%, 
loss=3.9448]
Task 0 Epoch 1/1:  
42%|####1     | 
654/1563 [06:17<09:16, 
 1.63it/s, acc=3.6%, 
loss=4.1150]
Task 0 Epoch 1/1:  
42%|####1     | 
655/1563 [06:17<09:15, 
 1.63it/s, acc=3.6%, 
loss=4.1150]
Task 0 Epoch 1/1:  
42%|####1     | 
655/1563 [06:17<09:15, 
 1.63it/s, acc=3.6%, 
loss=4.0534]
Task 0 Epoch 1/1:  
42%|####1     | 
656/1563 [06:17<09:11, 
 1.64it/s, acc=3.6%, 
loss=4.0534]
Task 0 Epoch 1/1:  
42%|####1     | 
656/1563 [06:18<09:11, 
 1.64it/s, acc=3.6%, 
loss=3.9890]
Task 0 Epoch 1/1:  
42%|####2     | 
657/1563 [06:18<09:07, 
 1.65it/s, acc=3.6%, 
loss=3.9890]
Task 0 Epoch 1/1:  
42%|####2     | 
657/1563 [06:19<09:07, 
 1.65it/s, acc=3.6%, 
loss=3.9614]
Task 0 Epoch 1/1:  
42%|####2     | 
658/1563 [06:19<09:06, 
 1.65it/s, acc=3.6%, 
loss=3.9614]
Task 0 Epoch 1/1:  
42%|####2     | 
658/1563 [06:19<09:06, 
 1.65it/s, acc=3.6%, 
loss=3.8282]
Task 0 Epoch 1/1:  
42%|####2     | 
659/1563 [06:19<09:04, 
 1.66it/s, acc=3.6%, 
loss=3.8282]
Task 0 Epoch 1/1:  
42%|####2     | 
659/1563 [06:20<09:04, 
 1.66it/s, acc=3.7%, 
loss=3.7860]
Task 0 Epoch 1/1:  
42%|####2     | 
660/1563 [06:20<09:02, 
 1.66it/s, acc=3.7%, 
loss=3.7860]
Task 0 Epoch 1/1:  
42%|####2     | 
660/1563 [06:20<09:02, 
 1.66it/s, acc=3.6%, 
loss=4.3713]
Task 0 Epoch 1/1:  
42%|####2     | 
661/1563 [06:20<09:02, 
 1.66it/s, acc=3.6%, 
loss=4.3713]
Task 0 Epoch 1/1:  
42%|####2     | 
661/1563 [06:21<09:02, 
 1.66it/s, acc=3.6%, 
loss=4.0952]
Task 0 Epoch 1/1:  
42%|####2     | 
662/1563 [06:21<09:01, 
 1.66it/s, acc=3.6%, 
loss=4.0952]
Task 0 Epoch 1/1:  
42%|####2     | 
662/1563 [06:22<09:01, 
 1.66it/s, acc=3.6%, 
loss=3.7754]
Task 0 Epoch 1/1:  
42%|####2     | 
663/1563 [06:22<09:03, 
 1.66it/s, acc=3.6%, 
loss=3.7754]
Task 0 Epoch 1/1:  
42%|####2     | 
663/1563 [06:22<09:03, 
 1.66it/s, acc=3.6%, 
loss=3.9654]
Task 0 Epoch 1/1:  
42%|####2     | 
664/1563 [06:22<09:03, 
 1.66it/s, acc=3.6%, 
loss=3.9654]
Task 0 Epoch 1/1:  
42%|####2     | 
664/1563 [06:23<09:03, 
 1.66it/s, acc=3.6%, 
loss=4.1914]
Task 0 Epoch 1/1:  
43%|####2     | 
665/1563 [06:23<09:02, 
 1.65it/s, acc=3.6%, 
loss=4.1914]
Task 0 Epoch 1/1:  
43%|####2     | 
665/1563 [06:24<09:02, 
 1.65it/s, acc=3.6%, 
loss=3.8861]
Task 0 Epoch 1/1:  
43%|####2     | 
666/1563 [06:24<09:04, 
 1.65it/s, acc=3.6%, 
loss=3.8861]
Task 0 Epoch 1/1:  
43%|####2     | 
666/1563 [06:24<09:04, 
 1.65it/s, acc=3.6%, 
loss=4.1140]
Task 0 Epoch 1/1:  
43%|####2     | 
667/1563 [06:24<09:02, 
 1.65it/s, acc=3.6%, 
loss=4.1140]
Task 0 Epoch 1/1:  
43%|####2     | 
667/1563 [06:25<09:02, 
 1.65it/s, acc=3.6%, 
loss=4.2008]
Task 0 Epoch 1/1:  
43%|####2     | 
668/1563 [06:25<09:01, 
 1.65it/s, acc=3.6%, 
loss=4.2008]
Task 0 Epoch 1/1:  
43%|####2     | 
668/1563 [06:25<09:01, 
 1.65it/s, acc=3.7%, 
loss=4.2157]
Task 0 Epoch 1/1:  
43%|####2     | 
669/1563 [06:25<09:03, 
 1.65it/s, acc=3.7%, 
loss=4.2157]
Task 0 Epoch 1/1:  
43%|####2     | 
669/1563 [06:26<09:03, 
 1.65it/s, acc=3.7%, 
loss=4.1915]
Task 0 Epoch 1/1:  
43%|####2     | 
670/1563 [06:26<09:03, 
 1.64it/s, acc=3.7%, 
loss=4.1915]
Task 0 Epoch 1/1:  
43%|####2     | 
670/1563 [06:27<09:03, 
 1.64it/s, acc=3.7%, 
loss=4.3687]
Task 0 Epoch 1/1:  
43%|####2     | 
671/1563 [06:27<09:02, 
 1.64it/s, acc=3.7%, 
loss=4.3687]
Task 0 Epoch 1/1:  
43%|####2     | 
671/1563 [06:27<09:02, 
 1.64it/s, acc=3.7%, 
loss=4.1506]
Task 0 Epoch 1/1:  
43%|####2     | 
672/1563 [06:27<08:59, 
 1.65it/s, acc=3.7%, 
loss=4.1506]
Task 0 Epoch 1/1:  
43%|####2     | 
672/1563 [06:28<08:59, 
 1.65it/s, acc=3.7%, 
loss=3.8871]
Task 0 Epoch 1/1:  
43%|####3     | 
673/1563 [06:28<08:53, 
 1.67it/s, acc=3.7%, 
loss=3.8871]
Task 0 Epoch 1/1:  
43%|####3     | 
673/1563 [06:28<08:53, 
 1.67it/s, acc=3.7%, 
loss=4.2318]
Task 0 Epoch 1/1:  
43%|####3     | 
674/1563 [06:28<08:47, 
 1.68it/s, acc=3.7%, 
loss=4.2318]
Task 0 Epoch 1/1:  
43%|####3     | 
674/1563 [06:29<08:47, 
 1.68it/s, acc=3.7%, 
loss=4.5119]
Task 0 Epoch 1/1:  
43%|####3     | 
675/1563 [06:29<08:49, 
 1.68it/s, acc=3.7%, 
loss=4.5119]
Task 0 Epoch 1/1:  
43%|####3     | 
675/1563 [06:30<08:49, 
 1.68it/s, acc=3.7%, 
loss=4.0227]
Task 0 Epoch 1/1:  
43%|####3     | 
676/1563 [06:30<08:53, 
 1.66it/s, acc=3.7%, 
loss=4.0227]
Task 0 Epoch 1/1:  
43%|####3     | 
676/1563 [06:30<08:53, 
 1.66it/s, acc=3.7%, 
loss=4.3616]
Task 0 Epoch 1/1:  
43%|####3     | 
677/1563 [06:30<08:55, 
 1.65it/s, acc=3.7%, 
loss=4.3616]
Task 0 Epoch 1/1:  
43%|####3     | 
677/1563 [06:31<08:55, 
 1.65it/s, acc=3.7%, 
loss=4.4928]
Task 0 Epoch 1/1:  
43%|####3     | 
678/1563 [06:31<09:07, 
 1.62it/s, acc=3.7%, 
loss=4.4928]
Task 0 Epoch 1/1:  
43%|####3     | 
678/1563 [06:31<09:07, 
 1.62it/s, acc=3.7%, 
loss=4.1828]
Task 0 Epoch 1/1:  
43%|####3     | 
679/1563 [06:31<09:00, 
 1.63it/s, acc=3.7%, 
loss=4.1828]
Task 0 Epoch 1/1:  
43%|####3     | 
679/1563 [06:32<09:00, 
 1.63it/s, acc=3.7%, 
loss=4.2514]
Task 0 Epoch 1/1:  
44%|####3     | 
680/1563 [06:32<08:45, 
 1.68it/s, acc=3.7%, 
loss=4.2514]
Task 0 Epoch 1/1:  
44%|####3     | 
680/1563 [06:33<08:45, 
 1.68it/s, acc=3.7%, 
loss=4.1774]
Task 0 Epoch 1/1:  
44%|####3     | 
681/1563 [06:33<08:34, 
 1.71it/s, acc=3.7%, 
loss=4.1774]
Task 0 Epoch 1/1:  
44%|####3     | 
681/1563 [06:33<08:34, 
 1.71it/s, acc=3.7%, 
loss=3.8216]
Task 0 Epoch 1/1:  
44%|####3     | 
682/1563 [06:33<08:25, 
 1.74it/s, acc=3.7%, 
loss=3.8216]
Task 0 Epoch 1/1:  
44%|####3     | 
682/1563 [06:34<08:25, 
 1.74it/s, acc=3.7%, 
loss=3.7612]
Task 0 Epoch 1/1:  
44%|####3     | 
683/1563 [06:34<08:21, 
 1.75it/s, acc=3.7%, 
loss=3.7612]
Task 0 Epoch 1/1:  
44%|####3     | 
683/1563 [06:34<08:21, 
 1.75it/s, acc=3.7%, 
loss=3.8242]
Task 0 Epoch 1/1:  
44%|####3     | 
684/1563 [06:34<08:17, 
 1.77it/s, acc=3.7%, 
loss=3.8242]
Task 0 Epoch 1/1:  
44%|####3     | 
684/1563 [06:35<08:17, 
 1.77it/s, acc=3.7%, 
loss=4.2328]
Task 0 Epoch 1/1:  
44%|####3     | 
685/1563 [06:35<08:13, 
 1.78it/s, acc=3.7%, 
loss=4.2328]
Task 0 Epoch 1/1:  
44%|####3     | 
685/1563 [06:35<08:13, 
 1.78it/s, acc=3.7%, 
loss=3.9987]
Task 0 Epoch 1/1:  
44%|####3     | 
686/1563 [06:35<08:21, 
 1.75it/s, acc=3.7%, 
loss=3.9987]
Task 0 Epoch 1/1:  
44%|####3     | 
686/1563 [06:36<08:21, 
 1.75it/s, acc=3.7%, 
loss=4.0669]
Task 0 Epoch 1/1:  
44%|####3     | 
687/1563 [06:36<08:27, 
 1.73it/s, acc=3.7%, 
loss=4.0669]
Task 0 Epoch 1/1:  
44%|####3     | 
687/1563 [06:37<08:27, 
 1.73it/s, acc=3.7%, 
loss=3.4249]
Task 0 Epoch 1/1:  
44%|####4     | 
688/1563 [06:37<08:34, 
 1.70it/s, acc=3.7%, 
loss=3.4249]
Task 0 Epoch 1/1:  
44%|####4     | 
688/1563 [06:37<08:34, 
 1.70it/s, acc=3.7%, 
loss=4.1259]
Task 0 Epoch 1/1:  
44%|####4     | 
689/1563 [06:37<08:38, 
 1.69it/s, acc=3.7%, 
loss=4.1259]
Task 0 Epoch 1/1:  
44%|####4     | 
689/1563 [06:38<08:38, 
 1.69it/s, acc=3.7%, 
loss=3.7025]
Task 0 Epoch 1/1:  
44%|####4     | 
690/1563 [06:38<08:40, 
 1.68it/s, acc=3.7%, 
loss=3.7025]
Task 0 Epoch 1/1:  
44%|####4     | 
690/1563 [06:38<08:40, 
 1.68it/s, acc=3.7%, 
loss=4.2076]
Task 0 Epoch 1/1:  
44%|####4     | 
691/1563 [06:38<08:43, 
 1.67it/s, acc=3.7%, 
loss=4.2076]
Task 0 Epoch 1/1:  
44%|####4     | 
691/1563 [06:39<08:43, 
 1.67it/s, acc=3.7%, 
loss=3.9073]
Task 0 Epoch 1/1:  
44%|####4     | 
692/1563 [06:39<08:59, 
 1.61it/s, acc=3.7%, 
loss=3.9073]
Task 0 Epoch 1/1:  
44%|####4     | 
692/1563 [06:40<08:59, 
 1.61it/s, acc=3.7%, 
loss=3.9150]
Task 0 Epoch 1/1:  
44%|####4     | 
693/1563 [06:40<09:56, 
 1.46it/s, acc=3.7%, 
loss=3.9150]
Task 0 Epoch 1/1:  
44%|####4     | 
693/1563 [06:40<09:56, 
 1.46it/s, acc=3.7%, 
loss=4.3240]
Task 0 Epoch 1/1:  
44%|####4     | 
694/1563 [06:40<09:41, 
 1.50it/s, acc=3.7%, 
loss=4.3240]
Task 0 Epoch 1/1:  
44%|####4     | 
694/1563 [06:41<09:41, 
 1.50it/s, acc=3.7%, 
loss=3.9973]
Task 0 Epoch 1/1:  
44%|####4     | 
695/1563 [06:41<09:31, 
 1.52it/s, acc=3.7%, 
loss=3.9973]
Task 0 Epoch 1/1:  
44%|####4     | 
695/1563 [06:42<09:31, 
 1.52it/s, acc=3.7%, 
loss=4.1276]
Task 0 Epoch 1/1:  
45%|####4     | 
696/1563 [06:42<09:18, 
 1.55it/s, acc=3.7%, 
loss=4.1276]
Task 0 Epoch 1/1:  
45%|####4     | 
696/1563 [06:42<09:18, 
 1.55it/s, acc=3.7%, 
loss=3.8671]
Task 0 Epoch 1/1:  
45%|####4     | 
697/1563 [06:42<09:13, 
 1.56it/s, acc=3.7%, 
loss=3.8671]
Task 0 Epoch 1/1:  
45%|####4     | 
697/1563 [06:43<09:13, 
 1.56it/s, acc=3.7%, 
loss=3.7991]
Task 0 Epoch 1/1:  
45%|####4     | 
698/1563 [06:43<09:07, 
 1.58it/s, acc=3.7%, 
loss=3.7991]
Task 0 Epoch 1/1:  
45%|####4     | 
698/1563 [06:44<09:07, 
 1.58it/s, acc=3.7%, 
loss=3.6817]
Task 0 Epoch 1/1:  
45%|####4     | 
699/1563 [06:44<09:02, 
 1.59it/s, acc=3.7%, 
loss=3.6817]
Task 0 Epoch 1/1:  
45%|####4     | 
699/1563 [06:44<09:02, 
 1.59it/s, acc=3.7%, 
loss=3.9958]
Task 0 Epoch 1/1:  
45%|####4     | 
700/1563 [06:44<09:00, 
 1.60it/s, acc=3.7%, 
loss=3.9958]
Task 0 Epoch 1/1:  
45%|####4     | 
700/1563 [06:45<09:00, 
 1.60it/s, acc=3.7%, 
loss=4.1384]
Task 0 Epoch 1/1:  
45%|####4     | 
701/1563 [06:45<09:18, 
 1.54it/s, acc=3.7%, 
loss=4.1384]
Task 0 Epoch 1/1:  
45%|####4     | 
701/1563 [06:46<09:18, 
 1.54it/s, acc=3.7%, 
loss=4.4026]
Task 0 Epoch 1/1:  
45%|####4     | 
702/1563 [06:46<11:45, 
 1.22it/s, acc=3.7%, 
loss=4.4026]
Task 0 Epoch 1/1:  
45%|####4     | 
702/1563 [06:48<11:45, 
 1.22it/s, acc=3.7%, 
loss=4.0161]
Task 0 Epoch 1/1:  
45%|####4     | 
703/1563 [06:48<15:12, 
 1.06s/it, acc=3.7%, 
loss=4.0161]
Task 0 Epoch 1/1:  
45%|####4     | 
703/1563 [06:50<15:12, 
 1.06s/it, acc=3.7%, 
loss=3.7705]
Task 0 Epoch 1/1:  
45%|####5     | 
704/1563 [06:50<18:16, 
 1.28s/it, acc=3.7%, 
loss=3.7705]
Task 0 Epoch 1/1:  
45%|####5     | 
704/1563 [06:51<18:16, 
 1.28s/it, acc=3.7%, 
loss=4.2053]
Task 0 Epoch 1/1:  
45%|####5     | 
705/1563 [06:51<20:32, 
 1.44s/it, acc=3.7%, 
loss=4.2053]
Task 0 Epoch 1/1:  
45%|####5     | 
705/1563 [06:53<20:32, 
 1.44s/it, acc=3.7%, 
loss=3.8971]
Task 0 Epoch 1/1:  
45%|####5     | 
706/1563 [06:53<21:55, 
 1.53s/it, acc=3.7%, 
loss=3.8971]
Task 0 Epoch 1/1:  
45%|####5     | 
706/1563 [06:55<21:55, 
 1.53s/it, acc=3.7%, 
loss=3.7257]
Task 0 Epoch 1/1:  
45%|####5     | 
707/1563 [06:55<22:54, 
 1.61s/it, acc=3.7%, 
loss=3.7257]
Task 0 Epoch 1/1:  
45%|####5     | 
707/1563 [06:57<22:54, 
 1.61s/it, acc=3.7%, 
loss=4.0141]
Task 0 Epoch 1/1:  
45%|####5     | 
708/1563 [06:57<23:33, 
 1.65s/it, acc=3.7%, 
loss=4.0141]
Task 0 Epoch 1/1:  
45%|####5     | 
708/1563 [06:58<23:33, 
 1.65s/it, acc=3.7%, 
loss=3.7520]
Task 0 Epoch 1/1:  
45%|####5     | 
709/1563 [06:58<24:03, 
 1.69s/it, acc=3.7%, 
loss=3.7520]
Task 0 Epoch 1/1:  
45%|####5     | 
709/1563 [07:00<24:03, 
 1.69s/it, acc=3.7%, 
loss=4.0128]
Task 0 Epoch 1/1:  
45%|####5     | 
710/1563 [07:00<24:27, 
 1.72s/it, acc=3.7%, 
loss=4.0128]
Task 0 Epoch 1/1:  
45%|####5     | 
710/1563 [07:02<24:27, 
 1.72s/it, acc=3.7%, 
loss=3.8529]
Task 0 Epoch 1/1:  
45%|####5     | 
711/1563 [07:02<24:57, 
 1.76s/it, acc=3.7%, 
loss=3.8529]
Task 0 Epoch 1/1:  
45%|####5     | 
711/1563 [07:04<24:57, 
 1.76s/it, acc=3.7%, 
loss=3.7410]
Task 0 Epoch 1/1:  
46%|####5     | 
712/1563 [07:04<25:46, 
 1.82s/it, acc=3.7%, 
loss=3.7410]
Task 0 Epoch 1/1:  
46%|####5     | 
712/1563 [07:06<25:46, 
 1.82s/it, acc=3.7%, 
loss=4.1617]
Task 0 Epoch 1/1:  
46%|####5     | 
713/1563 [07:06<25:33, 
 1.80s/it, acc=3.7%, 
loss=4.1617]
Task 0 Epoch 1/1:  
46%|####5     | 
713/1563 [07:08<25:33, 
 1.80s/it, acc=3.7%, 
loss=4.6291]
Task 0 Epoch 1/1:  
46%|####5     | 
714/1563 [07:08<25:36, 
 1.81s/it, acc=3.7%, 
loss=4.6291]
Task 0 Epoch 1/1:  
46%|####5     | 
714/1563 [07:09<25:36, 
 1.81s/it, acc=3.7%, 
loss=3.9685]
Task 0 Epoch 1/1:  
46%|####5     | 
715/1563 [07:09<25:32, 
 1.81s/it, acc=3.7%, 
loss=3.9685]
Task 0 Epoch 1/1:  
46%|####5     | 
715/1563 [07:11<25:32, 
 1.81s/it, acc=3.7%, 
loss=4.0222]
Task 0 Epoch 1/1:  
46%|####5     | 
716/1563 [07:11<25:28, 
 1.80s/it, acc=3.7%, 
loss=4.0222]
Task 0 Epoch 1/1:  
46%|####5     | 
716/1563 [07:13<25:28, 
 1.80s/it, acc=3.7%, 
loss=4.4196]
Task 0 Epoch 1/1:  
46%|####5     | 
717/1563 [07:13<25:21, 
 1.80s/it, acc=3.7%, 
loss=4.4196]
Task 0 Epoch 1/1:  
46%|####5     | 
717/1563 [07:15<25:21, 
 1.80s/it, acc=3.7%, 
loss=3.8141]
Task 0 Epoch 1/1:  
46%|####5     | 
718/1563 [07:15<25:16, 
 1.79s/it, acc=3.7%, 
loss=3.8141]
Task 0 Epoch 1/1:  
46%|####5     | 
718/1563 [07:17<25:16, 
 1.79s/it, acc=3.7%, 
loss=4.0669]
Task 0 Epoch 1/1:  
46%|####6     | 
719/1563 [07:17<25:06, 
 1.78s/it, acc=3.7%, 
loss=4.0669]
Task 0 Epoch 1/1:  
46%|####6     | 
719/1563 [07:18<25:06, 
 1.78s/it, acc=3.7%, 
loss=3.8774]
Task 0 Epoch 1/1:  
46%|####6     | 
720/1563 [07:18<25:03, 
 1.78s/it, acc=3.7%, 
loss=3.8774]
Task 0 Epoch 1/1:  
46%|####6     | 
720/1563 [07:20<25:03, 
 1.78s/it, acc=3.7%, 
loss=4.5185]
Task 0 Epoch 1/1:  
46%|####6     | 
721/1563 [07:20<25:02, 
 1.78s/it, acc=3.7%, 
loss=4.5185]
Task 0 Epoch 1/1:  
46%|####6     | 
721/1563 [07:22<25:02, 
 1.78s/it, acc=3.7%, 
loss=4.1702]
Task 0 Epoch 1/1:  
46%|####6     | 
722/1563 [07:22<25:04, 
 1.79s/it, acc=3.7%, 
loss=4.1702]
Task 0 Epoch 1/1:  
46%|####6     | 
722/1563 [07:24<25:04, 
 1.79s/it, acc=3.7%, 
loss=3.7993]
Task 0 Epoch 1/1:  
46%|####6     | 
723/1563 [07:24<25:09, 
 1.80s/it, acc=3.7%, 
loss=3.7993]
Task 0 Epoch 1/1:  
46%|####6     | 
723/1563 [07:26<25:09, 
 1.80s/it, acc=3.7%, 
loss=3.7945]
Task 0 Epoch 1/1:  
46%|####6     | 
724/1563 [07:26<25:08, 
 1.80s/it, acc=3.7%, 
loss=3.7945]
Task 0 Epoch 1/1:  
46%|####6     | 
724/1563 [07:27<25:08, 
 1.80s/it, acc=3.7%, 
loss=3.6849]
Task 0 Epoch 1/1:  
46%|####6     | 
725/1563 [07:27<24:57, 
 1.79s/it, acc=3.7%, 
loss=3.6849]
Task 0 Epoch 1/1:  
46%|####6     | 
725/1563 [07:29<24:57, 
 1.79s/it, acc=3.7%, 
loss=4.1610]
Task 0 Epoch 1/1:  
46%|####6     | 
726/1563 [07:29<24:57, 
 1.79s/it, acc=3.7%, 
loss=4.1610]
Task 0 Epoch 1/1:  
46%|####6     | 
726/1563 [07:31<24:57, 
 1.79s/it, acc=3.7%, 
loss=4.0203]
Task 0 Epoch 1/1:  
47%|####6     | 
727/1563 [07:31<24:35, 
 1.76s/it, acc=3.7%, 
loss=4.0203]
Task 0 Epoch 1/1:  
47%|####6     | 
727/1563 [07:33<24:35, 
 1.76s/it, acc=3.7%, 
loss=3.7051]
Task 0 Epoch 1/1:  
47%|####6     | 
728/1563 [07:33<24:23, 
 1.75s/it, acc=3.7%, 
loss=3.7051]
Task 0 Epoch 1/1:  
47%|####6     | 
728/1563 [07:34<24:23, 
 1.75s/it, acc=3.7%, 
loss=4.1151]
Task 0 Epoch 1/1:  
47%|####6     | 
729/1563 [07:34<24:10, 
 1.74s/it, acc=3.7%, 
loss=4.1151]
Task 0 Epoch 1/1:  
47%|####6     | 
729/1563 [07:36<24:10, 
 1.74s/it, acc=3.7%, 
loss=4.2403]
Task 0 Epoch 1/1:  
47%|####6     | 
730/1563 [07:36<24:05, 
 1.74s/it, acc=3.7%, 
loss=4.2403]
Task 0 Epoch 1/1:  
47%|####6     | 
730/1563 [07:38<24:05, 
 1.74s/it, acc=3.7%, 
loss=3.7510]
Task 0 Epoch 1/1:  
47%|####6     | 
731/1563 [07:38<23:58, 
 1.73s/it, acc=3.7%, 
loss=3.7510]
Task 0 Epoch 1/1:  
47%|####6     | 
731/1563 [07:39<23:58, 
 1.73s/it, acc=3.7%, 
loss=4.2818]
Task 0 Epoch 1/1:  
47%|####6     | 
732/1563 [07:39<23:49, 
 1.72s/it, acc=3.7%, 
loss=4.2818]
Task 0 Epoch 1/1:  
47%|####6     | 
732/1563 [07:41<23:49, 
 1.72s/it, acc=3.7%, 
loss=3.9635]
Task 0 Epoch 1/1:  
47%|####6     | 
733/1563 [07:41<23:45, 
 1.72s/it, acc=3.7%, 
loss=3.9635]
Task 0 Epoch 1/1:  
47%|####6     | 
733/1563 [07:43<23:45, 
 1.72s/it, acc=3.7%, 
loss=4.3164]
Task 0 Epoch 1/1:  
47%|####6     | 
734/1563 [07:43<23:45, 
 1.72s/it, acc=3.7%, 
loss=4.3164]
Task 0 Epoch 1/1:  
47%|####6     | 
734/1563 [07:45<23:45, 
 1.72s/it, acc=3.7%, 
loss=4.3283]
Task 0 Epoch 1/1:  
47%|####7     | 
735/1563 [07:45<23:48, 
 1.73s/it, acc=3.7%, 
loss=4.3283]
Task 0 Epoch 1/1:  
47%|####7     | 
735/1563 [07:46<23:48, 
 1.73s/it, acc=3.7%, 
loss=3.6892]
Task 0 Epoch 1/1:  
47%|####7     | 
736/1563 [07:46<23:47, 
 1.73s/it, acc=3.7%, 
loss=3.6892]
Task 0 Epoch 1/1:  
47%|####7     | 
736/1563 [07:48<23:47, 
 1.73s/it, acc=3.7%, 
loss=4.0521]
Task 0 Epoch 1/1:  
47%|####7     | 
737/1563 [07:48<23:43, 
 1.72s/it, acc=3.7%, 
loss=4.0521]
Task 0 Epoch 1/1:  
47%|####7     | 
737/1563 [07:50<23:43, 
 1.72s/it, acc=3.7%, 
loss=3.8044]
Task 0 Epoch 1/1:  
47%|####7     | 
738/1563 [07:50<23:39, 
 1.72s/it, acc=3.7%, 
loss=3.8044]
Task 0 Epoch 1/1:  
47%|####7     | 
738/1563 [07:51<23:39, 
 1.72s/it, acc=3.7%, 
loss=3.6595]
Task 0 Epoch 1/1:  
47%|####7     | 
739/1563 [07:51<23:39, 
 1.72s/it, acc=3.7%, 
loss=3.6595]
Task 0 Epoch 1/1:  
47%|####7     | 
739/1563 [07:53<23:39, 
 1.72s/it, acc=3.7%, 
loss=4.0581]
Task 0 Epoch 1/1:  
47%|####7     | 
740/1563 [07:53<23:34, 
 1.72s/it, acc=3.7%, 
loss=4.0581]
Task 0 Epoch 1/1:  
47%|####7     | 
740/1563 [07:55<23:34, 
 1.72s/it, acc=3.7%, 
loss=4.2810]
Task 0 Epoch 1/1:  
47%|####7     | 
741/1563 [07:55<23:30, 
 1.72s/it, acc=3.7%, 
loss=4.2810]
Task 0 Epoch 1/1:  
47%|####7     | 
741/1563 [07:57<23:30, 
 1.72s/it, acc=3.7%, 
loss=3.9387]
Task 0 Epoch 1/1:  
47%|####7     | 
742/1563 [07:57<23:54, 
 1.75s/it, acc=3.7%, 
loss=3.9387]
Task 0 Epoch 1/1:  
47%|####7     | 
742/1563 [07:59<23:54, 
 1.75s/it, acc=3.7%, 
loss=3.8862]
Task 0 Epoch 1/1:  
48%|####7     | 
743/1563 [07:59<24:22, 
 1.78s/it, acc=3.7%, 
loss=3.8862]
Task 0 Epoch 1/1:  
48%|####7     | 
743/1563 [08:00<24:22, 
 1.78s/it, acc=3.7%, 
loss=4.1181]
Task 0 Epoch 1/1:  
48%|####7     | 
744/1563 [08:00<24:23, 
 1.79s/it, acc=3.7%, 
loss=4.1181]
Task 0 Epoch 1/1:  
48%|####7     | 
744/1563 [08:02<24:23, 
 1.79s/it, acc=3.7%, 
loss=4.1447]
Task 0 Epoch 1/1:  
48%|####7     | 
745/1563 [08:02<24:14, 
 1.78s/it, acc=3.7%, 
loss=4.1447]
Task 0 Epoch 1/1:  
48%|####7     | 
745/1563 [08:04<24:14, 
 1.78s/it, acc=3.7%, 
loss=3.7761]
Task 0 Epoch 1/1:  
48%|####7     | 
746/1563 [08:04<24:18, 
 1.78s/it, acc=3.7%, 
loss=3.7761]
Task 0 Epoch 1/1:  
48%|####7     | 
746/1563 [08:05<24:18, 
 1.78s/it, acc=3.7%, 
loss=4.2799]
Task 0 Epoch 1/1:  
48%|####7     | 
747/1563 [08:05<23:33, 
 1.73s/it, acc=3.7%, 
loss=4.2799]
Task 0 Epoch 1/1:  
48%|####7     | 
747/1563 [08:06<23:33, 
 1.73s/it, acc=3.7%, 
loss=3.8420]
Task 0 Epoch 1/1:  
48%|####7     | 
748/1563 [08:06<19:04, 
 1.40s/it, acc=3.7%, 
loss=3.8420]
Task 0 Epoch 1/1:  
48%|####7     | 
748/1563 [08:07<19:04, 
 1.40s/it, acc=3.7%, 
loss=4.0889]
Task 0 Epoch 1/1:  
48%|####7     | 
749/1563 [08:07<16:01, 
 1.18s/it, acc=3.7%, 
loss=4.0889]
Task 0 Epoch 1/1:  
48%|####7     | 
749/1563 [08:07<16:01, 
 1.18s/it, acc=3.7%, 
loss=3.7345]
Task 0 Epoch 1/1:  
48%|####7     | 
750/1563 [08:07<13:53, 
 1.03s/it, acc=3.7%, 
loss=3.7345]
Task 0 Epoch 1/1:  
48%|####7     | 
750/1563 [08:08<13:53, 
 1.03s/it, acc=3.7%, 
loss=3.9231]
Task 0 Epoch 1/1:  
48%|####8     | 
751/1563 [08:08<12:28, 
 1.08it/s, acc=3.7%, 
loss=3.9231]
Task 0 Epoch 1/1:  
48%|####8     | 
751/1563 [08:09<12:28, 
 1.08it/s, acc=3.7%, 
loss=4.0755]
Task 0 Epoch 1/1:  
48%|####8     | 
752/1563 [08:09<11:11, 
 1.21it/s, acc=3.7%, 
loss=4.0755]
Task 0 Epoch 1/1:  
48%|####8     | 
752/1563 [08:09<11:11, 
 1.21it/s, acc=3.7%, 
loss=3.8500]
Task 0 Epoch 1/1:  
48%|####8     | 
753/1563 [08:09<10:22, 
 1.30it/s, acc=3.7%, 
loss=3.8500]
Task 0 Epoch 1/1:  
48%|####8     | 
753/1563 [08:10<10:22, 
 1.30it/s, acc=3.7%, 
loss=3.7225]
Task 0 Epoch 1/1:  
48%|####8     | 
754/1563 [08:10<09:55, 
 1.36it/s, acc=3.7%, 
loss=3.7225]
Task 0 Epoch 1/1:  
48%|####8     | 
754/1563 [08:11<09:55, 
 1.36it/s, acc=3.7%, 
loss=3.5064]
Task 0 Epoch 1/1:  
48%|####8     | 
755/1563 [08:11<09:31, 
 1.41it/s, acc=3.7%, 
loss=3.5064]
Task 0 Epoch 1/1:  
48%|####8     | 
755/1563 [08:11<09:31, 
 1.41it/s, acc=3.7%, 
loss=3.7479]
Task 0 Epoch 1/1:  
48%|####8     | 
756/1563 [08:11<09:37, 
 1.40it/s, acc=3.7%, 
loss=3.7479]
Task 0 Epoch 1/1:  
48%|####8     | 
756/1563 [08:12<09:37, 
 1.40it/s, acc=3.7%, 
loss=4.2529]
Task 0 Epoch 1/1:  
48%|####8     | 
757/1563 [08:12<09:15, 
 1.45it/s, acc=3.7%, 
loss=4.2529]
Task 0 Epoch 1/1:  
48%|####8     | 
757/1563 [08:13<09:15, 
 1.45it/s, acc=3.7%, 
loss=4.4796]
Task 0 Epoch 1/1:  
48%|####8     | 
758/1563 [08:13<09:03, 
 1.48it/s, acc=3.7%, 
loss=4.4796]
Task 0 Epoch 1/1:  
48%|####8     | 
758/1563 [08:13<09:03, 
 1.48it/s, acc=3.7%, 
loss=4.5792]
Task 0 Epoch 1/1:  
49%|####8     | 
759/1563 [08:13<09:28, 
 1.41it/s, acc=3.7%, 
loss=4.5792]
Task 0 Epoch 1/1:  
49%|####8     | 
759/1563 [08:14<09:28, 
 1.41it/s, acc=3.7%, 
loss=4.2254]
Task 0 Epoch 1/1:  
49%|####8     | 
760/1563 [08:14<09:09, 
 1.46it/s, acc=3.7%, 
loss=4.2254]
Task 0 Epoch 1/1:  
49%|####8     | 
760/1563 [08:15<09:09, 
 1.46it/s, acc=3.7%, 
loss=4.3483]
Task 0 Epoch 1/1:  
49%|####8     | 
761/1563 [08:15<09:02, 
 1.48it/s, acc=3.7%, 
loss=4.3483]
Task 0 Epoch 1/1:  
49%|####8     | 
761/1563 [08:15<09:02, 
 1.48it/s, acc=3.7%, 
loss=3.9316]
Task 0 Epoch 1/1:  
49%|####8     | 
762/1563 [08:15<08:51, 
 1.51it/s, acc=3.7%, 
loss=3.9316]
Task 0 Epoch 1/1:  
49%|####8     | 
762/1563 [08:16<08:51, 
 1.51it/s, acc=3.7%, 
loss=4.2228]
Task 0 Epoch 1/1:  
49%|####8     | 
763/1563 [08:16<08:58, 
 1.48it/s, acc=3.7%, 
loss=4.2228]
Task 0 Epoch 1/1:  
49%|####8     | 
763/1563 [08:17<08:58, 
 1.48it/s, acc=3.7%, 
loss=4.0426]
Task 0 Epoch 1/1:  
49%|####8     | 
764/1563 [08:17<08:55, 
 1.49it/s, acc=3.7%, 
loss=4.0426]
Task 0 Epoch 1/1:  
49%|####8     | 
764/1563 [08:17<08:55, 
 1.49it/s, acc=3.7%, 
loss=3.6987]
Task 0 Epoch 1/1:  
49%|####8     | 
765/1563 [08:17<08:42, 
 1.53it/s, acc=3.7%, 
loss=3.6987]
Task 0 Epoch 1/1:  
49%|####8     | 
765/1563 [08:18<08:42, 
 1.53it/s, acc=3.7%, 
loss=4.1671]
Task 0 Epoch 1/1:  
49%|####9     | 
766/1563 [08:18<08:37, 
 1.54it/s, acc=3.7%, 
loss=4.1671]
Task 0 Epoch 1/1:  
49%|####9     | 
766/1563 [08:19<08:37, 
 1.54it/s, acc=3.7%, 
loss=3.9194]
Task 0 Epoch 1/1:  
49%|####9     | 
767/1563 [08:19<08:32, 
 1.55it/s, acc=3.7%, 
loss=3.9194]
Task 0 Epoch 1/1:  
49%|####9     | 
767/1563 [08:19<08:32, 
 1.55it/s, acc=3.8%, 
loss=3.8569]
Task 0 Epoch 1/1:  
49%|####9     | 
768/1563 [08:19<08:34, 
 1.55it/s, acc=3.8%, 
loss=3.8569]
Task 0 Epoch 1/1:  
49%|####9     | 
768/1563 [08:20<08:34, 
 1.55it/s, acc=3.8%, 
loss=4.0314]
Task 0 Epoch 1/1:  
49%|####9     | 
769/1563 [08:20<09:02, 
 1.46it/s, acc=3.8%, 
loss=4.0314]
Task 0 Epoch 1/1:  
49%|####9     | 
769/1563 [08:21<09:02, 
 1.46it/s, acc=3.8%, 
loss=4.5376]
Task 0 Epoch 1/1:  
49%|####9     | 
770/1563 [08:21<08:53, 
 1.49it/s, acc=3.8%, 
loss=4.5376]
Task 0 Epoch 1/1:  
49%|####9     | 
770/1563 [08:21<08:53, 
 1.49it/s, acc=3.7%, 
loss=4.0114]
Task 0 Epoch 1/1:  
49%|####9     | 
771/1563 [08:21<08:43, 
 1.51it/s, acc=3.7%, 
loss=4.0114]
Task 0 Epoch 1/1:  
49%|####9     | 
771/1563 [08:22<08:43, 
 1.51it/s, acc=3.7%, 
loss=4.2872]
Task 0 Epoch 1/1:  
49%|####9     | 
772/1563 [08:22<08:36, 
 1.53it/s, acc=3.7%, 
loss=4.2872]
Task 0 Epoch 1/1:  
49%|####9     | 
772/1563 [08:23<08:36, 
 1.53it/s, acc=3.7%, 
loss=4.0448]
Task 0 Epoch 1/1:  
49%|####9     | 
773/1563 [08:23<08:31, 
 1.54it/s, acc=3.7%, 
loss=4.0448]
Task 0 Epoch 1/1:  
49%|####9     | 
773/1563 [08:23<08:31, 
 1.54it/s, acc=3.7%, 
loss=4.3299]
Task 0 Epoch 1/1:  
50%|####9     | 
774/1563 [08:23<08:30, 
 1.54it/s, acc=3.7%, 
loss=4.3299]
Task 0 Epoch 1/1:  
50%|####9     | 
774/1563 [08:24<08:30, 
 1.54it/s, acc=3.7%, 
loss=3.5453]
Task 0 Epoch 1/1:  
50%|####9     | 
775/1563 [08:24<08:26, 
 1.55it/s, acc=3.7%, 
loss=3.5453]
Task 0 Epoch 1/1:  
50%|####9     | 
775/1563 [08:25<08:26, 
 1.55it/s, acc=3.7%, 
loss=4.2650]
Task 0 Epoch 1/1:  
50%|####9     | 
776/1563 [08:25<08:24, 
 1.56it/s, acc=3.7%, 
loss=4.2650]
Task 0 Epoch 1/1:  
50%|####9     | 
776/1563 [08:25<08:24, 
 1.56it/s, acc=3.7%, 
loss=4.0740]
Task 0 Epoch 1/1:  
50%|####9     | 
777/1563 [08:25<08:17, 
 1.58it/s, acc=3.7%, 
loss=4.0740]
Task 0 Epoch 1/1:  
50%|####9     | 
777/1563 [08:26<08:17, 
 1.58it/s, acc=3.7%, 
loss=3.8573]
Task 0 Epoch 1/1:  
50%|####9     | 
778/1563 [08:26<08:16, 
 1.58it/s, acc=3.7%, 
loss=3.8573]
Task 0 Epoch 1/1:  
50%|####9     | 
778/1563 [08:26<08:16, 
 1.58it/s, acc=3.7%, 
loss=4.1776]
Task 0 Epoch 1/1:  
50%|####9     | 
779/1563 [08:26<08:18, 
 1.57it/s, acc=3.7%, 
loss=4.1776]
Task 0 Epoch 1/1:  
50%|####9     | 
779/1563 [08:27<08:18, 
 1.57it/s, acc=3.7%, 
loss=3.7093]
Task 0 Epoch 1/1:  
50%|####9     | 
780/1563 [08:27<08:12, 
 1.59it/s, acc=3.7%, 
loss=3.7093]
Task 0 Epoch 1/1:  
50%|####9     | 
780/1563 [08:28<08:12, 
 1.59it/s, acc=3.7%, 
loss=4.0224]
Task 0 Epoch 1/1:  
50%|####9     | 
781/1563 [08:28<08:07, 
 1.61it/s, acc=3.7%, 
loss=4.0224]
Task 0 Epoch 1/1:  
50%|####9     | 
781/1563 [08:28<08:07, 
 1.61it/s, acc=3.7%, 
loss=4.6412]
Task 0 Epoch 1/1:  
50%|#####     | 
782/1563 [08:28<08:03, 
 1.61it/s, acc=3.7%, 
loss=4.6412]
Task 0 Epoch 1/1:  
50%|#####     | 
782/1563 [08:29<08:03, 
 1.61it/s, acc=3.7%, 
loss=4.4885]
Task 0 Epoch 1/1:  
50%|#####     | 
783/1563 [08:29<08:07, 
 1.60it/s, acc=3.7%, 
loss=4.4885]
Task 0 Epoch 1/1:  
50%|#####     | 
783/1563 [08:29<08:07, 
 1.60it/s, acc=3.7%, 
loss=4.3006]
Task 0 Epoch 1/1:  
50%|#####     | 
784/1563 [08:29<08:07, 
 1.60it/s, acc=3.7%, 
loss=4.3006]
Task 0 Epoch 1/1:  
50%|#####     | 
784/1563 [08:30<08:07, 
 1.60it/s, acc=3.7%, 
loss=3.9079]
Task 0 Epoch 1/1:  
50%|#####     | 
785/1563 [08:30<08:05, 
 1.60it/s, acc=3.7%, 
loss=3.9079]
Task 0 Epoch 1/1:  
50%|#####     | 
785/1563 [08:31<08:05, 
 1.60it/s, acc=3.7%, 
loss=3.9833]
Task 0 Epoch 1/1:  
50%|#####     | 
786/1563 [08:31<08:13, 
 1.58it/s, acc=3.7%, 
loss=3.9833]
Task 0 Epoch 1/1:  
50%|#####     | 
786/1563 [08:31<08:13, 
 1.58it/s, acc=3.7%, 
loss=3.9111]
Task 0 Epoch 1/1:  
50%|#####     | 
787/1563 [08:31<08:17, 
 1.56it/s, acc=3.7%, 
loss=3.9111]
Task 0 Epoch 1/1:  
50%|#####     | 
787/1563 [08:32<08:17, 
 1.56it/s, acc=3.7%, 
loss=3.9744]
Task 0 Epoch 1/1:  
50%|#####     | 
788/1563 [08:32<08:10, 
 1.58it/s, acc=3.7%, 
loss=3.9744]
Task 0 Epoch 1/1:  
50%|#####     | 
788/1563 [08:33<08:10, 
 1.58it/s, acc=3.7%, 
loss=4.0093]
Task 0 Epoch 1/1:  
50%|#####     | 
789/1563 [08:33<08:10, 
 1.58it/s, acc=3.7%, 
loss=4.0093]
Task 0 Epoch 1/1:  
50%|#####     | 
789/1563 [08:33<08:10, 
 1.58it/s, acc=3.7%, 
loss=3.8068]
Task 0 Epoch 1/1:  
51%|#####     | 
790/1563 [08:33<08:11, 
 1.57it/s, acc=3.7%, 
loss=3.8068]
Task 0 Epoch 1/1:  
51%|#####     | 
790/1563 [08:34<08:11, 
 1.57it/s, acc=3.7%, 
loss=4.2316]
Task 0 Epoch 1/1:  
51%|#####     | 
791/1563 [08:34<08:07, 
 1.58it/s, acc=3.7%, 
loss=4.2316]
Task 0 Epoch 1/1:  
51%|#####     | 
791/1563 [08:35<08:07, 
 1.58it/s, acc=3.7%, 
loss=4.2304]
Task 0 Epoch 1/1:  
51%|#####     | 
792/1563 [08:35<07:59, 
 1.61it/s, acc=3.7%, 
loss=4.2304]
Task 0 Epoch 1/1:  
51%|#####     | 
792/1563 [08:35<07:59, 
 1.61it/s, acc=3.7%, 
loss=4.1981]
Task 0 Epoch 1/1:  
51%|#####     | 
793/1563 [08:35<07:55, 
 1.62it/s, acc=3.7%, 
loss=4.1981]
Task 0 Epoch 1/1:  
51%|#####     | 
793/1563 [08:36<07:55, 
 1.62it/s, acc=3.7%, 
loss=4.0148]
Task 0 Epoch 1/1:  
51%|#####     | 
794/1563 [08:36<08:05, 
 1.58it/s, acc=3.7%, 
loss=4.0148]
Task 0 Epoch 1/1:  
51%|#####     | 
794/1563 [08:36<08:05, 
 1.58it/s, acc=3.7%, 
loss=3.7621]
Task 0 Epoch 1/1:  
51%|#####     | 
795/1563 [08:36<07:58, 
 1.60it/s, acc=3.7%, 
loss=3.7621]
Task 0 Epoch 1/1:  
51%|#####     | 
795/1563 [08:37<07:58, 
 1.60it/s, acc=3.7%, 
loss=3.8107]
Task 0 Epoch 1/1:  
51%|#####     | 
796/1563 [08:37<07:58, 
 1.60it/s, acc=3.7%, 
loss=3.8107]
Task 0 Epoch 1/1:  
51%|#####     | 
796/1563 [08:38<07:58, 
 1.60it/s, acc=3.7%, 
loss=4.1682]
Task 0 Epoch 1/1:  
51%|#####     | 
797/1563 [08:38<07:59, 
 1.60it/s, acc=3.7%, 
loss=4.1682]
Task 0 Epoch 1/1:  
51%|#####     | 
797/1563 [08:38<07:59, 
 1.60it/s, acc=3.7%, 
loss=3.9303]
Task 0 Epoch 1/1:  
51%|#####1    | 
798/1563 [08:38<07:57, 
 1.60it/s, acc=3.7%, 
loss=3.9303]
Task 0 Epoch 1/1:  
51%|#####1    | 
798/1563 [08:39<07:57, 
 1.60it/s, acc=3.7%, 
loss=3.8482]
Task 0 Epoch 1/1:  
51%|#####1    | 
799/1563 [08:39<07:54, 
 1.61it/s, acc=3.7%, 
loss=3.8482]
Task 0 Epoch 1/1:  
51%|#####1    | 
799/1563 [08:40<07:54, 
 1.61it/s, acc=3.7%, 
loss=4.1796]
Task 0 Epoch 1/1:  
51%|#####1    | 
800/1563 [08:40<07:54, 
 1.61it/s, acc=3.7%, 
loss=4.1796]
Task 0 Epoch 1/1:  
51%|#####1    | 
800/1563 [08:40<07:54, 
 1.61it/s, acc=3.7%, 
loss=3.5671]
Task 0 Epoch 1/1:  
51%|#####1    | 
801/1563 [08:40<08:05, 
 1.57it/s, acc=3.7%, 
loss=3.5671]
Task 0 Epoch 1/1:  
51%|#####1    | 
801/1563 [08:41<08:05, 
 1.57it/s, acc=3.7%, 
loss=3.9945]
Task 0 Epoch 1/1:  
51%|#####1    | 
802/1563 [08:41<08:11, 
 1.55it/s, acc=3.7%, 
loss=3.9945]
Task 0 Epoch 1/1:  
51%|#####1    | 
802/1563 [08:41<08:11, 
 1.55it/s, acc=3.7%, 
loss=4.2419]
Task 0 Epoch 1/1:  
51%|#####1    | 
803/1563 [08:41<07:59, 
 1.58it/s, acc=3.7%, 
loss=4.2419]
Task 0 Epoch 1/1:  
51%|#####1    | 
803/1563 [08:42<07:59, 
 1.58it/s, acc=3.7%, 
loss=4.2760]
Task 0 Epoch 1/1:  
51%|#####1    | 
804/1563 [08:42<07:55, 
 1.60it/s, acc=3.7%, 
loss=4.2760]
Task 0 Epoch 1/1:  
51%|#####1    | 
804/1563 [08:43<07:55, 
 1.60it/s, acc=3.7%, 
loss=4.2484]
Task 0 Epoch 1/1:  
52%|#####1    | 
805/1563 [08:43<08:10, 
 1.54it/s, acc=3.7%, 
loss=4.2484]
Task 0 Epoch 1/1:  
52%|#####1    | 
805/1563 [08:43<08:10, 
 1.54it/s, acc=3.7%, 
loss=4.1039]
Task 0 Epoch 1/1:  
52%|#####1    | 
806/1563 [08:43<08:06, 
 1.56it/s, acc=3.7%, 
loss=4.1039]
Task 0 Epoch 1/1:  
52%|#####1    | 
806/1563 [08:44<08:06, 
 1.56it/s, acc=3.7%, 
loss=3.7875]
Task 0 Epoch 1/1:  
52%|#####1    | 
807/1563 [08:44<07:59, 
 1.58it/s, acc=3.7%, 
loss=3.7875]
Task 0 Epoch 1/1:  
52%|#####1    | 
807/1563 [08:45<07:59, 
 1.58it/s, acc=3.7%, 
loss=4.0190]
Task 0 Epoch 1/1:  
52%|#####1    | 
808/1563 [08:45<08:07, 
 1.55it/s, acc=3.7%, 
loss=4.0190]
Task 0 Epoch 1/1:  
52%|#####1    | 
808/1563 [08:45<08:07, 
 1.55it/s, acc=3.7%, 
loss=3.9136]
Task 0 Epoch 1/1:  
52%|#####1    | 
809/1563 [08:45<08:12, 
 1.53it/s, acc=3.7%, 
loss=3.9136]
Task 0 Epoch 1/1:  
52%|#####1    | 
809/1563 [08:46<08:12, 
 1.53it/s, acc=3.7%, 
loss=3.8867]
Task 0 Epoch 1/1:  
52%|#####1    | 
810/1563 [08:46<08:01, 
 1.57it/s, acc=3.7%, 
loss=3.8867]
Task 0 Epoch 1/1:  
52%|#####1    | 
810/1563 [08:47<08:01, 
 1.57it/s, acc=3.7%, 
loss=3.9950]
Task 0 Epoch 1/1:  
52%|#####1    | 
811/1563 [08:47<07:44, 
 1.62it/s, acc=3.7%, 
loss=3.9950]
Task 0 Epoch 1/1:  
52%|#####1    | 
811/1563 [08:47<07:44, 
 1.62it/s, acc=3.7%, 
loss=3.7966]
Task 0 Epoch 1/1:  
52%|#####1    | 
812/1563 [08:47<07:56, 
 1.58it/s, acc=3.7%, 
loss=3.7966]
Task 0 Epoch 1/1:  
52%|#####1    | 
812/1563 [08:48<07:56, 
 1.58it/s, acc=3.7%, 
loss=4.2392]
Task 0 Epoch 1/1:  
52%|#####2    | 
813/1563 [08:48<07:54, 
 1.58it/s, acc=3.7%, 
loss=4.2392]
Task 0 Epoch 1/1:  
52%|#####2    | 
813/1563 [08:48<07:54, 
 1.58it/s, acc=3.7%, 
loss=4.0457]
Task 0 Epoch 1/1:  
52%|#####2    | 
814/1563 [08:48<07:50, 
 1.59it/s, acc=3.7%, 
loss=4.0457]
Task 0 Epoch 1/1:  
52%|#####2    | 
814/1563 [08:49<07:50, 
 1.59it/s, acc=3.7%, 
loss=3.9538]
Task 0 Epoch 1/1:  
52%|#####2    | 
815/1563 [08:49<07:44, 
 1.61it/s, acc=3.7%, 
loss=3.9538]
Task 0 Epoch 1/1:  
52%|#####2    | 
815/1563 [08:50<07:44, 
 1.61it/s, acc=3.7%, 
loss=3.7699]
Task 0 Epoch 1/1:  
52%|#####2    | 
816/1563 [08:50<07:48, 
 1.59it/s, acc=3.7%, 
loss=3.7699]
Task 0 Epoch 1/1:  
52%|#####2    | 
816/1563 [08:50<07:48, 
 1.59it/s, acc=3.7%, 
loss=4.5039]
Task 0 Epoch 1/1:  
52%|#####2    | 
817/1563 [08:50<07:46, 
 1.60it/s, acc=3.7%, 
loss=4.5039]
Task 0 Epoch 1/1:  
52%|#####2    | 
817/1563 [08:51<07:46, 
 1.60it/s, acc=3.7%, 
loss=4.0810]
Task 0 Epoch 1/1:  
52%|#####2    | 
818/1563 [08:51<07:42, 
 1.61it/s, acc=3.7%, 
loss=4.0810]
Task 0 Epoch 1/1:  
52%|#####2    | 
818/1563 [08:52<07:42, 
 1.61it/s, acc=3.7%, 
loss=4.1478]
Task 0 Epoch 1/1:  
52%|#####2    | 
819/1563 [08:52<07:39, 
 1.62it/s, acc=3.7%, 
loss=4.1478]
Task 0 Epoch 1/1:  
52%|#####2    | 
819/1563 [08:52<07:39, 
 1.62it/s, acc=3.7%, 
loss=3.8608]
Task 0 Epoch 1/1:  
52%|#####2    | 
820/1563 [08:52<07:48, 
 1.59it/s, acc=3.7%, 
loss=3.8608]
Task 0 Epoch 1/1:  
52%|#####2    | 
820/1563 [08:53<07:48, 
 1.59it/s, acc=3.7%, 
loss=4.3362]
Task 0 Epoch 1/1:  
53%|#####2    | 
821/1563 [08:53<07:47, 
 1.59it/s, acc=3.7%, 
loss=4.3362]
Task 0 Epoch 1/1:  
53%|#####2    | 
821/1563 [08:53<07:47, 
 1.59it/s, acc=3.7%, 
loss=3.8681]
Task 0 Epoch 1/1:  
53%|#####2    | 
822/1563 [08:53<07:44, 
 1.59it/s, acc=3.7%, 
loss=3.8681]
Task 0 Epoch 1/1:  
53%|#####2    | 
822/1563 [08:54<07:44, 
 1.59it/s, acc=3.7%, 
loss=3.6688]
Task 0 Epoch 1/1:  
53%|#####2    | 
823/1563 [08:54<07:53, 
 1.56it/s, acc=3.7%, 
loss=3.6688]
Task 0 Epoch 1/1:  
53%|#####2    | 
823/1563 [08:55<07:53, 
 1.56it/s, acc=3.7%, 
loss=4.0079]
Task 0 Epoch 1/1:  
53%|#####2    | 
824/1563 [08:55<08:02, 
 1.53it/s, acc=3.7%, 
loss=4.0079]
Task 0 Epoch 1/1:  
53%|#####2    | 
824/1563 [08:55<08:02, 
 1.53it/s, acc=3.7%, 
loss=4.3414]
Task 0 Epoch 1/1:  
53%|#####2    | 
825/1563 [08:55<07:52, 
 1.56it/s, acc=3.7%, 
loss=4.3414]
Task 0 Epoch 1/1:  
53%|#####2    | 
825/1563 [08:56<07:52, 
 1.56it/s, acc=3.8%, 
loss=3.4540]
Task 0 Epoch 1/1:  
53%|#####2    | 
826/1563 [08:56<07:45, 
 1.58it/s, acc=3.8%, 
loss=3.4540]
Task 0 Epoch 1/1:  
53%|#####2    | 
826/1563 [08:57<07:45, 
 1.58it/s, acc=3.8%, 
loss=3.7706]
Task 0 Epoch 1/1:  
53%|#####2    | 
827/1563 [08:57<07:43, 
 1.59it/s, acc=3.8%, 
loss=3.7706]
Task 0 Epoch 1/1:  
53%|#####2    | 
827/1563 [08:57<07:43, 
 1.59it/s, acc=3.8%, 
loss=3.5112]
Task 0 Epoch 1/1:  
53%|#####2    | 
828/1563 [08:57<07:46, 
 1.58it/s, acc=3.8%, 
loss=3.5112]
Task 0 Epoch 1/1:  
53%|#####2    | 
828/1563 [08:58<07:46, 
 1.58it/s, acc=3.8%, 
loss=4.3859]
Task 0 Epoch 1/1:  
53%|#####3    | 
829/1563 [08:58<07:41, 
 1.59it/s, acc=3.8%, 
loss=4.3859]
Task 0 Epoch 1/1:  
53%|#####3    | 
829/1563 [08:59<07:41, 
 1.59it/s, acc=3.8%, 
loss=4.6085]
Task 0 Epoch 1/1:  
53%|#####3    | 
830/1563 [08:59<07:38, 
 1.60it/s, acc=3.8%, 
loss=4.6085]
Task 0 Epoch 1/1:  
53%|#####3    | 
830/1563 [08:59<07:38, 
 1.60it/s, acc=3.8%, 
loss=4.0444]
Task 0 Epoch 1/1:  
53%|#####3    | 
831/1563 [08:59<07:36, 
 1.61it/s, acc=3.8%, 
loss=4.0444]
Task 0 Epoch 1/1:  
53%|#####3    | 
831/1563 [09:00<07:36, 
 1.61it/s, acc=3.8%, 
loss=4.0226]
Task 0 Epoch 1/1:  
53%|#####3    | 
832/1563 [09:00<07:35, 
 1.60it/s, acc=3.8%, 
loss=4.0226]
Task 0 Epoch 1/1:  
53%|#####3    | 
832/1563 [09:00<07:35, 
 1.60it/s, acc=3.8%, 
loss=4.3077]
Task 0 Epoch 1/1:  
53%|#####3    | 
833/1563 [09:00<07:31, 
 1.62it/s, acc=3.8%, 
loss=4.3077]
Task 0 Epoch 1/1:  
53%|#####3    | 
833/1563 [09:01<07:31, 
 1.62it/s, acc=3.8%, 
loss=3.9981]
Task 0 Epoch 1/1:  
53%|#####3    | 
834/1563 [09:01<07:32, 
 1.61it/s, acc=3.8%, 
loss=3.9981]
Task 0 Epoch 1/1:  
53%|#####3    | 
834/1563 [09:02<07:32, 
 1.61it/s, acc=3.8%, 
loss=4.1380]
Task 0 Epoch 1/1:  
53%|#####3    | 
835/1563 [09:02<07:37, 
 1.59it/s, acc=3.8%, 
loss=4.1380]
Task 0 Epoch 1/1:  
53%|#####3    | 
835/1563 [09:02<07:37, 
 1.59it/s, acc=3.8%, 
loss=3.8110]
Task 0 Epoch 1/1:  
53%|#####3    | 
836/1563 [09:02<07:58, 
 1.52it/s, acc=3.8%, 
loss=3.8110]
Task 0 Epoch 1/1:  
53%|#####3    | 
836/1563 [09:03<07:58, 
 1.52it/s, acc=3.8%, 
loss=3.9474]
Task 0 Epoch 1/1:  
54%|#####3    | 
837/1563 [09:03<07:48, 
 1.55it/s, acc=3.8%, 
loss=3.9474]
Task 0 Epoch 1/1:  
54%|#####3    | 
837/1563 [09:04<07:48, 
 1.55it/s, acc=3.8%, 
loss=3.8309]
Task 0 Epoch 1/1:  
54%|#####3    | 
838/1563 [09:04<07:38, 
 1.58it/s, acc=3.8%, 
loss=3.8309]
Task 0 Epoch 1/1:  
54%|#####3    | 
838/1563 [09:04<07:38, 
 1.58it/s, acc=3.8%, 
loss=3.7647]
Task 0 Epoch 1/1:  
54%|#####3    | 
839/1563 [09:04<07:32, 
 1.60it/s, acc=3.8%, 
loss=3.7647]
Task 0 Epoch 1/1:  
54%|#####3    | 
839/1563 [09:05<07:32, 
 1.60it/s, acc=3.8%, 
loss=3.5903]
Task 0 Epoch 1/1:  
54%|#####3    | 
840/1563 [09:05<07:30, 
 1.60it/s, acc=3.8%, 
loss=3.5903]
Task 0 Epoch 1/1:  
54%|#####3    | 
840/1563 [09:05<07:30, 
 1.60it/s, acc=3.8%, 
loss=4.2253]
Task 0 Epoch 1/1:  
54%|#####3    | 
841/1563 [09:05<07:28, 
 1.61it/s, acc=3.8%, 
loss=4.2253]
Task 0 Epoch 1/1:  
54%|#####3    | 
841/1563 [09:06<07:28, 
 1.61it/s, acc=3.8%, 
loss=4.1291]
Task 0 Epoch 1/1:  
54%|#####3    | 
842/1563 [09:06<07:27, 
 1.61it/s, acc=3.8%, 
loss=4.1291]
Task 0 Epoch 1/1:  
54%|#####3    | 
842/1563 [09:07<07:27, 
 1.61it/s, acc=3.8%, 
loss=3.6975]
Task 0 Epoch 1/1:  
54%|#####3    | 
843/1563 [09:07<07:29, 
 1.60it/s, acc=3.8%, 
loss=3.6975]
Task 0 Epoch 1/1:  
54%|#####3    | 
843/1563 [09:07<07:29, 
 1.60it/s, acc=3.8%, 
loss=3.6051]
Task 0 Epoch 1/1:  
54%|#####3    | 
844/1563 [09:07<07:24, 
 1.62it/s, acc=3.8%, 
loss=3.6051]
Task 0 Epoch 1/1:  
54%|#####3    | 
844/1563 [09:08<07:24, 
 1.62it/s, acc=3.8%, 
loss=4.0326]
Task 0 Epoch 1/1:  
54%|#####4    | 
845/1563 [09:08<07:21, 
 1.63it/s, acc=3.8%, 
loss=4.0326]
Task 0 Epoch 1/1:  
54%|#####4    | 
845/1563 [09:09<07:21, 
 1.63it/s, acc=3.8%, 
loss=4.2484]
Task 0 Epoch 1/1:  
54%|#####4    | 
846/1563 [09:09<07:20, 
 1.63it/s, acc=3.8%, 
loss=4.2484]
Task 0 Epoch 1/1:  
54%|#####4    | 
846/1563 [09:09<07:20, 
 1.63it/s, acc=3.8%, 
loss=3.3674]
Task 0 Epoch 1/1:  
54%|#####4    | 
847/1563 [09:09<07:26, 
 1.60it/s, acc=3.8%, 
loss=3.3674]
Task 0 Epoch 1/1:  
54%|#####4    | 
847/1563 [09:10<07:26, 
 1.60it/s, acc=3.8%, 
loss=3.8885]
Task 0 Epoch 1/1:  
54%|#####4    | 
848/1563 [09:10<07:25, 
 1.61it/s, acc=3.8%, 
loss=3.8885]
Task 0 Epoch 1/1:  
54%|#####4    | 
848/1563 [09:10<07:25, 
 1.61it/s, acc=3.8%, 
loss=4.0248]
Task 0 Epoch 1/1:  
54%|#####4    | 
849/1563 [09:10<07:23, 
 1.61it/s, acc=3.8%, 
loss=4.0248]
Task 0 Epoch 1/1:  
54%|#####4    | 
849/1563 [09:11<07:23, 
 1.61it/s, acc=3.8%, 
loss=4.2473]
Task 0 Epoch 1/1:  
54%|#####4    | 
850/1563 [09:11<07:21, 
 1.61it/s, acc=3.8%, 
loss=4.2473]
Task 0 Epoch 1/1:  
54%|#####4    | 
850/1563 [09:12<07:21, 
 1.61it/s, acc=3.8%, 
loss=4.0820]
Task 0 Epoch 1/1:  
54%|#####4    | 
851/1563 [09:12<07:20, 
 1.62it/s, acc=3.8%, 
loss=4.0820]
Task 0 Epoch 1/1:  
54%|#####4    | 
851/1563 [09:12<07:20, 
 1.62it/s, acc=3.8%, 
loss=3.7345]
Task 0 Epoch 1/1:  
55%|#####4    | 
852/1563 [09:12<07:17, 
 1.63it/s, acc=3.8%, 
loss=3.7345]
Task 0 Epoch 1/1:  
55%|#####4    | 
852/1563 [09:13<07:17, 
 1.63it/s, acc=3.8%, 
loss=4.0985]
Task 0 Epoch 1/1:  
55%|#####4    | 
853/1563 [09:13<07:15, 
 1.63it/s, acc=3.8%, 
loss=4.0985]
Task 0 Epoch 1/1:  
55%|#####4    | 
853/1563 [09:13<07:15, 
 1.63it/s, acc=3.8%, 
loss=4.0437]
Task 0 Epoch 1/1:  
55%|#####4    | 
854/1563 [09:13<07:16, 
 1.63it/s, acc=3.8%, 
loss=4.0437]
Task 0 Epoch 1/1:  
55%|#####4    | 
854/1563 [09:14<07:16, 
 1.63it/s, acc=3.8%, 
loss=3.9469]
Task 0 Epoch 1/1:  
55%|#####4    | 
855/1563 [09:14<07:16, 
 1.62it/s, acc=3.8%, 
loss=3.9469]
Task 0 Epoch 1/1:  
55%|#####4    | 
855/1563 [09:15<07:16, 
 1.62it/s, acc=3.8%, 
loss=3.9437]
Task 0 Epoch 1/1:  
55%|#####4    | 
856/1563 [09:15<07:14, 
 1.63it/s, acc=3.8%, 
loss=3.9437]
Task 0 Epoch 1/1:  
55%|#####4    | 
856/1563 [09:15<07:14, 
 1.63it/s, acc=3.8%, 
loss=4.1365]
Task 0 Epoch 1/1:  
55%|#####4    | 
857/1563 [09:15<07:11, 
 1.64it/s, acc=3.8%, 
loss=4.1365]
Task 0 Epoch 1/1:  
55%|#####4    | 
857/1563 [09:16<07:11, 
 1.64it/s, acc=3.8%, 
loss=3.8993]
Task 0 Epoch 1/1:  
55%|#####4    | 
858/1563 [09:16<07:11, 
 1.63it/s, acc=3.8%, 
loss=3.8993]
Task 0 Epoch 1/1:  
55%|#####4    | 
858/1563 [09:17<07:11, 
 1.63it/s, acc=3.8%, 
loss=3.9263]
Task 0 Epoch 1/1:  
55%|#####4    | 
859/1563 [09:17<07:11, 
 1.63it/s, acc=3.8%, 
loss=3.9263]
Task 0 Epoch 1/1:  
55%|#####4    | 
859/1563 [09:17<07:11, 
 1.63it/s, acc=3.8%, 
loss=4.1440]
Task 0 Epoch 1/1:  
55%|#####5    | 
860/1563 [09:17<07:11, 
 1.63it/s, acc=3.8%, 
loss=4.1440]
Task 0 Epoch 1/1:  
55%|#####5    | 
860/1563 [09:18<07:11, 
 1.63it/s, acc=3.8%, 
loss=4.0362]
Task 0 Epoch 1/1:  
55%|#####5    | 
861/1563 [09:18<07:11, 
 1.63it/s, acc=3.8%, 
loss=4.0362]
Task 0 Epoch 1/1:  
55%|#####5    | 
861/1563 [09:18<07:11, 
 1.63it/s, acc=3.8%, 
loss=3.9531]
Task 0 Epoch 1/1:  
55%|#####5    | 
862/1563 [09:18<07:11, 
 1.62it/s, acc=3.8%, 
loss=3.9531]
Task 0 Epoch 1/1:  
55%|#####5    | 
862/1563 [09:19<07:11, 
 1.62it/s, acc=3.8%, 
loss=3.7731]
Task 0 Epoch 1/1:  
55%|#####5    | 
863/1563 [09:19<07:15, 
 1.61it/s, acc=3.8%, 
loss=3.7731]
Task 0 Epoch 1/1:  
55%|#####5    | 
863/1563 [09:20<07:15, 
 1.61it/s, acc=3.8%, 
loss=3.4480]
Task 0 Epoch 1/1:  
55%|#####5    | 
864/1563 [09:20<07:14, 
 1.61it/s, acc=3.8%, 
loss=3.4480]
Task 0 Epoch 1/1:  
55%|#####5    | 
864/1563 [09:20<07:14, 
 1.61it/s, acc=3.8%, 
loss=4.0695]
Task 0 Epoch 1/1:  
55%|#####5    | 
865/1563 [09:20<07:17, 
 1.60it/s, acc=3.8%, 
loss=4.0695]
Task 0 Epoch 1/1:  
55%|#####5    | 
865/1563 [09:21<07:17, 
 1.60it/s, acc=3.8%, 
loss=3.9080]
Task 0 Epoch 1/1:  
55%|#####5    | 
866/1563 [09:21<07:12, 
 1.61it/s, acc=3.8%, 
loss=3.9080]
Task 0 Epoch 1/1:  
55%|#####5    | 
866/1563 [09:22<07:12, 
 1.61it/s, acc=3.8%, 
loss=3.9850]
Task 0 Epoch 1/1:  
55%|#####5    | 
867/1563 [09:22<07:09, 
 1.62it/s, acc=3.8%, 
loss=3.9850]
Task 0 Epoch 1/1:  
55%|#####5    | 
867/1563 [09:22<07:09, 
 1.62it/s, acc=3.8%, 
loss=3.9642]
Task 0 Epoch 1/1:  
56%|#####5    | 
868/1563 [09:22<07:07, 
 1.63it/s, acc=3.8%, 
loss=3.9642]
Task 0 Epoch 1/1:  
56%|#####5    | 
868/1563 [09:23<07:07, 
 1.63it/s, acc=3.8%, 
loss=4.1807]
Task 0 Epoch 1/1:  
56%|#####5    | 
869/1563 [09:23<07:08, 
 1.62it/s, acc=3.8%, 
loss=4.1807]
Task 0 Epoch 1/1:  
56%|#####5    | 
869/1563 [09:23<07:08, 
 1.62it/s, acc=3.8%, 
loss=3.8141]
Task 0 Epoch 1/1:  
56%|#####5    | 
870/1563 [09:23<07:08, 
 1.62it/s, acc=3.8%, 
loss=3.8141]
Task 0 Epoch 1/1:  
56%|#####5    | 
870/1563 [09:24<07:08, 
 1.62it/s, acc=3.8%, 
loss=3.8806]
Task 0 Epoch 1/1:  
56%|#####5    | 
871/1563 [09:24<07:05, 
 1.63it/s, acc=3.8%, 
loss=3.8806]
Task 0 Epoch 1/1:  
56%|#####5    | 
871/1563 [09:25<07:05, 
 1.63it/s, acc=3.8%, 
loss=4.0986]
Task 0 Epoch 1/1:  
56%|#####5    | 
872/1563 [09:25<07:03, 
 1.63it/s, acc=3.8%, 
loss=4.0986]
Task 0 Epoch 1/1:  
56%|#####5    | 
872/1563 [09:25<07:03, 
 1.63it/s, acc=3.8%, 
loss=4.4759]
Task 0 Epoch 1/1:  
56%|#####5    | 
873/1563 [09:25<07:02, 
 1.63it/s, acc=3.8%, 
loss=4.4759]
Task 0 Epoch 1/1:  
56%|#####5    | 
873/1563 [09:26<07:02, 
 1.63it/s, acc=3.8%, 
loss=3.8758]
Task 0 Epoch 1/1:  
56%|#####5    | 
874/1563 [09:26<07:02, 
 1.63it/s, acc=3.8%, 
loss=3.8758]
Task 0 Epoch 1/1:  
56%|#####5    | 
874/1563 [09:26<07:02, 
 1.63it/s, acc=3.8%, 
loss=3.6458]
Task 0 Epoch 1/1:  
56%|#####5    | 
875/1563 [09:26<07:07, 
 1.61it/s, acc=3.8%, 
loss=3.6458]
Task 0 Epoch 1/1:  
56%|#####5    | 
875/1563 [09:27<07:07, 
 1.61it/s, acc=3.8%, 
loss=3.9824]
Task 0 Epoch 1/1:  
56%|#####6    | 
876/1563 [09:27<07:17, 
 1.57it/s, acc=3.8%, 
loss=3.9824]
Task 0 Epoch 1/1:  
56%|#####6    | 
876/1563 [09:28<07:17, 
 1.57it/s, acc=3.8%, 
loss=4.1519]
Task 0 Epoch 1/1:  
56%|#####6    | 
877/1563 [09:28<07:23, 
 1.55it/s, acc=3.8%, 
loss=4.1519]
Task 0 Epoch 1/1:  
56%|#####6    | 
877/1563 [09:28<07:23, 
 1.55it/s, acc=3.8%, 
loss=3.7609]
Task 0 Epoch 1/1:  
56%|#####6    | 
878/1563 [09:28<07:09, 
 1.60it/s, acc=3.8%, 
loss=3.7609]
Task 0 Epoch 1/1:  
56%|#####6    | 
878/1563 [09:29<07:09, 
 1.60it/s, acc=3.8%, 
loss=4.0246]
Task 0 Epoch 1/1:  
56%|#####6    | 
879/1563 [09:29<07:09, 
 1.59it/s, acc=3.8%, 
loss=4.0246]
Task 0 Epoch 1/1:  
56%|#####6    | 
879/1563 [09:30<07:09, 
 1.59it/s, acc=3.8%, 
loss=4.4610]
Task 0 Epoch 1/1:  
56%|#####6    | 
880/1563 [09:30<07:03, 
 1.61it/s, acc=3.8%, 
loss=4.4610]
Task 0 Epoch 1/1:  
56%|#####6    | 
880/1563 [09:30<07:03, 
 1.61it/s, acc=3.8%, 
loss=3.9777]
Task 0 Epoch 1/1:  
56%|#####6    | 
881/1563 [09:30<07:03, 
 1.61it/s, acc=3.8%, 
loss=3.9777]
Task 0 Epoch 1/1:  
56%|#####6    | 
881/1563 [09:31<07:03, 
 1.61it/s, acc=3.8%, 
loss=4.2770]
Task 0 Epoch 1/1:  
56%|#####6    | 
882/1563 [09:31<07:02, 
 1.61it/s, acc=3.8%, 
loss=4.2770]
Task 0 Epoch 1/1:  
56%|#####6    | 
882/1563 [09:31<07:02, 
 1.61it/s, acc=3.8%, 
loss=3.9680]
Task 0 Epoch 1/1:  
56%|#####6    | 
883/1563 [09:31<07:02, 
 1.61it/s, acc=3.8%, 
loss=3.9680]
Task 0 Epoch 1/1:  
56%|#####6    | 
883/1563 [09:32<07:02, 
 1.61it/s, acc=3.8%, 
loss=4.1625]
Task 0 Epoch 1/1:  
57%|#####6    | 
884/1563 [09:32<07:08, 
 1.58it/s, acc=3.8%, 
loss=4.1625]
Task 0 Epoch 1/1:  
57%|#####6    | 
884/1563 [09:33<07:08, 
 1.58it/s, acc=3.8%, 
loss=4.1301]
Task 0 Epoch 1/1:  
57%|#####6    | 
885/1563 [09:33<07:08, 
 1.58it/s, acc=3.8%, 
loss=4.1301]
Task 0 Epoch 1/1:  
57%|#####6    | 
885/1563 [09:33<07:08, 
 1.58it/s, acc=3.8%, 
loss=4.0181]
Task 0 Epoch 1/1:  
57%|#####6    | 
886/1563 [09:33<07:07, 
 1.58it/s, acc=3.8%, 
loss=4.0181]
Task 0 Epoch 1/1:  
57%|#####6    | 
886/1563 [09:34<07:07, 
 1.58it/s, acc=3.8%, 
loss=4.0504]
Task 0 Epoch 1/1:  
57%|#####6    | 
887/1563 [09:34<07:03, 
 1.60it/s, acc=3.8%, 
loss=4.0504]
Task 0 Epoch 1/1:  
57%|#####6    | 
887/1563 [09:35<07:03, 
 1.60it/s, acc=3.8%, 
loss=3.7058]
Task 0 Epoch 1/1:  
57%|#####6    | 
888/1563 [09:35<06:59, 
 1.61it/s, acc=3.8%, 
loss=3.7058]
Task 0 Epoch 1/1:  
57%|#####6    | 
888/1563 [09:35<06:59, 
 1.61it/s, acc=3.8%, 
loss=3.9592]
Task 0 Epoch 1/1:  
57%|#####6    | 
889/1563 [09:35<07:04, 
 1.59it/s, acc=3.8%, 
loss=3.9592]
Task 0 Epoch 1/1:  
57%|#####6    | 
889/1563 [09:36<07:04, 
 1.59it/s, acc=3.8%, 
loss=4.3117]
Task 0 Epoch 1/1:  
57%|#####6    | 
890/1563 [09:36<07:05, 
 1.58it/s, acc=3.8%, 
loss=4.3117]
Task 0 Epoch 1/1:  
57%|#####6    | 
890/1563 [09:37<07:05, 
 1.58it/s, acc=3.8%, 
loss=3.7684]
Task 0 Epoch 1/1:  
57%|#####7    | 
891/1563 [09:37<07:14, 
 1.55it/s, acc=3.8%, 
loss=3.7684]
Task 0 Epoch 1/1:  
57%|#####7    | 
891/1563 [09:37<07:14, 
 1.55it/s, acc=3.8%, 
loss=3.9947]
Task 0 Epoch 1/1:  
57%|#####7    | 
892/1563 [09:37<07:14, 
 1.54it/s, acc=3.8%, 
loss=3.9947]
Task 0 Epoch 1/1:  
57%|#####7    | 
892/1563 [09:38<07:14, 
 1.54it/s, acc=3.8%, 
loss=3.9662]
Task 0 Epoch 1/1:  
57%|#####7    | 
893/1563 [09:38<07:08, 
 1.56it/s, acc=3.8%, 
loss=3.9662]
Task 0 Epoch 1/1:  
57%|#####7    | 
893/1563 [09:38<07:08, 
 1.56it/s, acc=3.8%, 
loss=3.8291]
Task 0 Epoch 1/1:  
57%|#####7    | 
894/1563 [09:38<07:00, 
 1.59it/s, acc=3.8%, 
loss=3.8291]
Task 0 Epoch 1/1:  
57%|#####7    | 
894/1563 [09:39<07:00, 
 1.59it/s, acc=3.8%, 
loss=4.4208]
Task 0 Epoch 1/1:  
57%|#####7    | 
895/1563 [09:39<06:55, 
 1.61it/s, acc=3.8%, 
loss=4.4208]
Task 0 Epoch 1/1:  
57%|#####7    | 
895/1563 [09:40<06:55, 
 1.61it/s, acc=3.8%, 
loss=4.1171]
Task 0 Epoch 1/1:  
57%|#####7    | 
896/1563 [09:40<06:53, 
 1.61it/s, acc=3.8%, 
loss=4.1171]
Task 0 Epoch 1/1:  
57%|#####7    | 
896/1563 [09:40<06:53, 
 1.61it/s, acc=3.8%, 
loss=3.7328]
Task 0 Epoch 1/1:  
57%|#####7    | 
897/1563 [09:40<06:52, 
 1.61it/s, acc=3.8%, 
loss=3.7328]
Task 0 Epoch 1/1:  
57%|#####7    | 
897/1563 [09:41<06:52, 
 1.61it/s, acc=3.8%, 
loss=3.7128]
Task 0 Epoch 1/1:  
57%|#####7    | 
898/1563 [09:41<06:49, 
 1.62it/s, acc=3.8%, 
loss=3.7128]
Task 0 Epoch 1/1:  
57%|#####7    | 
898/1563 [09:42<06:49, 
 1.62it/s, acc=3.8%, 
loss=3.9524]
Task 0 Epoch 1/1:  
58%|#####7    | 
899/1563 [09:42<06:48, 
 1.63it/s, acc=3.8%, 
loss=3.9524]
Task 0 Epoch 1/1:  
58%|#####7    | 
899/1563 [09:42<06:48, 
 1.63it/s, acc=3.8%, 
loss=3.6911]
Task 0 Epoch 1/1:  
58%|#####7    | 
900/1563 [09:42<06:56, 
 1.59it/s, acc=3.8%, 
loss=3.6911]
Task 0 Epoch 1/1:  
58%|#####7    | 
900/1563 [09:43<06:56, 
 1.59it/s, acc=3.8%, 
loss=4.1133]
Task 0 Epoch 1/1:  
58%|#####7    | 
901/1563 [09:43<06:51, 
 1.61it/s, acc=3.8%, 
loss=4.1133]
Task 0 Epoch 1/1:  
58%|#####7    | 
901/1563 [09:43<06:51, 
 1.61it/s, acc=3.8%, 
loss=3.0270]
Task 0 Epoch 1/1:  
58%|#####7    | 
902/1563 [09:43<06:47, 
 1.62it/s, acc=3.8%, 
loss=3.0270]
Task 0 Epoch 1/1:  
58%|#####7    | 
902/1563 [09:44<06:47, 
 1.62it/s, acc=3.8%, 
loss=4.5625]
Task 0 Epoch 1/1:  
58%|#####7    | 
903/1563 [09:44<06:47, 
 1.62it/s, acc=3.8%, 
loss=4.5625]
Task 0 Epoch 1/1:  
58%|#####7    | 
903/1563 [09:45<06:47, 
 1.62it/s, acc=3.8%, 
loss=4.1560]
Task 0 Epoch 1/1:  
58%|#####7    | 
904/1563 [09:45<06:47, 
 1.62it/s, acc=3.8%, 
loss=4.1560]
Task 0 Epoch 1/1:  
58%|#####7    | 
904/1563 [09:45<06:47, 
 1.62it/s, acc=3.8%, 
loss=3.7115]
Task 0 Epoch 1/1:  
58%|#####7    | 
905/1563 [09:45<06:43, 
 1.63it/s, acc=3.8%, 
loss=3.7115]
Task 0 Epoch 1/1:  
58%|#####7    | 
905/1563 [09:46<06:43, 
 1.63it/s, acc=3.8%, 
loss=3.7181]
Task 0 Epoch 1/1:  
58%|#####7    | 
906/1563 [09:46<06:41, 
 1.64it/s, acc=3.8%, 
loss=3.7181]
Task 0 Epoch 1/1:  
58%|#####7    | 
906/1563 [09:46<06:41, 
 1.64it/s, acc=3.8%, 
loss=3.8152]
Task 0 Epoch 1/1:  
58%|#####8    | 
907/1563 [09:46<06:42, 
 1.63it/s, acc=3.8%, 
loss=3.8152]
Task 0 Epoch 1/1:  
58%|#####8    | 
907/1563 [09:47<06:42, 
 1.63it/s, acc=3.8%, 
loss=3.9413]
Task 0 Epoch 1/1:  
58%|#####8    | 
908/1563 [09:47<06:41, 
 1.63it/s, acc=3.8%, 
loss=3.9413]
Task 0 Epoch 1/1:  
58%|#####8    | 
908/1563 [09:48<06:41, 
 1.63it/s, acc=3.8%, 
loss=3.5644]
Task 0 Epoch 1/1:  
58%|#####8    | 
909/1563 [09:48<06:42, 
 1.63it/s, acc=3.8%, 
loss=3.5644]
Task 0 Epoch 1/1:  
58%|#####8    | 
909/1563 [09:48<06:42, 
 1.63it/s, acc=3.8%, 
loss=4.2886]
Task 0 Epoch 1/1:  
58%|#####8    | 
910/1563 [09:48<06:40, 
 1.63it/s, acc=3.8%, 
loss=4.2886]
Task 0 Epoch 1/1:  
58%|#####8    | 
910/1563 [09:49<06:40, 
 1.63it/s, acc=3.8%, 
loss=4.0886]
Task 0 Epoch 1/1:  
58%|#####8    | 
911/1563 [09:49<06:39, 
 1.63it/s, acc=3.8%, 
loss=4.0886]
Task 0 Epoch 1/1:  
58%|#####8    | 
911/1563 [09:50<06:39, 
 1.63it/s, acc=3.8%, 
loss=3.9665]
Task 0 Epoch 1/1:  
58%|#####8    | 
912/1563 [09:50<06:44, 
 1.61it/s, acc=3.8%, 
loss=3.9665]
Task 0 Epoch 1/1:  
58%|#####8    | 
912/1563 [09:50<06:44, 
 1.61it/s, acc=3.8%, 
loss=4.1291]
Task 0 Epoch 1/1:  
58%|#####8    | 
913/1563 [09:50<06:41, 
 1.62it/s, acc=3.8%, 
loss=4.1291]
Task 0 Epoch 1/1:  
58%|#####8    | 
913/1563 [09:51<06:41, 
 1.62it/s, acc=3.8%, 
loss=3.8796]
Task 0 Epoch 1/1:  
58%|#####8    | 
914/1563 [09:51<06:41, 
 1.62it/s, acc=3.8%, 
loss=3.8796]
Task 0 Epoch 1/1:  
58%|#####8    | 
914/1563 [09:51<06:41, 
 1.62it/s, acc=3.8%, 
loss=4.0141]
Task 0 Epoch 1/1:  
59%|#####8    | 
915/1563 [09:51<06:40, 
 1.62it/s, acc=3.8%, 
loss=4.0141]
Task 0 Epoch 1/1:  
59%|#####8    | 
915/1563 [09:52<06:40, 
 1.62it/s, acc=3.8%, 
loss=3.7287]
Task 0 Epoch 1/1:  
59%|#####8    | 
916/1563 [09:52<06:39, 
 1.62it/s, acc=3.8%, 
loss=3.7287]
Task 0 Epoch 1/1:  
59%|#####8    | 
916/1563 [09:53<06:39, 
 1.62it/s, acc=3.9%, 
loss=3.7340]
Task 0 Epoch 1/1:  
59%|#####8    | 
917/1563 [09:53<06:37, 
 1.63it/s, acc=3.9%, 
loss=3.7340]
Task 0 Epoch 1/1:  
59%|#####8    | 
917/1563 [09:53<06:37, 
 1.63it/s, acc=3.9%, 
loss=3.6705]
Task 0 Epoch 1/1:  
59%|#####8    | 
918/1563 [09:53<06:39, 
 1.62it/s, acc=3.9%, 
loss=3.6705]
Task 0 Epoch 1/1:  
59%|#####8    | 
918/1563 [09:54<06:39, 
 1.62it/s, acc=3.9%, 
loss=3.6820]
Task 0 Epoch 1/1:  
59%|#####8    | 
919/1563 [09:54<06:50, 
 1.57it/s, acc=3.9%, 
loss=3.6820]
Task 0 Epoch 1/1:  
59%|#####8    | 
919/1563 [09:55<06:50, 
 1.57it/s, acc=3.9%, 
loss=4.1851]
Task 0 Epoch 1/1:  
59%|#####8    | 
920/1563 [09:55<06:58, 
 1.54it/s, acc=3.9%, 
loss=4.1851]
Task 0 Epoch 1/1:  
59%|#####8    | 
920/1563 [09:55<06:58, 
 1.54it/s, acc=3.9%, 
loss=4.4987]
Task 0 Epoch 1/1:  
59%|#####8    | 
921/1563 [09:55<06:46, 
 1.58it/s, acc=3.9%, 
loss=4.4987]
Task 0 Epoch 1/1:  
59%|#####8    | 
921/1563 [09:56<06:46, 
 1.58it/s, acc=3.9%, 
loss=3.8197]
Task 0 Epoch 1/1:  
59%|#####8    | 
922/1563 [09:56<06:37, 
 1.61it/s, acc=3.9%, 
loss=3.8197]
Task 0 Epoch 1/1:  
59%|#####8    | 
922/1563 [09:56<06:37, 
 1.61it/s, acc=3.9%, 
loss=3.9210]
Task 0 Epoch 1/1:  
59%|#####9    | 
923/1563 [09:56<06:29, 
 1.64it/s, acc=3.9%, 
loss=3.9210]
Task 0 Epoch 1/1:  
59%|#####9    | 
923/1563 [09:57<06:29, 
 1.64it/s, acc=3.9%, 
loss=3.5417]
Task 0 Epoch 1/1:  
59%|#####9    | 
924/1563 [09:57<06:21, 
 1.68it/s, acc=3.9%, 
loss=3.5417]
Task 0 Epoch 1/1:  
59%|#####9    | 
924/1563 [09:58<06:21, 
 1.68it/s, acc=3.9%, 
loss=3.5829]
Task 0 Epoch 1/1:  
59%|#####9    | 
925/1563 [09:58<06:14, 
 1.70it/s, acc=3.9%, 
loss=3.5829]
Task 0 Epoch 1/1:  
59%|#####9    | 
925/1563 [09:58<06:14, 
 1.70it/s, acc=3.9%, 
loss=4.0877]
Task 0 Epoch 1/1:  
59%|#####9    | 
926/1563 [09:58<06:12, 
 1.71it/s, acc=3.9%, 
loss=4.0877]
Task 0 Epoch 1/1:  
59%|#####9    | 
926/1563 [09:59<06:12, 
 1.71it/s, acc=3.9%, 
loss=3.9608]
Task 0 Epoch 1/1:  
59%|#####9    | 
927/1563 [09:59<06:14, 
 1.70it/s, acc=3.9%, 
loss=3.9608]
Task 0 Epoch 1/1:  
59%|#####9    | 
927/1563 [09:59<06:14, 
 1.70it/s, acc=3.9%, 
loss=4.3657]
Task 0 Epoch 1/1:  
59%|#####9    | 
928/1563 [09:59<06:39, 
 1.59it/s, acc=3.9%, 
loss=4.3657]
Task 0 Epoch 1/1:  
59%|#####9    | 
928/1563 [10:00<06:39, 
 1.59it/s, acc=3.9%, 
loss=3.8381]
Task 0 Epoch 1/1:  
59%|#####9    | 
929/1563 [10:00<06:31, 
 1.62it/s, acc=3.9%, 
loss=3.8381]
Task 0 Epoch 1/1:  
59%|#####9    | 
929/1563 [10:01<06:31, 
 1.62it/s, acc=3.9%, 
loss=3.5392]
Task 0 Epoch 1/1:  
60%|#####9    | 
930/1563 [10:01<06:28, 
 1.63it/s, acc=3.9%, 
loss=3.5392]
Task 0 Epoch 1/1:  
60%|#####9    | 
930/1563 [10:01<06:28, 
 1.63it/s, acc=3.9%, 
loss=3.7309]
Task 0 Epoch 1/1:  
60%|#####9    | 
931/1563 [10:01<06:24, 
 1.64it/s, acc=3.9%, 
loss=3.7309]
Task 0 Epoch 1/1:  
60%|#####9    | 
931/1563 [10:02<06:24, 
 1.64it/s, acc=3.9%, 
loss=4.4780]
Task 0 Epoch 1/1:  
60%|#####9    | 
932/1563 [10:02<06:17, 
 1.67it/s, acc=3.9%, 
loss=4.4780]
Task 0 Epoch 1/1:  
60%|#####9    | 
932/1563 [10:02<06:17, 
 1.67it/s, acc=3.9%, 
loss=3.7850]
Task 0 Epoch 1/1:  
60%|#####9    | 
933/1563 [10:02<06:35, 
 1.59it/s, acc=3.9%, 
loss=3.7850]
Task 0 Epoch 1/1:  
60%|#####9    | 
933/1563 [10:03<06:35, 
 1.59it/s, acc=3.9%, 
loss=4.2388]
Task 0 Epoch 1/1:  
60%|#####9    | 
934/1563 [10:03<06:25, 
 1.63it/s, acc=3.9%, 
loss=4.2388]
Task 0 Epoch 1/1:  
60%|#####9    | 
934/1563 [10:04<06:25, 
 1.63it/s, acc=3.9%, 
loss=4.1607]
Task 0 Epoch 1/1:  
60%|#####9    | 
935/1563 [10:04<06:18, 
 1.66it/s, acc=3.9%, 
loss=4.1607]
Task 0 Epoch 1/1:  
60%|#####9    | 
935/1563 [10:04<06:18, 
 1.66it/s, acc=3.9%, 
loss=3.6430]
Task 0 Epoch 1/1:  
60%|#####9    | 
936/1563 [10:04<06:48, 
 1.54it/s, acc=3.9%, 
loss=3.6430]
Task 0 Epoch 1/1:  
60%|#####9    | 
936/1563 [10:05<06:48, 
 1.54it/s, acc=3.9%, 
loss=3.6583]
Task 0 Epoch 1/1:  
60%|#####9    | 
937/1563 [10:05<08:09, 
 1.28it/s, acc=3.9%, 
loss=3.6583]
Task 0 Epoch 1/1:  
60%|#####9    | 
937/1563 [10:07<08:09, 
 1.28it/s, acc=3.9%, 
loss=3.8392]
Task 0 Epoch 1/1:  
60%|######    | 
938/1563 [10:07<10:31, 
 1.01s/it, acc=3.9%, 
loss=3.8392]
Task 0 Epoch 1/1:  
60%|######    | 
938/1563 [10:09<10:31, 
 1.01s/it, acc=3.9%, 
loss=4.3692]
Task 0 Epoch 1/1:  
60%|######    | 
939/1563 [10:09<12:43, 
 1.22s/it, acc=3.9%, 
loss=4.3692]
Task 0 Epoch 1/1:  
60%|######    | 
939/1563 [10:10<12:43, 
 1.22s/it, acc=3.9%, 
loss=3.5443]
Task 0 Epoch 1/1:  
60%|######    | 
940/1563 [10:10<14:19, 
 1.38s/it, acc=3.9%, 
loss=3.5443]
Task 0 Epoch 1/1:  
60%|######    | 
940/1563 [10:12<14:19, 
 1.38s/it, acc=3.9%, 
loss=3.7457]
Task 0 Epoch 1/1:  
60%|######    | 
941/1563 [10:12<15:23, 
 1.48s/it, acc=3.9%, 
loss=3.7457]
Task 0 Epoch 1/1:  
60%|######    | 
941/1563 [10:14<15:23, 
 1.48s/it, acc=3.9%, 
loss=3.9169]
Task 0 Epoch 1/1:  
60%|######    | 
942/1563 [10:14<16:07, 
 1.56s/it, acc=3.9%, 
loss=3.9169]
Task 0 Epoch 1/1:  
60%|######    | 
942/1563 [10:16<16:07, 
 1.56s/it, acc=3.9%, 
loss=3.8067]
Task 0 Epoch 1/1:  
60%|######    | 
943/1563 [10:16<16:33, 
 1.60s/it, acc=3.9%, 
loss=3.8067]
Task 0 Epoch 1/1:  
60%|######    | 
943/1563 [10:17<16:33, 
 1.60s/it, acc=3.9%, 
loss=3.9562]
Task 0 Epoch 1/1:  
60%|######    | 
944/1563 [10:17<16:56, 
 1.64s/it, acc=3.9%, 
loss=3.9562]
Task 0 Epoch 1/1:  
60%|######    | 
944/1563 [10:19<16:56, 
 1.64s/it, acc=3.9%, 
loss=4.0638]
Task 0 Epoch 1/1:  
60%|######    | 
945/1563 [10:19<17:12, 
 1.67s/it, acc=3.9%, 
loss=4.0638]
Task 0 Epoch 1/1:  
60%|######    | 
945/1563 [10:21<17:12, 
 1.67s/it, acc=3.9%, 
loss=3.3803]
Task 0 Epoch 1/1:  
61%|######    | 
946/1563 [10:21<17:22, 
 1.69s/it, acc=3.9%, 
loss=3.3803]
Task 0 Epoch 1/1:  
61%|######    | 
946/1563 [10:23<17:22, 
 1.69s/it, acc=3.9%, 
loss=4.5959]
Task 0 Epoch 1/1:  
61%|######    | 
947/1563 [10:23<17:36, 
 1.71s/it, acc=3.9%, 
loss=4.5959]
Task 0 Epoch 1/1:  
61%|######    | 
947/1563 [10:24<17:36, 
 1.71s/it, acc=3.9%, 
loss=3.8758]
Task 0 Epoch 1/1:  
61%|######    | 
948/1563 [10:24<17:44, 
 1.73s/it, acc=3.9%, 
loss=3.8758]
Task 0 Epoch 1/1:  
61%|######    | 
948/1563 [10:26<17:44, 
 1.73s/it, acc=3.9%, 
loss=4.2585]
Task 0 Epoch 1/1:  
61%|######    | 
949/1563 [10:26<17:40, 
 1.73s/it, acc=3.9%, 
loss=4.2585]
Task 0 Epoch 1/1:  
61%|######    | 
949/1563 [10:28<17:40, 
 1.73s/it, acc=3.9%, 
loss=3.8421]
Task 0 Epoch 1/1:  
61%|######    | 
950/1563 [10:28<17:35, 
 1.72s/it, acc=3.9%, 
loss=3.8421]
Task 0 Epoch 1/1:  
61%|######    | 
950/1563 [10:30<17:35, 
 1.72s/it, acc=3.9%, 
loss=3.6150]
Task 0 Epoch 1/1:  
61%|######    | 
951/1563 [10:30<17:37, 
 1.73s/it, acc=3.9%, 
loss=3.6150]
Task 0 Epoch 1/1:  
61%|######    | 
951/1563 [10:31<17:37, 
 1.73s/it, acc=3.9%, 
loss=3.7967]
Task 0 Epoch 1/1:  
61%|######    | 
952/1563 [10:31<17:32, 
 1.72s/it, acc=3.9%, 
loss=3.7967]
Task 0 Epoch 1/1:  
61%|######    | 
952/1563 [10:33<17:32, 
 1.72s/it, acc=3.9%, 
loss=4.1509]
Task 0 Epoch 1/1:  
61%|######    | 
953/1563 [10:33<17:33, 
 1.73s/it, acc=3.9%, 
loss=4.1509]
Task 0 Epoch 1/1:  
61%|######    | 
953/1563 [10:35<17:33, 
 1.73s/it, acc=3.9%, 
loss=4.0247]
Task 0 Epoch 1/1:  
61%|######1   | 
954/1563 [10:35<17:28, 
 1.72s/it, acc=3.9%, 
loss=4.0247]
Task 0 Epoch 1/1:  
61%|######1   | 
954/1563 [10:36<17:28, 
 1.72s/it, acc=3.9%, 
loss=4.1228]
Task 0 Epoch 1/1:  
61%|######1   | 
955/1563 [10:36<17:36, 
 1.74s/it, acc=3.9%, 
loss=4.1228]
Task 0 Epoch 1/1:  
61%|######1   | 
955/1563 [10:38<17:36, 
 1.74s/it, acc=3.9%, 
loss=4.1880]
Task 0 Epoch 1/1:  
61%|######1   | 
956/1563 [10:38<17:33, 
 1.74s/it, acc=3.9%, 
loss=4.1880]
Task 0 Epoch 1/1:  
61%|######1   | 
956/1563 [10:40<17:33, 
 1.74s/it, acc=3.9%, 
loss=3.7944]
Task 0 Epoch 1/1:  
61%|######1   | 
957/1563 [10:40<17:33, 
 1.74s/it, acc=3.9%, 
loss=3.7944]
Task 0 Epoch 1/1:  
61%|######1   | 
957/1563 [10:42<17:33, 
 1.74s/it, acc=3.9%, 
loss=3.7288]
Task 0 Epoch 1/1:  
61%|######1   | 
958/1563 [10:42<17:30, 
 1.74s/it, acc=3.9%, 
loss=3.7288]
Task 0 Epoch 1/1:  
61%|######1   | 
958/1563 [10:43<17:30, 
 1.74s/it, acc=3.9%, 
loss=4.2500]
Task 0 Epoch 1/1:  
61%|######1   | 
959/1563 [10:43<17:32, 
 1.74s/it, acc=3.9%, 
loss=4.2500]
Task 0 Epoch 1/1:  
61%|######1   | 
959/1563 [10:45<17:32, 
 1.74s/it, acc=3.9%, 
loss=4.1794]
Task 0 Epoch 1/1:  
61%|######1   | 
960/1563 [10:45<17:33, 
 1.75s/it, acc=3.9%, 
loss=4.1794]
Task 0 Epoch 1/1:  
61%|######1   | 
960/1563 [10:47<17:33, 
 1.75s/it, acc=3.9%, 
loss=3.8425]
Task 0 Epoch 1/1:  
61%|######1   | 
961/1563 [10:47<18:52, 
 1.88s/it, acc=3.9%, 
loss=3.8425]
Task 0 Epoch 1/1:  
61%|######1   | 
961/1563 [10:49<18:52, 
 1.88s/it, acc=3.9%, 
loss=4.1300]
Task 0 Epoch 1/1:  
62%|######1   | 
962/1563 [10:49<19:02, 
 1.90s/it, acc=3.9%, 
loss=4.1300]
Task 0 Epoch 1/1:  
62%|######1   | 
962/1563 [10:51<19:02, 
 1.90s/it, acc=3.9%, 
loss=3.8389]
Task 0 Epoch 1/1:  
62%|######1   | 
963/1563 [10:51<18:39, 
 1.87s/it, acc=3.9%, 
loss=3.8389]
Task 0 Epoch 1/1:  
62%|######1   | 
963/1563 [10:53<18:39, 
 1.87s/it, acc=4.0%, 
loss=3.5042]
Task 0 Epoch 1/1:  
62%|######1   | 
964/1563 [10:53<18:29, 
 1.85s/it, acc=4.0%, 
loss=3.5042]
Task 0 Epoch 1/1:  
62%|######1   | 
964/1563 [10:55<18:29, 
 1.85s/it, acc=4.0%, 
loss=4.4112]
Task 0 Epoch 1/1:  
62%|######1   | 
965/1563 [10:55<18:19, 
 1.84s/it, acc=4.0%, 
loss=4.4112]
Task 0 Epoch 1/1:  
62%|######1   | 
965/1563 [10:57<18:19, 
 1.84s/it, acc=4.0%, 
loss=4.0862]
Task 0 Epoch 1/1:  
62%|######1   | 
966/1563 [10:57<18:12, 
 1.83s/it, acc=4.0%, 
loss=4.0862]
Task 0 Epoch 1/1:  
62%|######1   | 
966/1563 [10:58<18:12, 
 1.83s/it, acc=4.0%, 
loss=3.8000]
Task 0 Epoch 1/1:  
62%|######1   | 
967/1563 [10:58<18:08, 
 1.83s/it, acc=4.0%, 
loss=3.8000]
Task 0 Epoch 1/1:  
62%|######1   | 
967/1563 [11:00<18:08, 
 1.83s/it, acc=4.0%, 
loss=3.7706]
Task 0 Epoch 1/1:  
62%|######1   | 
968/1563 [11:00<18:10, 
 1.83s/it, acc=4.0%, 
loss=3.7706]
Task 0 Epoch 1/1:  
62%|######1   | 
968/1563 [11:02<18:10, 
 1.83s/it, acc=4.0%, 
loss=4.0073]
Task 0 Epoch 1/1:  
62%|######1   | 
969/1563 [11:02<18:13, 
 1.84s/it, acc=4.0%, 
loss=4.0073]
Task 0 Epoch 1/1:  
62%|######1   | 
969/1563 [11:04<18:13, 
 1.84s/it, acc=3.9%, 
loss=3.7099]
Task 0 Epoch 1/1:  
62%|######2   | 
970/1563 [11:04<18:54, 
 1.91s/it, acc=3.9%, 
loss=3.7099]
Task 0 Epoch 1/1:  
62%|######2   | 
970/1563 [11:06<18:54, 
 1.91s/it, acc=4.0%, 
loss=3.8563]
Task 0 Epoch 1/1:  
62%|######2   | 
971/1563 [11:06<18:44, 
 1.90s/it, acc=4.0%, 
loss=3.8563]
Task 0 Epoch 1/1:  
62%|######2   | 
971/1563 [11:07<18:44, 
 1.90s/it, acc=4.0%, 
loss=3.4256]
Task 0 Epoch 1/1:  
62%|######2   | 
972/1563 [11:07<16:37, 
 1.69s/it, acc=4.0%, 
loss=3.4256]
Task 0 Epoch 1/1:  
62%|######2   | 
972/1563 [11:08<16:37, 
 1.69s/it, acc=4.0%, 
loss=3.8354]
Task 0 Epoch 1/1:  
62%|######2   | 
973/1563 [11:08<13:37, 
 1.39s/it, acc=4.0%, 
loss=3.8354]
Task 0 Epoch 1/1:  
62%|######2   | 
973/1563 [11:09<13:37, 
 1.39s/it, acc=4.0%, 
loss=3.9951]
Task 0 Epoch 1/1:  
62%|######2   | 
974/1563 [11:09<11:35, 
 1.18s/it, acc=4.0%, 
loss=3.9951]
Task 0 Epoch 1/1:  
62%|######2   | 
974/1563 [11:09<11:35, 
 1.18s/it, acc=4.0%, 
loss=3.5825]
Task 0 Epoch 1/1:  
62%|######2   | 
975/1563 [11:09<10:18, 
 1.05s/it, acc=4.0%, 
loss=3.5825]
Task 0 Epoch 1/1:  
62%|######2   | 
975/1563 [11:10<10:18, 
 1.05s/it, acc=4.0%, 
loss=4.0963]
Task 0 Epoch 1/1:  
62%|######2   | 
976/1563 [11:10<09:06, 
 1.07it/s, acc=4.0%, 
loss=4.0963]
Task 0 Epoch 1/1:  
62%|######2   | 
976/1563 [11:11<09:06, 
 1.07it/s, acc=4.0%, 
loss=4.2251]
Task 0 Epoch 1/1:  
63%|######2   | 
977/1563 [11:11<08:15, 
 1.18it/s, acc=4.0%, 
loss=4.2251]
Task 0 Epoch 1/1:  
63%|######2   | 
977/1563 [11:11<08:15, 
 1.18it/s, acc=4.0%, 
loss=4.0260]
Task 0 Epoch 1/1:  
63%|######2   | 
978/1563 [11:11<07:44, 
 1.26it/s, acc=4.0%, 
loss=4.0260]
Task 0 Epoch 1/1:  
63%|######2   | 
978/1563 [11:12<07:44, 
 1.26it/s, acc=4.0%, 
loss=4.0230]
Task 0 Epoch 1/1:  
63%|######2   | 
979/1563 [11:12<07:42, 
 1.26it/s, acc=4.0%, 
loss=4.0230]
Task 0 Epoch 1/1:  
63%|######2   | 
979/1563 [11:13<07:42, 
 1.26it/s, acc=4.0%, 
loss=4.1148]
Task 0 Epoch 1/1:  
63%|######2   | 
980/1563 [11:13<07:39, 
 1.27it/s, acc=4.0%, 
loss=4.1148]
Task 0 Epoch 1/1:  
63%|######2   | 
980/1563 [11:14<07:39, 
 1.27it/s, acc=4.0%, 
loss=3.8552]
Task 0 Epoch 1/1:  
63%|######2   | 
981/1563 [11:14<07:18, 
 1.33it/s, acc=4.0%, 
loss=3.8552]
Task 0 Epoch 1/1:  
63%|######2   | 
981/1563 [11:14<07:18, 
 1.33it/s, acc=4.0%, 
loss=3.9486]
Task 0 Epoch 1/1:  
63%|######2   | 
982/1563 [11:14<07:26, 
 1.30it/s, acc=4.0%, 
loss=3.9486]
Task 0 Epoch 1/1:  
63%|######2   | 
982/1563 [11:15<07:26, 
 1.30it/s, acc=4.0%, 
loss=3.7797]
Task 0 Epoch 1/1:  
63%|######2   | 
983/1563 [11:15<07:10, 
 1.35it/s, acc=4.0%, 
loss=3.7797]
Task 0 Epoch 1/1:  
63%|######2   | 
983/1563 [11:16<07:10, 
 1.35it/s, acc=4.0%, 
loss=4.0413]
Task 0 Epoch 1/1:  
63%|######2   | 
984/1563 [11:16<06:55, 
 1.39it/s, acc=4.0%, 
loss=4.0413]
Task 0 Epoch 1/1:  
63%|######2   | 
984/1563 [11:16<06:55, 
 1.39it/s, acc=4.0%, 
loss=3.9875]
Task 0 Epoch 1/1:  
63%|######3   | 
985/1563 [11:16<06:54, 
 1.39it/s, acc=4.0%, 
loss=3.9875]
Task 0 Epoch 1/1:  
63%|######3   | 
985/1563 [11:17<06:54, 
 1.39it/s, acc=4.0%, 
loss=3.8421]
Task 0 Epoch 1/1:  
63%|######3   | 
986/1563 [11:17<06:54, 
 1.39it/s, acc=4.0%, 
loss=3.8421]
Task 0 Epoch 1/1:  
63%|######3   | 
986/1563 [11:18<06:54, 
 1.39it/s, acc=4.0%, 
loss=4.1473]
Task 0 Epoch 1/1:  
63%|######3   | 
987/1563 [11:18<06:39, 
 1.44it/s, acc=4.0%, 
loss=4.1473]
Task 0 Epoch 1/1:  
63%|######3   | 
987/1563 [11:18<06:39, 
 1.44it/s, acc=4.0%, 
loss=4.0798]
Task 0 Epoch 1/1:  
63%|######3   | 
988/1563 [11:18<06:32, 
 1.47it/s, acc=4.0%, 
loss=4.0798]
Task 0 Epoch 1/1:  
63%|######3   | 
988/1563 [11:19<06:32, 
 1.47it/s, acc=4.0%, 
loss=3.8199]
Task 0 Epoch 1/1:  
63%|######3   | 
989/1563 [11:19<06:37, 
 1.44it/s, acc=4.0%, 
loss=3.8199]
Task 0 Epoch 1/1:  
63%|######3   | 
989/1563 [11:20<06:37, 
 1.44it/s, acc=4.0%, 
loss=4.1046]
Task 0 Epoch 1/1:  
63%|######3   | 
990/1563 [11:20<06:28, 
 1.48it/s, acc=4.0%, 
loss=4.1046]
Task 0 Epoch 1/1:  
63%|######3   | 
990/1563 [11:20<06:28, 
 1.48it/s, acc=4.0%, 
loss=3.9753]
Task 0 Epoch 1/1:  
63%|######3   | 
991/1563 [11:20<06:21, 
 1.50it/s, acc=4.0%, 
loss=3.9753]
Task 0 Epoch 1/1:  
63%|######3   | 
991/1563 [11:21<06:21, 
 1.50it/s, acc=4.0%, 
loss=4.0399]
Task 0 Epoch 1/1:  
63%|######3   | 
992/1563 [11:21<06:17, 
 1.51it/s, acc=4.0%, 
loss=4.0399]
Task 0 Epoch 1/1:  
63%|######3   | 
992/1563 [11:22<06:17, 
 1.51it/s, acc=4.0%, 
loss=4.4919]
Task 0 Epoch 1/1:  
64%|######3   | 
993/1563 [11:22<06:31, 
 1.45it/s, acc=4.0%, 
loss=4.4919]
Task 0 Epoch 1/1:  
64%|######3   | 
993/1563 [11:23<06:31, 
 1.45it/s, acc=4.0%, 
loss=3.8636]
Task 0 Epoch 1/1:  
64%|######3   | 
994/1563 [11:23<06:23, 
 1.48it/s, acc=4.0%, 
loss=3.8636]
Task 0 Epoch 1/1:  
64%|######3   | 
994/1563 [11:23<06:23, 
 1.48it/s, acc=4.0%, 
loss=3.9279]
Task 0 Epoch 1/1:  
64%|######3   | 
995/1563 [11:23<06:20, 
 1.49it/s, acc=4.0%, 
loss=3.9279]
Task 0 Epoch 1/1:  
64%|######3   | 
995/1563 [11:24<06:20, 
 1.49it/s, acc=4.0%, 
loss=3.7611]
Task 0 Epoch 1/1:  
64%|######3   | 
996/1563 [11:24<06:35, 
 1.43it/s, acc=4.0%, 
loss=3.7611]
Task 0 Epoch 1/1:  
64%|######3   | 
996/1563 [11:25<06:35, 
 1.43it/s, acc=4.0%, 
loss=3.7617]
Task 0 Epoch 1/1:  
64%|######3   | 
997/1563 [11:25<06:28, 
 1.46it/s, acc=4.0%, 
loss=3.7617]
Task 0 Epoch 1/1:  
64%|######3   | 
997/1563 [11:25<06:28, 
 1.46it/s, acc=4.0%, 
loss=4.0513]
Task 0 Epoch 1/1:  
64%|######3   | 
998/1563 [11:25<06:24, 
 1.47it/s, acc=4.0%, 
loss=4.0513]
Task 0 Epoch 1/1:  
64%|######3   | 
998/1563 [11:26<06:24, 
 1.47it/s, acc=4.0%, 
loss=4.2084]
Task 0 Epoch 1/1:  
64%|######3   | 
999/1563 [11:26<06:42, 
 1.40it/s, acc=4.0%, 
loss=4.2084]
Task 0 Epoch 1/1:  
64%|######3   | 
999/1563 [11:27<06:42, 
 1.40it/s, acc=4.0%, 
loss=3.7663]
Task 0 Epoch 1/1:  
64%|######3   | 
1000/1563 
[11:27<06:57,  
1.35it/s, acc=4.0%, 
loss=3.7663]
Task 0 Epoch 1/1:  
64%|######3   | 
1000/1563 
[11:28<06:57,  
1.35it/s, acc=4.0%, 
loss=3.7635]
Task 0 Epoch 1/1:  
64%|######4   | 
1001/1563 
[11:28<06:42,  
1.40it/s, acc=4.0%, 
loss=3.7635]
Task 0 Epoch 1/1:  
64%|######4   | 
1001/1563 
[11:28<06:42,  
1.40it/s, acc=4.0%, 
loss=3.9272]
Task 0 Epoch 1/1:  
64%|######4   | 
1002/1563 
[11:28<06:32,  
1.43it/s, acc=4.0%, 
loss=3.9272]
Task 0 Epoch 1/1:  
64%|######4   | 
1002/1563 
[11:29<06:32,  
1.43it/s, acc=4.0%, 
loss=3.5642]
Task 0 Epoch 1/1:  
64%|######4   | 
1003/1563 
[11:29<06:22,  
1.46it/s, acc=4.0%, 
loss=3.5642]
Task 0 Epoch 1/1:  
64%|######4   | 
1003/1563 
[11:29<06:22,  
1.46it/s, acc=4.0%, 
loss=3.8271]
Task 0 Epoch 1/1:  
64%|######4   | 
1004/1563 
[11:29<06:14,  
1.49it/s, acc=4.0%, 
loss=3.8271]
Task 0 Epoch 1/1:  
64%|######4   | 
1004/1563 
[11:30<06:14,  
1.49it/s, acc=4.0%, 
loss=3.6317]
Task 0 Epoch 1/1:  
64%|######4   | 
1005/1563 
[11:30<06:13,  
1.49it/s, acc=4.0%, 
loss=3.6317]
Task 0 Epoch 1/1:  
64%|######4   | 
1005/1563 
[11:31<06:13,  
1.49it/s, acc=4.0%, 
loss=3.9618]
Task 0 Epoch 1/1:  
64%|######4   | 
1006/1563 
[11:31<06:23,  
1.45it/s, acc=4.0%, 
loss=3.9618]
Task 0 Epoch 1/1:  
64%|######4   | 
1006/1563 
[11:31<06:23,  
1.45it/s, acc=4.0%, 
loss=4.1874]
Task 0 Epoch 1/1:  
64%|######4   | 
1007/1563 
[11:31<06:14,  
1.49it/s, acc=4.0%, 
loss=4.1874]
Task 0 Epoch 1/1:  
64%|######4   | 
1007/1563 
[11:32<06:14,  
1.49it/s, acc=4.0%, 
loss=3.8688]
Task 0 Epoch 1/1:  
64%|######4   | 
1008/1563 
[11:32<06:09,  
1.50it/s, acc=4.0%, 
loss=3.8688]
Task 0 Epoch 1/1:  
64%|######4   | 
1008/1563 
[11:33<06:09,  
1.50it/s, acc=4.0%, 
loss=4.0129]
Task 0 Epoch 1/1:  
65%|######4   | 
1009/1563 
[11:33<06:05,  
1.52it/s, acc=4.0%, 
loss=4.0129]
Task 0 Epoch 1/1:  
65%|######4   | 
1009/1563 
[11:33<06:05,  
1.52it/s, acc=4.0%, 
loss=3.9801]
Task 0 Epoch 1/1:  
65%|######4   | 
1010/1563 
[11:33<06:07,  
1.51it/s, acc=4.0%, 
loss=3.9801]
Task 0 Epoch 1/1:  
65%|######4   | 
1010/1563 
[11:34<06:07,  
1.51it/s, acc=4.0%, 
loss=3.6493]
Task 0 Epoch 1/1:  
65%|######4   | 
1011/1563 
[11:34<06:05,  
1.51it/s, acc=4.0%, 
loss=3.6493]
Task 0 Epoch 1/1:  
65%|######4   | 
1011/1563 
[11:35<06:05,  
1.51it/s, acc=4.0%, 
loss=4.0929]
Task 0 Epoch 1/1:  
65%|######4   | 
1012/1563 
[11:35<06:05,  
1.51it/s, acc=4.0%, 
loss=4.0929]
Task 0 Epoch 1/1:  
65%|######4   | 
1012/1563 
[11:36<06:05,  
1.51it/s, acc=4.0%, 
loss=4.1092]
Task 0 Epoch 1/1:  
65%|######4   | 
1013/1563 
[11:36<06:34,  
1.39it/s, acc=4.0%, 
loss=4.1092]
Task 0 Epoch 1/1:  
65%|######4   | 
1013/1563 
[11:36<06:34,  
1.39it/s, acc=4.0%, 
loss=4.0679]
Task 0 Epoch 1/1:  
65%|######4   | 
1014/1563 
[11:36<06:29,  
1.41it/s, acc=4.0%, 
loss=4.0679]
Task 0 Epoch 1/1:  
65%|######4   | 
1014/1563 
[11:37<06:29,  
1.41it/s, acc=4.0%, 
loss=3.6433]
Task 0 Epoch 1/1:  
65%|######4   | 
1015/1563 
[11:37<06:29,  
1.41it/s, acc=4.0%, 
loss=3.6433]
Task 0 Epoch 1/1:  
65%|######4   | 
1015/1563 
[11:38<06:29,  
1.41it/s, acc=4.1%, 
loss=2.9388]
Task 0 Epoch 1/1:  
65%|######5   | 
1016/1563 
[11:38<06:15,  
1.46it/s, acc=4.1%, 
loss=2.9388]
Task 0 Epoch 1/1:  
65%|######5   | 
1016/1563 
[11:38<06:15,  
1.46it/s, acc=4.1%, 
loss=3.9311]
Task 0 Epoch 1/1:  
65%|######5   | 
1017/1563 
[11:38<06:11,  
1.47it/s, acc=4.1%, 
loss=3.9311]
Task 0 Epoch 1/1:  
65%|######5   | 
1017/1563 
[11:39<06:11,  
1.47it/s, acc=4.1%, 
loss=3.8373]
Task 0 Epoch 1/1:  
65%|######5   | 
1018/1563 
[11:39<06:06,  
1.49it/s, acc=4.1%, 
loss=3.8373]
Task 0 Epoch 1/1:  
65%|######5   | 
1018/1563 
[11:40<06:06,  
1.49it/s, acc=4.0%, 
loss=4.3671]
Task 0 Epoch 1/1:  
65%|######5   | 
1019/1563 
[11:40<06:03,  
1.50it/s, acc=4.0%, 
loss=4.3671]
Task 0 Epoch 1/1:  
65%|######5   | 
1019/1563 
[11:40<06:03,  
1.50it/s, acc=4.0%, 
loss=3.9050]
Task 0 Epoch 1/1:  
65%|######5   | 
1020/1563 
[11:40<05:55,  
1.53it/s, acc=4.0%, 
loss=3.9050]
Task 0 Epoch 1/1:  
65%|######5   | 
1020/1563 
[11:41<05:55,  
1.53it/s, acc=4.0%, 
loss=4.5700]
Task 0 Epoch 1/1:  
65%|######5   | 
1021/1563 
[11:41<06:10,  
1.46it/s, acc=4.0%, 
loss=4.5700]
Task 0 Epoch 1/1:  
65%|######5   | 
1021/1563 
[11:42<06:10,  
1.46it/s, acc=4.0%, 
loss=3.8843]
Task 0 Epoch 1/1:  
65%|######5   | 
1022/1563 
[11:42<06:22,  
1.42it/s, acc=4.0%, 
loss=3.8843]
Task 0 Epoch 1/1:  
65%|######5   | 
1022/1563 
[11:42<06:22,  
1.42it/s, acc=4.0%, 
loss=3.7599]
Task 0 Epoch 1/1:  
65%|######5   | 
1023/1563 
[11:42<06:12,  
1.45it/s, acc=4.0%, 
loss=3.7599]
Task 0 Epoch 1/1:  
65%|######5   | 
1023/1563 
[11:43<06:12,  
1.45it/s, acc=4.0%, 
loss=3.8923]
Task 0 Epoch 1/1:  
66%|######5   | 
1024/1563 
[11:43<06:03,  
1.48it/s, acc=4.0%, 
loss=3.8923]
Task 0 Epoch 1/1:  
66%|######5   | 
1024/1563 
[11:44<06:03,  
1.48it/s, acc=4.0%, 
loss=3.9787]
Task 0 Epoch 1/1:  
66%|######5   | 
1025/1563 
[11:44<05:57,  
1.51it/s, acc=4.0%, 
loss=3.9787]
Task 0 Epoch 1/1:  
66%|######5   | 
1025/1563 
[11:44<05:57,  
1.51it/s, acc=4.0%, 
loss=3.6375]
Task 0 Epoch 1/1:  
66%|######5   | 
1026/1563 
[11:44<05:53,  
1.52it/s, acc=4.0%, 
loss=3.6375]
Task 0 Epoch 1/1:  
66%|######5   | 
1026/1563 
[11:45<05:53,  
1.52it/s, acc=4.1%, 
loss=3.5620]
Task 0 Epoch 1/1:  
66%|######5   | 
1027/1563 
[11:45<06:03,  
1.47it/s, acc=4.1%, 
loss=3.5620]
Task 0 Epoch 1/1:  
66%|######5   | 
1027/1563 
[11:46<06:03,  
1.47it/s, acc=4.1%, 
loss=4.1115]
Task 0 Epoch 1/1:  
66%|######5   | 
1028/1563 
[11:46<05:54,  
1.51it/s, acc=4.1%, 
loss=4.1115]
Task 0 Epoch 1/1:  
66%|######5   | 
1028/1563 
[11:46<05:54,  
1.51it/s, acc=4.1%, 
loss=3.9369]
Task 0 Epoch 1/1:  
66%|######5   | 
1029/1563 
[11:46<05:48,  
1.53it/s, acc=4.1%, 
loss=3.9369]
Task 0 Epoch 1/1:  
66%|######5   | 
1029/1563 
[11:47<05:48,  
1.53it/s, acc=4.1%, 
loss=4.2541]
Task 0 Epoch 1/1:  
66%|######5   | 
1030/1563 
[11:47<05:43,  
1.55it/s, acc=4.1%, 
loss=4.2541]
Task 0 Epoch 1/1:  
66%|######5   | 
1030/1563 
[11:48<05:43,  
1.55it/s, acc=4.1%, 
loss=3.7894]
Task 0 Epoch 1/1:  
66%|######5   | 
1031/1563 
[11:48<06:15,  
1.42it/s, acc=4.1%, 
loss=3.7894]
Task 0 Epoch 1/1:  
66%|######5   | 
1031/1563 
[11:48<06:15,  
1.42it/s, acc=4.1%, 
loss=3.8384]
Task 0 Epoch 1/1:  
66%|######6   | 
1032/1563 
[11:48<06:13,  
1.42it/s, acc=4.1%, 
loss=3.8384]
Task 0 Epoch 1/1:  
66%|######6   | 
1032/1563 
[11:49<06:13,  
1.42it/s, acc=4.1%, 
loss=3.7648]
Task 0 Epoch 1/1:  
66%|######6   | 
1033/1563 
[11:49<05:56,  
1.49it/s, acc=4.1%, 
loss=3.7648]
Task 0 Epoch 1/1:  
66%|######6   | 
1033/1563 
[11:50<05:56,  
1.49it/s, acc=4.1%, 
loss=3.7894]
Task 0 Epoch 1/1:  
66%|######6   | 
1034/1563 
[11:50<05:57,  
1.48it/s, acc=4.1%, 
loss=3.7894]
Task 0 Epoch 1/1:  
66%|######6   | 
1034/1563 
[11:50<05:57,  
1.48it/s, acc=4.1%, 
loss=3.6434]
Task 0 Epoch 1/1:  
66%|######6   | 
1035/1563 
[11:50<05:49,  
1.51it/s, acc=4.1%, 
loss=3.6434]
Task 0 Epoch 1/1:  
66%|######6   | 
1035/1563 
[11:51<05:49,  
1.51it/s, acc=4.1%, 
loss=4.2367]
Task 0 Epoch 1/1:  
66%|######6   | 
1036/1563 
[11:51<05:44,  
1.53it/s, acc=4.1%, 
loss=4.2367]
Task 0 Epoch 1/1:  
66%|######6   | 
1036/1563 
[11:52<05:44,  
1.53it/s, acc=4.1%, 
loss=4.1541]
Task 0 Epoch 1/1:  
66%|######6   | 
1037/1563 
[11:52<05:48,  
1.51it/s, acc=4.1%, 
loss=4.1541]
Task 0 Epoch 1/1:  
66%|######6   | 
1037/1563 
[11:52<05:48,  
1.51it/s, acc=4.1%, 
loss=3.7524]
Task 0 Epoch 1/1:  
66%|######6   | 
1038/1563 
[11:52<05:44,  
1.52it/s, acc=4.1%, 
loss=3.7524]
Task 0 Epoch 1/1:  
66%|######6   | 
1038/1563 
[11:53<05:44,  
1.52it/s, acc=4.1%, 
loss=4.2964]
Task 0 Epoch 1/1:  
66%|######6   | 
1039/1563 
[11:53<05:41,  
1.53it/s, acc=4.1%, 
loss=4.2964]
Task 0 Epoch 1/1:  
66%|######6   | 
1039/1563 
[11:54<05:41,  
1.53it/s, acc=4.1%, 
loss=3.7180]
Task 0 Epoch 1/1:  
67%|######6   | 
1040/1563 
[11:54<05:42,  
1.53it/s, acc=4.1%, 
loss=3.7180]
Task 0 Epoch 1/1:  
67%|######6   | 
1040/1563 
[11:54<05:42,  
1.53it/s, acc=4.1%, 
loss=4.2167]
Task 0 Epoch 1/1:  
67%|######6   | 
1041/1563 
[11:54<05:35,  
1.56it/s, acc=4.1%, 
loss=4.2167]
Task 0 Epoch 1/1:  
67%|######6   | 
1041/1563 
[11:55<05:35,  
1.56it/s, acc=4.1%, 
loss=3.9679]
Task 0 Epoch 1/1:  
67%|######6   | 
1042/1563 
[11:55<05:42,  
1.52it/s, acc=4.1%, 
loss=3.9679]
Task 0 Epoch 1/1:  
67%|######6   | 
1042/1563 
[11:56<05:42,  
1.52it/s, acc=4.1%, 
loss=3.3996]
Task 0 Epoch 1/1:  
67%|######6   | 
1043/1563 
[11:56<05:45,  
1.51it/s, acc=4.1%, 
loss=3.3996]
Task 0 Epoch 1/1:  
67%|######6   | 
1043/1563 
[11:56<05:45,  
1.51it/s, acc=4.1%, 
loss=4.3835]
Task 0 Epoch 1/1:  
67%|######6   | 
1044/1563 
[11:56<05:41,  
1.52it/s, acc=4.1%, 
loss=4.3835]
Task 0 Epoch 1/1:  
67%|######6   | 
1044/1563 
[11:57<05:41,  
1.52it/s, acc=4.1%, 
loss=4.2895]
Task 0 Epoch 1/1:  
67%|######6   | 
1045/1563 
[11:57<05:37,  
1.53it/s, acc=4.1%, 
loss=4.2895]
Task 0 Epoch 1/1:  
67%|######6   | 
1045/1563 
[11:58<05:37,  
1.53it/s, acc=4.1%, 
loss=4.0550]
Task 0 Epoch 1/1:  
67%|######6   | 
1046/1563 
[11:58<05:31,  
1.56it/s, acc=4.1%, 
loss=4.0550]
Task 0 Epoch 1/1:  
67%|######6   | 
1046/1563 
[11:58<05:31,  
1.56it/s, acc=4.1%, 
loss=3.8241]
Task 0 Epoch 1/1:  
67%|######6   | 
1047/1563 
[11:58<05:38,  
1.52it/s, acc=4.1%, 
loss=3.8241]
Task 0 Epoch 1/1:  
67%|######6   | 
1047/1563 
[11:59<05:38,  
1.52it/s, acc=4.1%, 
loss=3.4185]
Task 0 Epoch 1/1:  
67%|######7   | 
1048/1563 
[11:59<05:43,  
1.50it/s, acc=4.1%, 
loss=3.4185]
Task 0 Epoch 1/1:  
67%|######7   | 
1048/1563 
[12:00<05:43,  
1.50it/s, acc=4.1%, 
loss=3.9120]
Task 0 Epoch 1/1:  
67%|######7   | 
1049/1563 
[12:00<05:36,  
1.53it/s, acc=4.1%, 
loss=3.9120]
Task 0 Epoch 1/1:  
67%|######7   | 
1049/1563 
[12:00<05:36,  
1.53it/s, acc=4.1%, 
loss=3.8757]
Task 0 Epoch 1/1:  
67%|######7   | 
1050/1563 
[12:00<05:33,  
1.54it/s, acc=4.1%, 
loss=3.8757]
Task 0 Epoch 1/1:  
67%|######7   | 
1050/1563 
[12:01<05:33,  
1.54it/s, acc=4.1%, 
loss=3.9948]
Task 0 Epoch 1/1:  
67%|######7   | 
1051/1563 
[12:01<05:36,  
1.52it/s, acc=4.1%, 
loss=3.9948]
Task 0 Epoch 1/1:  
67%|######7   | 
1051/1563 
[12:02<05:36,  
1.52it/s, acc=4.1%, 
loss=3.8716]
Task 0 Epoch 1/1:  
67%|######7   | 
1052/1563 
[12:02<05:51,  
1.45it/s, acc=4.1%, 
loss=3.8716]
Task 0 Epoch 1/1:  
67%|######7   | 
1052/1563 
[12:02<05:51,  
1.45it/s, acc=4.1%, 
loss=3.9716]
Task 0 Epoch 1/1:  
67%|######7   | 
1053/1563 
[12:02<05:43,  
1.48it/s, acc=4.1%, 
loss=3.9716]
Task 0 Epoch 1/1:  
67%|######7   | 
1053/1563 
[12:03<05:43,  
1.48it/s, acc=4.1%, 
loss=3.9541]
Task 0 Epoch 1/1:  
67%|######7   | 
1054/1563 
[12:03<05:37,  
1.51it/s, acc=4.1%, 
loss=3.9541]
Task 0 Epoch 1/1:  
67%|######7   | 
1054/1563 
[12:04<05:37,  
1.51it/s, acc=4.1%, 
loss=3.6753]
Task 0 Epoch 1/1:  
67%|######7   | 
1055/1563 
[12:04<05:37,  
1.50it/s, acc=4.1%, 
loss=3.6753]
Task 0 Epoch 1/1:  
67%|######7   | 
1055/1563 
[12:04<05:37,  
1.50it/s, acc=4.1%, 
loss=4.0532]
Task 0 Epoch 1/1:  
68%|######7   | 
1056/1563 
[12:04<05:46,  
1.46it/s, acc=4.1%, 
loss=4.0532]
Task 0 Epoch 1/1:  
68%|######7   | 
1056/1563 
[12:05<05:46,  
1.46it/s, acc=4.1%, 
loss=3.9643]
Task 0 Epoch 1/1:  
68%|######7   | 
1057/1563 
[12:05<05:37,  
1.50it/s, acc=4.1%, 
loss=3.9643]
Task 0 Epoch 1/1:  
68%|######7   | 
1057/1563 
[12:06<05:37,  
1.50it/s, acc=4.1%, 
loss=3.6182]
Task 0 Epoch 1/1:  
68%|######7   | 
1058/1563 
[12:06<05:30,  
1.53it/s, acc=4.1%, 
loss=3.6182]
Task 0 Epoch 1/1:  
68%|######7   | 
1058/1563 
[12:06<05:30,  
1.53it/s, acc=4.1%, 
loss=4.2671]
Task 0 Epoch 1/1:  
68%|######7   | 
1059/1563 
[12:06<05:25,  
1.55it/s, acc=4.1%, 
loss=4.2671]
Task 0 Epoch 1/1:  
68%|######7   | 
1059/1563 
[12:07<05:25,  
1.55it/s, acc=4.1%, 
loss=3.9414]
Task 0 Epoch 1/1:  
68%|######7   | 
1060/1563 
[12:07<05:26,  
1.54it/s, acc=4.1%, 
loss=3.9414]
Task 0 Epoch 1/1:  
68%|######7   | 
1060/1563 
[12:08<05:26,  
1.54it/s, acc=4.1%, 
loss=3.8146]
Task 0 Epoch 1/1:  
68%|######7   | 
1061/1563 
[12:08<05:42,  
1.47it/s, acc=4.1%, 
loss=3.8146]
Task 0 Epoch 1/1:  
68%|######7   | 
1061/1563 
[12:08<05:42,  
1.47it/s, acc=4.1%, 
loss=3.7204]
Task 0 Epoch 1/1:  
68%|######7   | 
1062/1563 
[12:08<05:32,  
1.51it/s, acc=4.1%, 
loss=3.7204]
Task 0 Epoch 1/1:  
68%|######7   | 
1062/1563 
[12:09<05:32,  
1.51it/s, acc=4.1%, 
loss=3.6913]
Task 0 Epoch 1/1:  
68%|######8   | 
1063/1563 
[12:09<05:27,  
1.53it/s, acc=4.1%, 
loss=3.6913]
Task 0 Epoch 1/1:  
68%|######8   | 
1063/1563 
[12:10<05:27,  
1.53it/s, acc=4.1%, 
loss=3.9286]
Task 0 Epoch 1/1:  
68%|######8   | 
1064/1563 
[12:10<05:24,  
1.54it/s, acc=4.1%, 
loss=3.9286]
Task 0 Epoch 1/1:  
68%|######8   | 
1064/1563 
[12:10<05:24,  
1.54it/s, acc=4.1%, 
loss=3.5769]
Task 0 Epoch 1/1:  
68%|######8   | 
1065/1563 
[12:10<05:23,  
1.54it/s, acc=4.1%, 
loss=3.5769]
Task 0 Epoch 1/1:  
68%|######8   | 
1065/1563 
[12:11<05:23,  
1.54it/s, acc=4.1%, 
loss=4.0122]
Task 0 Epoch 1/1:  
68%|######8   | 
1066/1563 
[12:11<05:33,  
1.49it/s, acc=4.1%, 
loss=4.0122]
Task 0 Epoch 1/1:  
68%|######8   | 
1066/1563 
[12:11<05:33,  
1.49it/s, acc=4.1%, 
loss=3.7475]
Task 0 Epoch 1/1:  
68%|######8   | 
1067/1563 
[12:11<05:18,  
1.56it/s, acc=4.1%, 
loss=3.7475]
Task 0 Epoch 1/1:  
68%|######8   | 
1067/1563 
[12:12<05:18,  
1.56it/s, acc=4.1%, 
loss=3.9466]
Task 0 Epoch 1/1:  
68%|######8   | 
1068/1563 
[12:12<05:10,  
1.59it/s, acc=4.1%, 
loss=3.9466]
Task 0 Epoch 1/1:  
68%|######8   | 
1068/1563 
[12:13<05:10,  
1.59it/s, acc=4.1%, 
loss=4.0874]
Task 0 Epoch 1/1:  
68%|######8   | 
1069/1563 
[12:13<05:24,  
1.52it/s, acc=4.1%, 
loss=4.0874]
Task 0 Epoch 1/1:  
68%|######8   | 
1069/1563 
[12:13<05:24,  
1.52it/s, acc=4.2%, 
loss=3.5855]
Task 0 Epoch 1/1:  
68%|######8   | 
1070/1563 
[12:13<05:31,  
1.49it/s, acc=4.2%, 
loss=3.5855]
Task 0 Epoch 1/1:  
68%|######8   | 
1070/1563 
[12:14<05:31,  
1.49it/s, acc=4.1%, 
loss=3.7560]
Task 0 Epoch 1/1:  
69%|######8   | 
1071/1563 
[12:14<05:34,  
1.47it/s, acc=4.1%, 
loss=3.7560]
Task 0 Epoch 1/1:  
69%|######8   | 
1071/1563 
[12:15<05:34,  
1.47it/s, acc=4.2%, 
loss=3.9315]
Task 0 Epoch 1/1:  
69%|######8   | 
1072/1563 
[12:15<05:41,  
1.44it/s, acc=4.2%, 
loss=3.9315]
Task 0 Epoch 1/1:  
69%|######8   | 
1072/1563 
[12:16<05:41,  
1.44it/s, acc=4.2%, 
loss=4.0343]
Task 0 Epoch 1/1:  
69%|######8   | 
1073/1563 
[12:16<05:42,  
1.43it/s, acc=4.2%, 
loss=4.0343]
Task 0 Epoch 1/1:  
69%|######8   | 
1073/1563 
[12:16<05:42,  
1.43it/s, acc=4.1%, 
loss=4.4984]
Task 0 Epoch 1/1:  
69%|######8   | 
1074/1563 
[12:16<05:43,  
1.42it/s, acc=4.1%, 
loss=4.4984]
Task 0 Epoch 1/1:  
69%|######8   | 
1074/1563 
[12:17<05:43,  
1.42it/s, acc=4.1%, 
loss=4.8184]
Task 0 Epoch 1/1:  
69%|######8   | 
1075/1563 
[12:17<05:45,  
1.41it/s, acc=4.1%, 
loss=4.8184]
Task 0 Epoch 1/1:  
69%|######8   | 
1075/1563 
[12:18<05:45,  
1.41it/s, acc=4.1%, 
loss=4.1311]
Task 0 Epoch 1/1:  
69%|######8   | 
1076/1563 
[12:18<05:29,  
1.48it/s, acc=4.1%, 
loss=4.1311]
Task 0 Epoch 1/1:  
69%|######8   | 
1076/1563 
[12:18<05:29,  
1.48it/s, acc=4.1%, 
loss=4.1333]
Task 0 Epoch 1/1:  
69%|######8   | 
1077/1563 
[12:18<05:22,  
1.51it/s, acc=4.1%, 
loss=4.1333]
Task 0 Epoch 1/1:  
69%|######8   | 
1077/1563 
[12:19<05:22,  
1.51it/s, acc=4.1%, 
loss=3.5022]
Task 0 Epoch 1/1:  
69%|######8   | 
1078/1563 
[12:19<05:37,  
1.44it/s, acc=4.1%, 
loss=3.5022]
Task 0 Epoch 1/1:  
69%|######8   | 
1078/1563 
[12:20<05:37,  
1.44it/s, acc=4.1%, 
loss=4.0936]
Task 0 Epoch 1/1:  
69%|######9   | 
1079/1563 
[12:20<05:23,  
1.50it/s, acc=4.1%, 
loss=4.0936]
Task 0 Epoch 1/1:  
69%|######9   | 
1079/1563 
[12:20<05:23,  
1.50it/s, acc=4.1%, 
loss=3.6345]
Task 0 Epoch 1/1:  
69%|######9   | 
1080/1563 
[12:20<05:11,  
1.55it/s, acc=4.1%, 
loss=3.6345]
Task 0 Epoch 1/1:  
69%|######9   | 
1080/1563 
[12:21<05:11,  
1.55it/s, acc=4.1%, 
loss=4.2519]
Task 0 Epoch 1/1:  
69%|######9   | 
1081/1563 
[12:21<05:08,  
1.56it/s, acc=4.1%, 
loss=4.2519]
Task 0 Epoch 1/1:  
69%|######9   | 
1081/1563 
[12:21<05:08,  
1.56it/s, acc=4.1%, 
loss=4.0891]
Task 0 Epoch 1/1:  
69%|######9   | 
1082/1563 
[12:21<05:04,  
1.58it/s, acc=4.1%, 
loss=4.0891]
Task 0 Epoch 1/1:  
69%|######9   | 
1082/1563 
[12:22<05:04,  
1.58it/s, acc=4.1%, 
loss=3.9005]
Task 0 Epoch 1/1:  
69%|######9   | 
1083/1563 
[12:22<04:57,  
1.62it/s, acc=4.1%, 
loss=3.9005]
Task 0 Epoch 1/1:  
69%|######9   | 
1083/1563 
[12:23<04:57,  
1.62it/s, acc=4.1%, 
loss=4.0673]
Task 0 Epoch 1/1:  
69%|######9   | 
1084/1563 
[12:23<04:55,  
1.62it/s, acc=4.1%, 
loss=4.0673]
Task 0 Epoch 1/1:  
69%|######9   | 
1084/1563 
[12:23<04:55,  
1.62it/s, acc=4.1%, 
loss=3.9500]
Task 0 Epoch 1/1:  
69%|######9   | 
1085/1563 
[12:23<04:55,  
1.62it/s, acc=4.1%, 
loss=3.9500]
Task 0 Epoch 1/1:  
69%|######9   | 
1085/1563 
[12:24<04:55,  
1.62it/s, acc=4.1%, 
loss=3.7318]
Task 0 Epoch 1/1:  
69%|######9   | 
1086/1563 
[12:24<04:55,  
1.61it/s, acc=4.1%, 
loss=3.7318]
Task 0 Epoch 1/1:  
69%|######9   | 
1086/1563 
[12:25<04:55,  
1.61it/s, acc=4.1%, 
loss=3.9936]
Task 0 Epoch 1/1:  
70%|######9   | 
1087/1563 
[12:25<04:53,  
1.62it/s, acc=4.1%, 
loss=3.9936]
Task 0 Epoch 1/1:  
70%|######9   | 
1087/1563 
[12:25<04:53,  
1.62it/s, acc=4.1%, 
loss=4.4283]
Task 0 Epoch 1/1:  
70%|######9   | 
1088/1563 
[12:25<04:57,  
1.60it/s, acc=4.1%, 
loss=4.4283]
Task 0 Epoch 1/1:  
70%|######9   | 
1088/1563 
[12:26<04:57,  
1.60it/s, acc=4.1%, 
loss=4.3049]
Task 0 Epoch 1/1:  
70%|######9   | 
1089/1563 
[12:26<04:58,  
1.59it/s, acc=4.1%, 
loss=4.3049]
Task 0 Epoch 1/1:  
70%|######9   | 
1089/1563 
[12:26<04:58,  
1.59it/s, acc=4.1%, 
loss=3.8267]
Task 0 Epoch 1/1:  
70%|######9   | 
1090/1563 
[12:26<05:00,  
1.58it/s, acc=4.1%, 
loss=3.8267]
Task 0 Epoch 1/1:  
70%|######9   | 
1090/1563 
[12:27<05:00,  
1.58it/s, acc=4.1%, 
loss=3.7621]
Task 0 Epoch 1/1:  
70%|######9   | 
1091/1563 
[12:27<05:00,  
1.57it/s, acc=4.1%, 
loss=3.7621]
Task 0 Epoch 1/1:  
70%|######9   | 
1091/1563 
[12:28<05:00,  
1.57it/s, acc=4.1%, 
loss=3.9771]
Task 0 Epoch 1/1:  
70%|######9   | 
1092/1563 
[12:28<04:59,  
1.57it/s, acc=4.1%, 
loss=3.9771]
Task 0 Epoch 1/1:  
70%|######9   | 
1092/1563 
[12:28<04:59,  
1.57it/s, acc=4.1%, 
loss=3.9074]
Task 0 Epoch 1/1:  
70%|######9   | 
1093/1563 
[12:28<05:00,  
1.57it/s, acc=4.1%, 
loss=3.9074]
Task 0 Epoch 1/1:  
70%|######9   | 
1093/1563 
[12:29<05:00,  
1.57it/s, acc=4.1%, 
loss=3.8543]
Task 0 Epoch 1/1:  
70%|######9   | 
1094/1563 
[12:29<04:59,  
1.57it/s, acc=4.1%, 
loss=3.8543]
Task 0 Epoch 1/1:  
70%|######9   | 
1094/1563 
[12:30<04:59,  
1.57it/s, acc=4.1%, 
loss=4.1137]
Task 0 Epoch 1/1:  
70%|#######   | 
1095/1563 
[12:30<04:58,  
1.57it/s, acc=4.1%, 
loss=4.1137]
Task 0 Epoch 1/1:  
70%|#######   | 
1095/1563 
[12:30<04:58,  
1.57it/s, acc=4.1%, 
loss=4.2378]
Task 0 Epoch 1/1:  
70%|#######   | 
1096/1563 
[12:30<04:57,  
1.57it/s, acc=4.1%, 
loss=4.2378]
Task 0 Epoch 1/1:  
70%|#######   | 
1096/1563 
[12:31<04:57,  
1.57it/s, acc=4.1%, 
loss=3.3811]
Task 0 Epoch 1/1:  
70%|#######   | 
1097/1563 
[12:31<04:54,  
1.58it/s, acc=4.1%, 
loss=3.3811]
Task 0 Epoch 1/1:  
70%|#######   | 
1097/1563 
[12:32<04:54,  
1.58it/s, acc=4.1%, 
loss=3.8784]
Task 0 Epoch 1/1:  
70%|#######   | 
1098/1563 
[12:32<04:57,  
1.56it/s, acc=4.1%, 
loss=3.8784]
Task 0 Epoch 1/1:  
70%|#######   | 
1098/1563 
[12:32<04:57,  
1.56it/s, acc=4.1%, 
loss=3.7373]
Task 0 Epoch 1/1:  
70%|#######   | 
1099/1563 
[12:32<04:55,  
1.57it/s, acc=4.1%, 
loss=3.7373]
Task 0 Epoch 1/1:  
70%|#######   | 
1099/1563 
[12:33<04:55,  
1.57it/s, acc=4.1%, 
loss=4.0363]
Task 0 Epoch 1/1:  
70%|#######   | 
1100/1563 
[12:33<05:33,  
1.39it/s, acc=4.1%, 
loss=4.0363]
Task 0 Epoch 1/1:  
70%|#######   | 
1100/1563 
[12:34<05:33,  
1.39it/s, acc=4.1%, 
loss=4.3791]
Task 0 Epoch 1/1:  
70%|#######   | 
1101/1563 
[12:34<05:20,  
1.44it/s, acc=4.1%, 
loss=4.3791]
Task 0 Epoch 1/1:  
70%|#######   | 
1101/1563 
[12:34<05:20,  
1.44it/s, acc=4.1%, 
loss=4.0486]
Task 0 Epoch 1/1:  
71%|#######   | 
1102/1563 
[12:34<05:12,  
1.48it/s, acc=4.1%, 
loss=4.0486]
Task 0 Epoch 1/1:  
71%|#######   | 
1102/1563 
[12:35<05:12,  
1.48it/s, acc=4.1%, 
loss=4.0533]
Task 0 Epoch 1/1:  
71%|#######   | 
1103/1563 
[12:35<05:04,  
1.51it/s, acc=4.1%, 
loss=4.0533]
Task 0 Epoch 1/1:  
71%|#######   | 
1103/1563 
[12:36<05:04,  
1.51it/s, acc=4.1%, 
loss=4.0545]
Task 0 Epoch 1/1:  
71%|#######   | 
1104/1563 
[12:36<04:57,  
1.54it/s, acc=4.1%, 
loss=4.0545]
Task 0 Epoch 1/1:  
71%|#######   | 
1104/1563 
[12:36<04:57,  
1.54it/s, acc=4.1%, 
loss=4.2457]
Task 0 Epoch 1/1:  
71%|#######   | 
1105/1563 
[12:36<04:55,  
1.55it/s, acc=4.1%, 
loss=4.2457]
Task 0 Epoch 1/1:  
71%|#######   | 
1105/1563 
[12:37<04:55,  
1.55it/s, acc=4.1%, 
loss=4.1374]
Task 0 Epoch 1/1:  
71%|#######   | 
1106/1563 
[12:37<05:09,  
1.48it/s, acc=4.1%, 
loss=4.1374]
Task 0 Epoch 1/1:  
71%|#######   | 
1106/1563 
[12:38<05:09,  
1.48it/s, acc=4.1%, 
loss=4.1574]
Task 0 Epoch 1/1:  
71%|#######   | 
1107/1563 
[12:38<05:09,  
1.47it/s, acc=4.1%, 
loss=4.1574]
Task 0 Epoch 1/1:  
71%|#######   | 
1107/1563 
[12:38<05:09,  
1.47it/s, acc=4.1%, 
loss=3.9254]
Task 0 Epoch 1/1:  
71%|#######   | 
1108/1563 
[12:38<05:19,  
1.42it/s, acc=4.1%, 
loss=3.9254]
Task 0 Epoch 1/1:  
71%|#######   | 
1108/1563 
[12:39<05:19,  
1.42it/s, acc=4.1%, 
loss=3.9840]
Task 0 Epoch 1/1:  
71%|#######   | 
1109/1563 
[12:39<05:17,  
1.43it/s, acc=4.1%, 
loss=3.9840]
Task 0 Epoch 1/1:  
71%|#######   | 
1109/1563 
[12:40<05:17,  
1.43it/s, acc=4.1%, 
loss=3.7281]
Task 0 Epoch 1/1:  
71%|#######1  | 
1110/1563 
[12:40<05:14,  
1.44it/s, acc=4.1%, 
loss=3.7281]
Task 0 Epoch 1/1:  
71%|#######1  | 
1110/1563 
[12:41<05:14,  
1.44it/s, acc=4.1%, 
loss=4.2472]
Task 0 Epoch 1/1:  
71%|#######1  | 
1111/1563 
[12:41<05:14,  
1.44it/s, acc=4.1%, 
loss=4.2472]
Task 0 Epoch 1/1:  
71%|#######1  | 
1111/1563 
[12:41<05:14,  
1.44it/s, acc=4.1%, 
loss=3.8756]
Task 0 Epoch 1/1:  
71%|#######1  | 
1112/1563 
[12:41<05:07,  
1.47it/s, acc=4.1%, 
loss=3.8756]
Task 0 Epoch 1/1:  
71%|#######1  | 
1112/1563 
[12:42<05:07,  
1.47it/s, acc=4.1%, 
loss=3.8461]
Task 0 Epoch 1/1:  
71%|#######1  | 
1113/1563 
[12:42<05:02,  
1.49it/s, acc=4.1%, 
loss=3.8461]
Task 0 Epoch 1/1:  
71%|#######1  | 
1113/1563 
[12:43<05:02,  
1.49it/s, acc=4.1%, 
loss=4.1282]
Task 0 Epoch 1/1:  
71%|#######1  | 
1114/1563 
[12:43<05:03,  
1.48it/s, acc=4.1%, 
loss=4.1282]
Task 0 Epoch 1/1:  
71%|#######1  | 
1114/1563 
[12:43<05:03,  
1.48it/s, acc=4.1%, 
loss=3.6967]
Task 0 Epoch 1/1:  
71%|#######1  | 
1115/1563 
[12:43<05:04,  
1.47it/s, acc=4.1%, 
loss=3.6967]
Task 0 Epoch 1/1:  
71%|#######1  | 
1115/1563 
[12:44<05:04,  
1.47it/s, acc=4.1%, 
loss=4.0731]
Task 0 Epoch 1/1:  
71%|#######1  | 
1116/1563 
[12:44<04:58,  
1.50it/s, acc=4.1%, 
loss=4.0731]
Task 0 Epoch 1/1:  
71%|#######1  | 
1116/1563 
[12:45<04:58,  
1.50it/s, acc=4.1%, 
loss=4.1994]
Task 0 Epoch 1/1:  
71%|#######1  | 
1117/1563 
[12:45<05:01,  
1.48it/s, acc=4.1%, 
loss=4.1994]
Task 0 Epoch 1/1:  
71%|#######1  | 
1117/1563 
[12:45<05:01,  
1.48it/s, acc=4.1%, 
loss=3.7294]
Task 0 Epoch 1/1:  
72%|#######1  | 
1118/1563 
[12:45<05:00,  
1.48it/s, acc=4.1%, 
loss=3.7294]
Task 0 Epoch 1/1:  
72%|#######1  | 
1118/1563 
[12:46<05:00,  
1.48it/s, acc=4.1%, 
loss=4.3735]
Task 0 Epoch 1/1:  
72%|#######1  | 
1119/1563 
[12:46<05:00,  
1.48it/s, acc=4.1%, 
loss=4.3735]
Task 0 Epoch 1/1:  
72%|#######1  | 
1119/1563 
[12:47<05:00,  
1.48it/s, acc=4.1%, 
loss=4.1283]
Task 0 Epoch 1/1:  
72%|#######1  | 
1120/1563 
[12:47<05:01,  
1.47it/s, acc=4.1%, 
loss=4.1283]
Task 0 Epoch 1/1:  
72%|#######1  | 
1120/1563 
[12:47<05:01,  
1.47it/s, acc=4.1%, 
loss=4.3759]
Task 0 Epoch 1/1:  
72%|#######1  | 
1121/1563 
[12:47<05:01,  
1.47it/s, acc=4.1%, 
loss=4.3759]
Task 0 Epoch 1/1:  
72%|#######1  | 
1121/1563 
[12:48<05:01,  
1.47it/s, acc=4.1%, 
loss=3.8097]
Task 0 Epoch 1/1:  
72%|#######1  | 
1122/1563 
[12:48<04:47,  
1.53it/s, acc=4.1%, 
loss=3.8097]
Task 0 Epoch 1/1:  
72%|#######1  | 
1122/1563 
[12:49<04:47,  
1.53it/s, acc=4.1%, 
loss=4.1979]
Task 0 Epoch 1/1:  
72%|#######1  | 
1123/1563 
[12:49<04:49,  
1.52it/s, acc=4.1%, 
loss=4.1979]
Task 0 Epoch 1/1:  
72%|#######1  | 
1123/1563 
[12:49<04:49,  
1.52it/s, acc=4.1%, 
loss=3.9677]
Task 0 Epoch 1/1:  
72%|#######1  | 
1124/1563 
[12:49<04:43,  
1.55it/s, acc=4.1%, 
loss=3.9677]
Task 0 Epoch 1/1:  
72%|#######1  | 
1124/1563 
[12:50<04:43,  
1.55it/s, acc=4.1%, 
loss=3.9889]
Task 0 Epoch 1/1:  
72%|#######1  | 
1125/1563 
[12:50<04:40,  
1.56it/s, acc=4.1%, 
loss=3.9889]
Task 0 Epoch 1/1:  
72%|#######1  | 
1125/1563 
[12:50<04:40,  
1.56it/s, acc=4.1%, 
loss=4.1481]
Task 0 Epoch 1/1:  
72%|#######2  | 
1126/1563 
[12:50<04:38,  
1.57it/s, acc=4.1%, 
loss=4.1481]
Task 0 Epoch 1/1:  
72%|#######2  | 
1126/1563 
[12:51<04:38,  
1.57it/s, acc=4.1%, 
loss=4.0018]
Task 0 Epoch 1/1:  
72%|#######2  | 
1127/1563 
[12:51<04:43,  
1.54it/s, acc=4.1%, 
loss=4.0018]
Task 0 Epoch 1/1:  
72%|#######2  | 
1127/1563 
[12:52<04:43,  
1.54it/s, acc=4.1%, 
loss=3.9886]
Task 0 Epoch 1/1:  
72%|#######2  | 
1128/1563 
[12:52<05:00,  
1.45it/s, acc=4.1%, 
loss=3.9886]
Task 0 Epoch 1/1:  
72%|#######2  | 
1128/1563 
[12:53<05:00,  
1.45it/s, acc=4.1%, 
loss=3.9218]
Task 0 Epoch 1/1:  
72%|#######2  | 
1129/1563 
[12:53<05:04,  
1.43it/s, acc=4.1%, 
loss=3.9218]
Task 0 Epoch 1/1:  
72%|#######2  | 
1129/1563 
[12:53<05:04,  
1.43it/s, acc=4.1%, 
loss=3.8764]
Task 0 Epoch 1/1:  
72%|#######2  | 
1130/1563 
[12:53<05:07,  
1.41it/s, acc=4.1%, 
loss=3.8764]
Task 0 Epoch 1/1:  
72%|#######2  | 
1130/1563 
[12:54<05:07,  
1.41it/s, acc=4.1%, 
loss=4.0140]
Task 0 Epoch 1/1:  
72%|#######2  | 
1131/1563 
[12:54<05:08,  
1.40it/s, acc=4.1%, 
loss=4.0140]
Task 0 Epoch 1/1:  
72%|#######2  | 
1131/1563 
[12:55<05:08,  
1.40it/s, acc=4.1%, 
loss=4.0705]
Task 0 Epoch 1/1:  
72%|#######2  | 
1132/1563 
[12:55<04:55,  
1.46it/s, acc=4.1%, 
loss=4.0705]
Task 0 Epoch 1/1:  
72%|#######2  | 
1132/1563 
[12:55<04:55,  
1.46it/s, acc=4.1%, 
loss=4.0304]
Task 0 Epoch 1/1:  
72%|#######2  | 
1133/1563 
[12:55<04:50,  
1.48it/s, acc=4.1%, 
loss=4.0304]
Task 0 Epoch 1/1:  
72%|#######2  | 
1133/1563 
[12:56<04:50,  
1.48it/s, acc=4.1%, 
loss=4.0300]
Task 0 Epoch 1/1:  
73%|#######2  | 
1134/1563 
[12:56<04:47,  
1.49it/s, acc=4.1%, 
loss=4.0300]
Task 0 Epoch 1/1:  
73%|#######2  | 
1134/1563 
[12:57<04:47,  
1.49it/s, acc=4.1%, 
loss=4.0105]
Task 0 Epoch 1/1:  
73%|#######2  | 
1135/1563 
[12:57<04:44,  
1.51it/s, acc=4.1%, 
loss=4.0105]
Task 0 Epoch 1/1:  
73%|#######2  | 
1135/1563 
[12:57<04:44,  
1.51it/s, acc=4.1%, 
loss=3.8716]
Task 0 Epoch 1/1:  
73%|#######2  | 
1136/1563 
[12:57<04:43,  
1.50it/s, acc=4.1%, 
loss=3.8716]
Task 0 Epoch 1/1:  
73%|#######2  | 
1136/1563 
[12:58<04:43,  
1.50it/s, acc=4.1%, 
loss=3.5202]
Task 0 Epoch 1/1:  
73%|#######2  | 
1137/1563 
[12:58<04:43,  
1.50it/s, acc=4.1%, 
loss=3.5202]
Task 0 Epoch 1/1:  
73%|#######2  | 
1137/1563 
[12:59<04:43,  
1.50it/s, acc=4.1%, 
loss=3.5663]
Task 0 Epoch 1/1:  
73%|#######2  | 
1138/1563 
[12:59<04:44,  
1.49it/s, acc=4.1%, 
loss=3.5663]
Task 0 Epoch 1/1:  
73%|#######2  | 
1138/1563 
[12:59<04:44,  
1.49it/s, acc=4.1%, 
loss=3.4158]
Task 0 Epoch 1/1:  
73%|#######2  | 
1139/1563 
[12:59<04:39,  
1.52it/s, acc=4.1%, 
loss=3.4158]
Task 0 Epoch 1/1:  
73%|#######2  | 
1139/1563 
[13:00<04:39,  
1.52it/s, acc=4.1%, 
loss=3.7602]
Task 0 Epoch 1/1:  
73%|#######2  | 
1140/1563 
[13:00<04:36,  
1.53it/s, acc=4.1%, 
loss=3.7602]
Task 0 Epoch 1/1:  
73%|#######2  | 
1140/1563 
[13:01<04:36,  
1.53it/s, acc=4.1%, 
loss=4.0581]
Task 0 Epoch 1/1:  
73%|#######3  | 
1141/1563 
[13:01<04:42,  
1.49it/s, acc=4.1%, 
loss=4.0581]
Task 0 Epoch 1/1:  
73%|#######3  | 
1141/1563 
[13:01<04:42,  
1.49it/s, acc=4.1%, 
loss=4.1778]
Task 0 Epoch 1/1:  
73%|#######3  | 
1142/1563 
[13:01<04:42,  
1.49it/s, acc=4.1%, 
loss=4.1778]
Task 0 Epoch 1/1:  
73%|#######3  | 
1142/1563 
[13:02<04:42,  
1.49it/s, acc=4.1%, 
loss=4.2633]
Task 0 Epoch 1/1:  
73%|#######3  | 
1143/1563 
[13:02<04:49,  
1.45it/s, acc=4.1%, 
loss=4.2633]
Task 0 Epoch 1/1:  
73%|#######3  | 
1143/1563 
[13:03<04:49,  
1.45it/s, acc=4.1%, 
loss=4.1524]
Task 0 Epoch 1/1:  
73%|#######3  | 
1144/1563 
[13:03<04:44,  
1.47it/s, acc=4.1%, 
loss=4.1524]
Task 0 Epoch 1/1:  
73%|#######3  | 
1144/1563 
[13:03<04:44,  
1.47it/s, acc=4.1%, 
loss=3.6276]
Task 0 Epoch 1/1:  
73%|#######3  | 
1145/1563 
[13:03<04:51,  
1.43it/s, acc=4.1%, 
loss=3.6276]
Task 0 Epoch 1/1:  
73%|#######3  | 
1145/1563 
[13:04<04:51,  
1.43it/s, acc=4.1%, 
loss=4.0289]
Task 0 Epoch 1/1:  
73%|#######3  | 
1146/1563 
[13:04<04:44,  
1.47it/s, acc=4.1%, 
loss=4.0289]
Task 0 Epoch 1/1:  
73%|#######3  | 
1146/1563 
[13:05<04:44,  
1.47it/s, acc=4.1%, 
loss=4.1394]
Task 0 Epoch 1/1:  
73%|#######3  | 
1147/1563 
[13:05<04:40,  
1.48it/s, acc=4.1%, 
loss=4.1394]
Task 0 Epoch 1/1:  
73%|#######3  | 
1147/1563 
[13:05<04:40,  
1.48it/s, acc=4.1%, 
loss=3.8174]
Task 0 Epoch 1/1:  
73%|#######3  | 
1148/1563 
[13:05<04:42,  
1.47it/s, acc=4.1%, 
loss=3.8174]
Task 0 Epoch 1/1:  
73%|#######3  | 
1148/1563 
[13:06<04:42,  
1.47it/s, acc=4.1%, 
loss=4.2389]
Task 0 Epoch 1/1:  
74%|#######3  | 
1149/1563 
[13:06<04:54,  
1.41it/s, acc=4.1%, 
loss=4.2389]
Task 0 Epoch 1/1:  
74%|#######3  | 
1149/1563 
[13:07<04:54,  
1.41it/s, acc=4.1%, 
loss=3.8967]
Task 0 Epoch 1/1:  
74%|#######3  | 
1150/1563 
[13:07<05:01,  
1.37it/s, acc=4.1%, 
loss=3.8967]
Task 0 Epoch 1/1:  
74%|#######3  | 
1150/1563 
[13:08<05:01,  
1.37it/s, acc=4.1%, 
loss=3.6511]
Task 0 Epoch 1/1:  
74%|#######3  | 
1151/1563 
[13:08<04:51,  
1.41it/s, acc=4.1%, 
loss=3.6511]
Task 0 Epoch 1/1:  
74%|#######3  | 
1151/1563 
[13:08<04:51,  
1.41it/s, acc=4.1%, 
loss=3.6506]
Task 0 Epoch 1/1:  
74%|#######3  | 
1152/1563 
[13:08<04:42,  
1.45it/s, acc=4.1%, 
loss=3.6506]
Task 0 Epoch 1/1:  
74%|#######3  | 
1152/1563 
[13:09<04:42,  
1.45it/s, acc=4.1%, 
loss=4.0351]
Task 0 Epoch 1/1:  
74%|#######3  | 
1153/1563 
[13:09<04:37,  
1.48it/s, acc=4.1%, 
loss=4.0351]
Task 0 Epoch 1/1:  
74%|#######3  | 
1153/1563 
[13:10<04:37,  
1.48it/s, acc=4.1%, 
loss=3.9345]
Task 0 Epoch 1/1:  
74%|#######3  | 
1154/1563 
[13:10<04:38,  
1.47it/s, acc=4.1%, 
loss=3.9345]
Task 0 Epoch 1/1:  
74%|#######3  | 
1154/1563 
[13:10<04:38,  
1.47it/s, acc=4.1%, 
loss=3.3363]
Task 0 Epoch 1/1:  
74%|#######3  | 
1155/1563 
[13:10<04:36,  
1.48it/s, acc=4.1%, 
loss=3.3363]
Task 0 Epoch 1/1:  
74%|#######3  | 
1155/1563 
[13:11<04:36,  
1.48it/s, acc=4.1%, 
loss=4.1874]
Task 0 Epoch 1/1:  
74%|#######3  | 
1156/1563 
[13:11<04:36,  
1.47it/s, acc=4.1%, 
loss=4.1874]
Task 0 Epoch 1/1:  
74%|#######3  | 
1156/1563 
[13:12<04:36,  
1.47it/s, acc=4.1%, 
loss=3.8597]
Task 0 Epoch 1/1:  
74%|#######4  | 
1157/1563 
[13:12<04:37,  
1.47it/s, acc=4.1%, 
loss=3.8597]
Task 0 Epoch 1/1:  
74%|#######4  | 
1157/1563 
[13:12<04:37,  
1.47it/s, acc=4.1%, 
loss=3.8226]
Task 0 Epoch 1/1:  
74%|#######4  | 
1158/1563 
[13:12<04:40,  
1.45it/s, acc=4.1%, 
loss=3.8226]
Task 0 Epoch 1/1:  
74%|#######4  | 
1158/1563 
[13:13<04:40,  
1.45it/s, acc=4.1%, 
loss=3.9038]
Task 0 Epoch 1/1:  
74%|#######4  | 
1159/1563 
[13:13<04:48,  
1.40it/s, acc=4.1%, 
loss=3.9038]
Task 0 Epoch 1/1:  
74%|#######4  | 
1159/1563 
[13:14<04:48,  
1.40it/s, acc=4.1%, 
loss=3.7962]
Task 0 Epoch 1/1:  
74%|#######4  | 
1160/1563 
[13:14<04:41,  
1.43it/s, acc=4.1%, 
loss=3.7962]
Task 0 Epoch 1/1:  
74%|#######4  | 
1160/1563 
[13:15<04:41,  
1.43it/s, acc=4.1%, 
loss=3.5249]
Task 0 Epoch 1/1:  
74%|#######4  | 
1161/1563 
[13:15<04:43,  
1.42it/s, acc=4.1%, 
loss=3.5249]
Task 0 Epoch 1/1:  
74%|#######4  | 
1161/1563 
[13:15<04:43,  
1.42it/s, acc=4.1%, 
loss=3.9467]
Task 0 Epoch 1/1:  
74%|#######4  | 
1162/1563 
[13:15<04:36,  
1.45it/s, acc=4.1%, 
loss=3.9467]
Task 0 Epoch 1/1:  
74%|#######4  | 
1162/1563 
[13:16<04:36,  
1.45it/s, acc=4.1%, 
loss=3.7890]
Task 0 Epoch 1/1:  
74%|#######4  | 
1163/1563 
[13:16<04:36,  
1.45it/s, acc=4.1%, 
loss=3.7890]
Task 0 Epoch 1/1:  
74%|#######4  | 
1163/1563 
[13:17<04:36,  
1.45it/s, acc=4.1%, 
loss=4.1315]
Task 0 Epoch 1/1:  
74%|#######4  | 
1164/1563 
[13:17<05:16,  
1.26it/s, acc=4.1%, 
loss=4.1315]
Task 0 Epoch 1/1:  
74%|#######4  | 
1164/1563 
[13:18<05:16,  
1.26it/s, acc=4.1%, 
loss=4.0598]
Task 0 Epoch 1/1:  
75%|#######4  | 
1165/1563 
[13:18<06:03,  
1.09it/s, acc=4.1%, 
loss=4.0598]
Task 0 Epoch 1/1:  
75%|#######4  | 
1165/1563 
[13:19<06:03,  
1.09it/s, acc=4.1%, 
loss=3.9968]
Task 0 Epoch 1/1:  
75%|#######4  | 
1166/1563 
[13:19<05:43,  
1.15it/s, acc=4.1%, 
loss=3.9968]
Task 0 Epoch 1/1:  
75%|#######4  | 
1166/1563 
[13:20<05:43,  
1.15it/s, acc=4.1%, 
loss=4.0090]
Task 0 Epoch 1/1:  
75%|#######4  | 
1167/1563 
[13:20<05:18,  
1.24it/s, acc=4.1%, 
loss=4.0090]
Task 0 Epoch 1/1:  
75%|#######4  | 
1167/1563 
[13:20<05:18,  
1.24it/s, acc=4.1%, 
loss=3.7270]
Task 0 Epoch 1/1:  
75%|#######4  | 
1168/1563 
[13:20<04:58,  
1.32it/s, acc=4.1%, 
loss=3.7270]
Task 0 Epoch 1/1:  
75%|#######4  | 
1168/1563 
[13:21<04:58,  
1.32it/s, acc=4.1%, 
loss=3.9286]
Task 0 Epoch 1/1:  
75%|#######4  | 
1169/1563 
[13:21<04:47,  
1.37it/s, acc=4.1%, 
loss=3.9286]
Task 0 Epoch 1/1:  
75%|#######4  | 
1169/1563 
[13:22<04:47,  
1.37it/s, acc=4.1%, 
loss=3.6241]
Task 0 Epoch 1/1:  
75%|#######4  | 
1170/1563 
[13:22<04:39,  
1.40it/s, acc=4.1%, 
loss=3.6241]
Task 0 Epoch 1/1:  
75%|#######4  | 
1170/1563 
[13:22<04:39,  
1.40it/s, acc=4.1%, 
loss=3.7259]
Task 0 Epoch 1/1:  
75%|#######4  | 
1171/1563 
[13:22<04:30,  
1.45it/s, acc=4.1%, 
loss=3.7259]
Task 0 Epoch 1/1:  
75%|#######4  | 
1171/1563 
[13:23<04:30,  
1.45it/s, acc=4.1%, 
loss=3.8902]
Task 0 Epoch 1/1:  
75%|#######4  | 
1172/1563 
[13:23<04:20,  
1.50it/s, acc=4.1%, 
loss=3.8902]
Task 0 Epoch 1/1:  
75%|#######4  | 
1172/1563 
[13:23<04:20,  
1.50it/s, acc=4.2%, 
loss=3.9104]
Task 0 Epoch 1/1:  
75%|#######5  | 
1173/1563 
[13:23<04:17,  
1.51it/s, acc=4.2%, 
loss=3.9104]
Task 0 Epoch 1/1:  
75%|#######5  | 
1173/1563 
[13:24<04:17,  
1.51it/s, acc=4.2%, 
loss=3.7222]
Task 0 Epoch 1/1:  
75%|#######5  | 
1174/1563 
[13:24<04:17,  
1.51it/s, acc=4.2%, 
loss=3.7222]
Task 0 Epoch 1/1:  
75%|#######5  | 
1174/1563 
[13:25<04:17,  
1.51it/s, acc=4.1%, 
loss=4.3201]
Task 0 Epoch 1/1:  
75%|#######5  | 
1175/1563 
[13:25<04:18,  
1.50it/s, acc=4.1%, 
loss=4.3201]
Task 0 Epoch 1/1:  
75%|#######5  | 
1175/1563 
[13:26<04:18,  
1.50it/s, acc=4.2%, 
loss=4.0454]
Task 0 Epoch 1/1:  
75%|#######5  | 
1176/1563 
[13:26<04:33,  
1.41it/s, acc=4.2%, 
loss=4.0454]
Task 0 Epoch 1/1:  
75%|#######5  | 
1176/1563 
[13:26<04:33,  
1.41it/s, acc=4.2%, 
loss=3.9376]
Task 0 Epoch 1/1:  
75%|#######5  | 
1177/1563 
[13:26<04:25,  
1.45it/s, acc=4.2%, 
loss=3.9376]
Task 0 Epoch 1/1:  
75%|#######5  | 
1177/1563 
[13:27<04:25,  
1.45it/s, acc=4.2%, 
loss=3.8418]
Task 0 Epoch 1/1:  
75%|#######5  | 
1178/1563 
[13:27<04:17,  
1.49it/s, acc=4.2%, 
loss=3.8418]
Task 0 Epoch 1/1:  
75%|#######5  | 
1178/1563 
[13:27<04:17,  
1.49it/s, acc=4.2%, 
loss=3.6305]
Task 0 Epoch 1/1:  
75%|#######5  | 
1179/1563 
[13:27<04:11,  
1.53it/s, acc=4.2%, 
loss=3.6305]
Task 0 Epoch 1/1:  
75%|#######5  | 
1179/1563 
[13:28<04:11,  
1.53it/s, acc=4.2%, 
loss=3.9874]
Task 0 Epoch 1/1:  
75%|#######5  | 
1180/1563 
[13:28<04:06,  
1.55it/s, acc=4.2%, 
loss=3.9874]
Task 0 Epoch 1/1:  
75%|#######5  | 
1180/1563 
[13:29<04:06,  
1.55it/s, acc=4.2%, 
loss=4.2687]
Task 0 Epoch 1/1:  
76%|#######5  | 
1181/1563 
[13:29<04:03,  
1.57it/s, acc=4.2%, 
loss=4.2687]
Task 0 Epoch 1/1:  
76%|#######5  | 
1181/1563 
[13:29<04:03,  
1.57it/s, acc=4.2%, 
loss=4.0626]
Task 0 Epoch 1/1:  
76%|#######5  | 
1182/1563 
[13:29<04:01,  
1.58it/s, acc=4.2%, 
loss=4.0626]
Task 0 Epoch 1/1:  
76%|#######5  | 
1182/1563 
[13:30<04:01,  
1.58it/s, acc=4.2%, 
loss=3.9630]
Task 0 Epoch 1/1:  
76%|#######5  | 
1183/1563 
[13:30<03:57,  
1.60it/s, acc=4.2%, 
loss=3.9630]
Task 0 Epoch 1/1:  
76%|#######5  | 
1183/1563 
[13:31<03:57,  
1.60it/s, acc=4.2%, 
loss=3.8319]
Task 0 Epoch 1/1:  
76%|#######5  | 
1184/1563 
[13:31<03:56,  
1.60it/s, acc=4.2%, 
loss=3.8319]
Task 0 Epoch 1/1:  
76%|#######5  | 
1184/1563 
[13:31<03:56,  
1.60it/s, acc=4.2%, 
loss=4.3616]
Task 0 Epoch 1/1:  
76%|#######5  | 
1185/1563 
[13:31<03:55,  
1.61it/s, acc=4.2%, 
loss=4.3616]
Task 0 Epoch 1/1:  
76%|#######5  | 
1185/1563 
[13:32<03:55,  
1.61it/s, acc=4.2%, 
loss=4.0367]
Task 0 Epoch 1/1:  
76%|#######5  | 
1186/1563 
[13:32<03:55,  
1.60it/s, acc=4.2%, 
loss=4.0367]
Task 0 Epoch 1/1:  
76%|#######5  | 
1186/1563 
[13:32<03:55,  
1.60it/s, acc=4.2%, 
loss=3.7089]
Task 0 Epoch 1/1:  
76%|#######5  | 
1187/1563 
[13:32<03:55,  
1.60it/s, acc=4.2%, 
loss=3.7089]
Task 0 Epoch 1/1:  
76%|#######5  | 
1187/1563 
[13:33<03:55,  
1.60it/s, acc=4.2%, 
loss=4.1598]
Task 0 Epoch 1/1:  
76%|#######6  | 
1188/1563 
[13:33<03:56,  
1.59it/s, acc=4.2%, 
loss=4.1598]
Task 0 Epoch 1/1:  
76%|#######6  | 
1188/1563 
[13:34<03:56,  
1.59it/s, acc=4.2%, 
loss=4.0635]
Task 0 Epoch 1/1:  
76%|#######6  | 
1189/1563 
[13:34<04:02,  
1.54it/s, acc=4.2%, 
loss=4.0635]
Task 0 Epoch 1/1:  
76%|#######6  | 
1189/1563 
[13:34<04:02,  
1.54it/s, acc=4.2%, 
loss=4.6462]
Task 0 Epoch 1/1:  
76%|#######6  | 
1190/1563 
[13:34<03:58,  
1.56it/s, acc=4.2%, 
loss=4.6462]
Task 0 Epoch 1/1:  
76%|#######6  | 
1190/1563 
[13:35<03:58,  
1.56it/s, acc=4.2%, 
loss=3.8777]
Task 0 Epoch 1/1:  
76%|#######6  | 
1191/1563 
[13:35<04:04,  
1.52it/s, acc=4.2%, 
loss=3.8777]
Task 0 Epoch 1/1:  
76%|#######6  | 
1191/1563 
[13:36<04:04,  
1.52it/s, acc=4.2%, 
loss=3.9119]
Task 0 Epoch 1/1:  
76%|#######6  | 
1192/1563 
[13:36<03:59,  
1.55it/s, acc=4.2%, 
loss=3.9119]
Task 0 Epoch 1/1:  
76%|#######6  | 
1192/1563 
[13:36<03:59,  
1.55it/s, acc=4.2%, 
loss=3.6796]
Task 0 Epoch 1/1:  
76%|#######6  | 
1193/1563 
[13:36<04:06,  
1.50it/s, acc=4.2%, 
loss=3.6796]
Task 0 Epoch 1/1:  
76%|#######6  | 
1193/1563 
[13:37<04:06,  
1.50it/s, acc=4.2%, 
loss=4.2466]
Task 0 Epoch 1/1:  
76%|#######6  | 
1194/1563 
[13:37<04:01,  
1.53it/s, acc=4.2%, 
loss=4.2466]
Task 0 Epoch 1/1:  
76%|#######6  | 
1194/1563 
[13:38<04:01,  
1.53it/s, acc=4.2%, 
loss=3.8356]
Task 0 Epoch 1/1:  
76%|#######6  | 
1195/1563 
[13:38<03:58,  
1.55it/s, acc=4.2%, 
loss=3.8356]
Task 0 Epoch 1/1:  
76%|#######6  | 
1195/1563 
[13:38<03:58,  
1.55it/s, acc=4.2%, 
loss=3.9635]
Task 0 Epoch 1/1:  
77%|#######6  | 
1196/1563 
[13:38<03:56,  
1.55it/s, acc=4.2%, 
loss=3.9635]
Task 0 Epoch 1/1:  
77%|#######6  | 
1196/1563 
[13:39<03:56,  
1.55it/s, acc=4.2%, 
loss=3.9691]
Task 0 Epoch 1/1:  
77%|#######6  | 
1197/1563 
[13:39<04:01,  
1.52it/s, acc=4.2%, 
loss=3.9691]
Task 0 Epoch 1/1:  
77%|#######6  | 
1197/1563 
[13:40<04:01,  
1.52it/s, acc=4.2%, 
loss=4.0899]
Task 0 Epoch 1/1:  
77%|#######6  | 
1198/1563 
[13:40<03:58,  
1.53it/s, acc=4.2%, 
loss=4.0899]
Task 0 Epoch 1/1:  
77%|#######6  | 
1198/1563 
[13:40<03:58,  
1.53it/s, acc=4.2%, 
loss=3.7324]
Task 0 Epoch 1/1:  
77%|#######6  | 
1199/1563 
[13:40<04:05,  
1.48it/s, acc=4.2%, 
loss=3.7324]
Task 0 Epoch 1/1:  
77%|#######6  | 
1199/1563 
[13:41<04:05,  
1.48it/s, acc=4.2%, 
loss=3.6038]
Task 0 Epoch 1/1:  
77%|#######6  | 
1200/1563 
[13:41<04:02,  
1.49it/s, acc=4.2%, 
loss=3.6038]
Task 0 Epoch 1/1:  
77%|#######6  | 
1200/1563 
[13:42<04:02,  
1.49it/s, acc=4.2%, 
loss=4.1257]
Task 0 Epoch 1/1:  
77%|#######6  | 
1201/1563 
[13:42<03:57,  
1.52it/s, acc=4.2%, 
loss=4.1257]
Task 0 Epoch 1/1:  
77%|#######6  | 
1201/1563 
[13:42<03:57,  
1.52it/s, acc=4.2%, 
loss=4.2352]
Task 0 Epoch 1/1:  
77%|#######6  | 
1202/1563 
[13:42<03:54,  
1.54it/s, acc=4.2%, 
loss=4.2352]
Task 0 Epoch 1/1:  
77%|#######6  | 
1202/1563 
[13:43<03:54,  
1.54it/s, acc=4.2%, 
loss=4.4800]
Task 0 Epoch 1/1:  
77%|#######6  | 
1203/1563 
[13:43<03:53,  
1.54it/s, acc=4.2%, 
loss=4.4800]
Task 0 Epoch 1/1:  
77%|#######6  | 
1203/1563 
[13:44<03:53,  
1.54it/s, acc=4.2%, 
loss=3.6211]
Task 0 Epoch 1/1:  
77%|#######7  | 
1204/1563 
[13:44<04:03,  
1.47it/s, acc=4.2%, 
loss=3.6211]
Task 0 Epoch 1/1:  
77%|#######7  | 
1204/1563 
[13:44<04:03,  
1.47it/s, acc=4.2%, 
loss=4.3400]
Task 0 Epoch 1/1:  
77%|#######7  | 
1205/1563 
[13:44<04:01,  
1.48it/s, acc=4.2%, 
loss=4.3400]
Task 0 Epoch 1/1:  
77%|#######7  | 
1205/1563 
[13:46<04:01,  
1.48it/s, acc=4.2%, 
loss=3.9786]
Task 0 Epoch 1/1:  
77%|#######7  | 
1206/1563 
[13:46<06:07,  
1.03s/it, acc=4.2%, 
loss=3.9786]
Task 0 Epoch 1/1:  
77%|#######7  | 
1206/1563 
[13:48<06:07,  
1.03s/it, acc=4.2%, 
loss=4.1242]
Task 0 Epoch 1/1:  
77%|#######7  | 
1207/1563 
[13:48<07:37,  
1.29s/it, acc=4.2%, 
loss=4.1242]
Task 0 Epoch 1/1:  
77%|#######7  | 
1207/1563 
[13:50<07:37,  
1.29s/it, acc=4.2%, 
loss=3.9827]
Task 0 Epoch 1/1:  
77%|#######7  | 
1208/1563 
[13:50<08:31,  
1.44s/it, acc=4.2%, 
loss=3.9827]
Task 0 Epoch 1/1:  
77%|#######7  | 
1208/1563 
[13:52<08:31,  
1.44s/it, acc=4.2%, 
loss=3.9775]
Task 0 Epoch 1/1:  
77%|#######7  | 
1209/1563 
[13:52<09:17,  
1.57s/it, acc=4.2%, 
loss=3.9775]
Task 0 Epoch 1/1:  
77%|#######7  | 
1209/1563 
[13:54<09:17,  
1.57s/it, acc=4.2%, 
loss=4.1000]
Task 0 Epoch 1/1:  
77%|#######7  | 
1210/1563 
[13:54<09:47,  
1.66s/it, acc=4.2%, 
loss=4.1000]
Task 0 Epoch 1/1:  
77%|#######7  | 
1210/1563 
[13:55<09:47,  
1.66s/it, acc=4.2%, 
loss=3.8070]
Task 0 Epoch 1/1:  
77%|#######7  | 
1211/1563 
[13:55<10:04,  
1.72s/it, acc=4.2%, 
loss=3.8070]
Task 0 Epoch 1/1:  
77%|#######7  | 
1211/1563 
[13:57<10:04,  
1.72s/it, acc=4.2%, 
loss=4.1455]
Task 0 Epoch 1/1:  
78%|#######7  | 
1212/1563 
[13:57<10:15,  
1.75s/it, acc=4.2%, 
loss=4.1455]
Task 0 Epoch 1/1:  
78%|#######7  | 
1212/1563 
[13:59<10:15,  
1.75s/it, acc=4.2%, 
loss=4.0361]
Task 0 Epoch 1/1:  
78%|#######7  | 
1213/1563 
[13:59<10:25,  
1.79s/it, acc=4.2%, 
loss=4.0361]
Task 0 Epoch 1/1:  
78%|#######7  | 
1213/1563 
[14:01<10:25,  
1.79s/it, acc=4.2%, 
loss=3.7537]
Task 0 Epoch 1/1:  
78%|#######7  | 
1214/1563 
[14:01<10:31,  
1.81s/it, acc=4.2%, 
loss=3.7537]
Task 0 Epoch 1/1:  
78%|#######7  | 
1214/1563 
[14:03<10:31,  
1.81s/it, acc=4.2%, 
loss=3.8951]
Task 0 Epoch 1/1:  
78%|#######7  | 
1215/1563 
[14:03<10:36,  
1.83s/it, acc=4.2%, 
loss=3.8951]
Task 0 Epoch 1/1:  
78%|#######7  | 
1215/1563 
[14:05<10:36,  
1.83s/it, acc=4.2%, 
loss=3.5707]
Task 0 Epoch 1/1:  
78%|#######7  | 
1216/1563 
[14:05<10:31,  
1.82s/it, acc=4.2%, 
loss=3.5707]
Task 0 Epoch 1/1:  
78%|#######7  | 
1216/1563 
[14:07<10:31,  
1.82s/it, acc=4.2%, 
loss=3.6575]
Task 0 Epoch 1/1:  
78%|#######7  | 
1217/1563 
[14:07<10:33,  
1.83s/it, acc=4.2%, 
loss=3.6575]
Task 0 Epoch 1/1:  
78%|#######7  | 
1217/1563 
[14:08<10:33,  
1.83s/it, acc=4.2%, 
loss=4.1766]
Task 0 Epoch 1/1:  
78%|#######7  | 
1218/1563 
[14:08<10:03,  
1.75s/it, acc=4.2%, 
loss=4.1766]
Task 0 Epoch 1/1:  
78%|#######7  | 
1218/1563 
[14:09<10:03,  
1.75s/it, acc=4.2%, 
loss=3.7853]
Task 0 Epoch 1/1:  
78%|#######7  | 
1219/1563 
[14:09<08:06,  
1.41s/it, acc=4.2%, 
loss=3.7853]
Task 0 Epoch 1/1:  
78%|#######7  | 
1219/1563 
[14:09<08:06,  
1.41s/it, acc=4.2%, 
loss=3.7780]
Task 0 Epoch 1/1:  
78%|#######8  | 
1220/1563 
[14:09<06:43,  
1.18s/it, acc=4.2%, 
loss=3.7780]
Task 0 Epoch 1/1:  
78%|#######8  | 
1220/1563 
[14:10<06:43,  
1.18s/it, acc=4.2%, 
loss=3.7780]
Task 0 Epoch 1/1:  
78%|#######8  | 
1221/1563 
[14:10<05:45,  
1.01s/it, acc=4.2%, 
loss=3.7780]
Task 0 Epoch 1/1:  
78%|#######8  | 
1221/1563 
[14:11<05:45,  
1.01s/it, acc=4.2%, 
loss=4.1467]
Task 0 Epoch 1/1:  
78%|#######8  | 
1222/1563 
[14:11<05:29,  
1.03it/s, acc=4.2%, 
loss=4.1467]
Task 0 Epoch 1/1:  
78%|#######8  | 
1222/1563 
[14:11<05:29,  
1.03it/s, acc=4.2%, 
loss=3.7884]
Task 0 Epoch 1/1:  
78%|#######8  | 
1223/1563 
[14:11<04:53,  
1.16it/s, acc=4.2%, 
loss=3.7884]
Task 0 Epoch 1/1:  
78%|#######8  | 
1223/1563 
[14:12<04:53,  
1.16it/s, acc=4.2%, 
loss=4.4496]
Task 0 Epoch 1/1:  
78%|#######8  | 
1224/1563 
[14:12<04:25,  
1.28it/s, acc=4.2%, 
loss=4.4496]
Task 0 Epoch 1/1:  
78%|#######8  | 
1224/1563 
[14:13<04:25,  
1.28it/s, acc=4.2%, 
loss=4.0296]
Task 0 Epoch 1/1:  
78%|#######8  | 
1225/1563 
[14:13<04:06,  
1.37it/s, acc=4.2%, 
loss=4.0296]
Task 0 Epoch 1/1:  
78%|#######8  | 
1225/1563 
[14:13<04:06,  
1.37it/s, acc=4.2%, 
loss=3.6240]
Task 0 Epoch 1/1:  
78%|#######8  | 
1226/1563 
[14:13<03:54,  
1.44it/s, acc=4.2%, 
loss=3.6240]
Task 0 Epoch 1/1:  
78%|#######8  | 
1226/1563 
[14:14<03:54,  
1.44it/s, acc=4.2%, 
loss=4.2866]
Task 0 Epoch 1/1:  
79%|#######8  | 
1227/1563 
[14:14<03:42,  
1.51it/s, acc=4.2%, 
loss=4.2866]
Task 0 Epoch 1/1:  
79%|#######8  | 
1227/1563 
[14:14<03:42,  
1.51it/s, acc=4.2%, 
loss=3.9299]
Task 0 Epoch 1/1:  
79%|#######8  | 
1228/1563 
[14:14<03:33,  
1.57it/s, acc=4.2%, 
loss=3.9299]
Task 0 Epoch 1/1:  
79%|#######8  | 
1228/1563 
[14:15<03:33,  
1.57it/s, acc=4.2%, 
loss=4.3441]
Task 0 Epoch 1/1:  
79%|#######8  | 
1229/1563 
[14:15<03:31,  
1.58it/s, acc=4.2%, 
loss=4.3441]
Task 0 Epoch 1/1:  
79%|#######8  | 
1229/1563 
[14:16<03:31,  
1.58it/s, acc=4.2%, 
loss=3.5838]
Task 0 Epoch 1/1:  
79%|#######8  | 
1230/1563 
[14:16<03:27,  
1.61it/s, acc=4.2%, 
loss=3.5838]
Task 0 Epoch 1/1:  
79%|#######8  | 
1230/1563 
[14:16<03:27,  
1.61it/s, acc=4.2%, 
loss=3.9346]
Task 0 Epoch 1/1:  
79%|#######8  | 
1231/1563 
[14:16<03:26,  
1.61it/s, acc=4.2%, 
loss=3.9346]
Task 0 Epoch 1/1:  
79%|#######8  | 
1231/1563 
[14:17<03:26,  
1.61it/s, acc=4.2%, 
loss=4.0886]
Task 0 Epoch 1/1:  
79%|#######8  | 
1232/1563 
[14:17<03:21,  
1.64it/s, acc=4.2%, 
loss=4.0886]
Task 0 Epoch 1/1:  
79%|#######8  | 
1232/1563 
[14:17<03:21,  
1.64it/s, acc=4.2%, 
loss=3.9140]
Task 0 Epoch 1/1:  
79%|#######8  | 
1233/1563 
[14:17<03:19,  
1.65it/s, acc=4.2%, 
loss=3.9140]
Task 0 Epoch 1/1:  
79%|#######8  | 
1233/1563 
[14:18<03:19,  
1.65it/s, acc=4.2%, 
loss=3.8257]
Task 0 Epoch 1/1:  
79%|#######8  | 
1234/1563 
[14:18<03:20,  
1.64it/s, acc=4.2%, 
loss=3.8257]
Task 0 Epoch 1/1:  
79%|#######8  | 
1234/1563 
[14:19<03:20,  
1.64it/s, acc=4.2%, 
loss=4.2799]
Task 0 Epoch 1/1:  
79%|#######9  | 
1235/1563 
[14:19<03:23,  
1.61it/s, acc=4.2%, 
loss=4.2799]
Task 0 Epoch 1/1:  
79%|#######9  | 
1235/1563 
[14:19<03:23,  
1.61it/s, acc=4.2%, 
loss=3.7530]
Task 0 Epoch 1/1:  
79%|#######9  | 
1236/1563 
[14:19<03:22,  
1.62it/s, acc=4.2%, 
loss=3.7530]
Task 0 Epoch 1/1:  
79%|#######9  | 
1236/1563 
[14:20<03:22,  
1.62it/s, acc=4.2%, 
loss=3.8058]
Task 0 Epoch 1/1:  
79%|#######9  | 
1237/1563 
[14:20<03:18,  
1.64it/s, acc=4.2%, 
loss=3.8058]
Task 0 Epoch 1/1:  
79%|#######9  | 
1237/1563 
[14:21<03:18,  
1.64it/s, acc=4.2%, 
loss=4.3143]
Task 0 Epoch 1/1:  
79%|#######9  | 
1238/1563 
[14:21<03:16,  
1.65it/s, acc=4.2%, 
loss=4.3143]
Task 0 Epoch 1/1:  
79%|#######9  | 
1238/1563 
[14:21<03:16,  
1.65it/s, acc=4.2%, 
loss=4.0296]
Task 0 Epoch 1/1:  
79%|#######9  | 
1239/1563 
[14:21<03:13,  
1.67it/s, acc=4.2%, 
loss=4.0296]
Task 0 Epoch 1/1:  
79%|#######9  | 
1239/1563 
[14:22<03:13,  
1.67it/s, acc=4.2%, 
loss=3.1267]
Task 0 Epoch 1/1:  
79%|#######9  | 
1240/1563 
[14:22<03:11,  
1.69it/s, acc=4.2%, 
loss=3.1267]
Task 0 Epoch 1/1:  
79%|#######9  | 
1240/1563 
[14:22<03:11,  
1.69it/s, acc=4.2%, 
loss=3.7368]
Task 0 Epoch 1/1:  
79%|#######9  | 
1241/1563 
[14:22<03:12,  
1.67it/s, acc=4.2%, 
loss=3.7368]
Task 0 Epoch 1/1:  
79%|#######9  | 
1241/1563 
[14:23<03:12,  
1.67it/s, acc=4.2%, 
loss=4.1704]
Task 0 Epoch 1/1:  
79%|#######9  | 
1242/1563 
[14:23<03:14,  
1.65it/s, acc=4.2%, 
loss=4.1704]
Task 0 Epoch 1/1:  
79%|#######9  | 
1242/1563 
[14:24<03:14,  
1.65it/s, acc=4.2%, 
loss=3.7781]
Task 0 Epoch 1/1:  
80%|#######9  | 
1243/1563 
[14:24<03:17,  
1.62it/s, acc=4.2%, 
loss=3.7781]
Task 0 Epoch 1/1:  
80%|#######9  | 
1243/1563 
[14:24<03:17,  
1.62it/s, acc=4.2%, 
loss=3.4723]
Task 0 Epoch 1/1:  
80%|#######9  | 
1244/1563 
[14:24<03:15,  
1.63it/s, acc=4.2%, 
loss=3.4723]
Task 0 Epoch 1/1:  
80%|#######9  | 
1244/1563 
[14:25<03:15,  
1.63it/s, acc=4.2%, 
loss=4.0142]
Task 0 Epoch 1/1:  
80%|#######9  | 
1245/1563 
[14:25<03:11,  
1.66it/s, acc=4.2%, 
loss=4.0142]
Task 0 Epoch 1/1:  
80%|#######9  | 
1245/1563 
[14:25<03:11,  
1.66it/s, acc=4.2%, 
loss=3.5149]
Task 0 Epoch 1/1:  
80%|#######9  | 
1246/1563 
[14:25<03:14,  
1.63it/s, acc=4.2%, 
loss=3.5149]
Task 0 Epoch 1/1:  
80%|#######9  | 
1246/1563 
[14:26<03:14,  
1.63it/s, acc=4.2%, 
loss=4.2583]
Task 0 Epoch 1/1:  
80%|#######9  | 
1247/1563 
[14:26<03:14,  
1.62it/s, acc=4.2%, 
loss=4.2583]
Task 0 Epoch 1/1:  
80%|#######9  | 
1247/1563 
[14:27<03:14,  
1.62it/s, acc=4.2%, 
loss=3.8530]
Task 0 Epoch 1/1:  
80%|#######9  | 
1248/1563 
[14:27<03:13,  
1.63it/s, acc=4.2%, 
loss=3.8530]
Task 0 Epoch 1/1:  
80%|#######9  | 
1248/1563 
[14:27<03:13,  
1.63it/s, acc=4.2%, 
loss=3.8728]
Task 0 Epoch 1/1:  
80%|#######9  | 
1249/1563 
[14:27<03:14,  
1.62it/s, acc=4.2%, 
loss=3.8728]
Task 0 Epoch 1/1:  
80%|#######9  | 
1249/1563 
[14:28<03:14,  
1.62it/s, acc=4.2%, 
loss=4.2790]
Task 0 Epoch 1/1:  
80%|#######9  | 
1250/1563 
[14:28<03:11,  
1.64it/s, acc=4.2%, 
loss=4.2790]
Task 0 Epoch 1/1:  
80%|#######9  | 
1250/1563 
[14:28<03:11,  
1.64it/s, acc=4.2%, 
loss=4.2109]
Task 0 Epoch 1/1:  
80%|########  | 
1251/1563 
[14:28<03:08,  
1.65it/s, acc=4.2%, 
loss=4.2109]
Task 0 Epoch 1/1:  
80%|########  | 
1251/1563 
[14:29<03:08,  
1.65it/s, acc=4.2%, 
loss=3.8530]
Task 0 Epoch 1/1:  
80%|########  | 
1252/1563 
[14:29<03:15,  
1.59it/s, acc=4.2%, 
loss=3.8530]
Task 0 Epoch 1/1:  
80%|########  | 
1252/1563 
[14:30<03:15,  
1.59it/s, acc=4.2%, 
loss=3.5388]
Task 0 Epoch 1/1:  
80%|########  | 
1253/1563 
[14:30<03:15,  
1.59it/s, acc=4.2%, 
loss=3.5388]
Task 0 Epoch 1/1:  
80%|########  | 
1253/1563 
[14:30<03:15,  
1.59it/s, acc=4.2%, 
loss=3.6656]
Task 0 Epoch 1/1:  
80%|########  | 
1254/1563 
[14:30<03:16,  
1.58it/s, acc=4.2%, 
loss=3.6656]
Task 0 Epoch 1/1:  
80%|########  | 
1254/1563 
[14:31<03:16,  
1.58it/s, acc=4.2%, 
loss=3.9811]
Task 0 Epoch 1/1:  
80%|########  | 
1255/1563 
[14:31<03:23,  
1.51it/s, acc=4.2%, 
loss=3.9811]
Task 0 Epoch 1/1:  
80%|########  | 
1255/1563 
[14:32<03:23,  
1.51it/s, acc=4.2%, 
loss=4.3409]
Task 0 Epoch 1/1:  
80%|########  | 
1256/1563 
[14:32<03:23,  
1.51it/s, acc=4.2%, 
loss=4.3409]
Task 0 Epoch 1/1:  
80%|########  | 
1256/1563 
[14:32<03:23,  
1.51it/s, acc=4.2%, 
loss=4.0227]
Task 0 Epoch 1/1:  
80%|########  | 
1257/1563 
[14:32<03:20,  
1.53it/s, acc=4.2%, 
loss=4.0227]
Task 0 Epoch 1/1:  
80%|########  | 
1257/1563 
[14:33<03:20,  
1.53it/s, acc=4.2%, 
loss=4.0811]
Task 0 Epoch 1/1:  
80%|########  | 
1258/1563 
[14:33<03:18,  
1.54it/s, acc=4.2%, 
loss=4.0811]
Task 0 Epoch 1/1:  
80%|########  | 
1258/1563 
[14:34<03:18,  
1.54it/s, acc=4.2%, 
loss=4.2700]
Task 0 Epoch 1/1:  
81%|########  | 
1259/1563 
[14:34<03:20,  
1.52it/s, acc=4.2%, 
loss=4.2700]
Task 0 Epoch 1/1:  
81%|########  | 
1259/1563 
[14:34<03:20,  
1.52it/s, acc=4.2%, 
loss=4.0550]
Task 0 Epoch 1/1:  
81%|########  | 
1260/1563 
[14:34<03:18,  
1.52it/s, acc=4.2%, 
loss=4.0550]
Task 0 Epoch 1/1:  
81%|########  | 
1260/1563 
[14:35<03:18,  
1.52it/s, acc=4.2%, 
loss=3.5759]
Task 0 Epoch 1/1:  
81%|########  | 
1261/1563 
[14:35<03:18,  
1.52it/s, acc=4.2%, 
loss=3.5759]
Task 0 Epoch 1/1:  
81%|########  | 
1261/1563 
[14:36<03:18,  
1.52it/s, acc=4.2%, 
loss=4.0892]
Task 0 Epoch 1/1:  
81%|########  | 
1262/1563 
[14:36<03:17,  
1.52it/s, acc=4.2%, 
loss=4.0892]
Task 0 Epoch 1/1:  
81%|########  | 
1262/1563 
[14:36<03:17,  
1.52it/s, acc=4.2%, 
loss=3.9046]
Task 0 Epoch 1/1:  
81%|########  | 
1263/1563 
[14:36<03:16,  
1.52it/s, acc=4.2%, 
loss=3.9046]
Task 0 Epoch 1/1:  
81%|########  | 
1263/1563 
[14:37<03:16,  
1.52it/s, acc=4.2%, 
loss=4.3308]
Task 0 Epoch 1/1:  
81%|########  | 
1264/1563 
[14:37<03:13,  
1.54it/s, acc=4.2%, 
loss=4.3308]
Task 0 Epoch 1/1:  
81%|########  | 
1264/1563 
[14:38<03:13,  
1.54it/s, acc=4.2%, 
loss=4.3218]
Task 0 Epoch 1/1:  
81%|########  | 
1265/1563 
[14:38<03:10,  
1.56it/s, acc=4.2%, 
loss=4.3218]
Task 0 Epoch 1/1:  
81%|########  | 
1265/1563 
[14:38<03:10,  
1.56it/s, acc=4.2%, 
loss=3.9470]
Task 0 Epoch 1/1:  
81%|########  | 
1266/1563 
[14:38<03:09,  
1.57it/s, acc=4.2%, 
loss=3.9470]
Task 0 Epoch 1/1:  
81%|########  | 
1266/1563 
[14:39<03:09,  
1.57it/s, acc=4.2%, 
loss=4.1632]
Task 0 Epoch 1/1:  
81%|########1 | 
1267/1563 
[14:39<03:08,  
1.57it/s, acc=4.2%, 
loss=4.1632]
Task 0 Epoch 1/1:  
81%|########1 | 
1267/1563 
[14:40<03:08,  
1.57it/s, acc=4.2%, 
loss=4.2453]
Task 0 Epoch 1/1:  
81%|########1 | 
1268/1563 
[14:40<03:07,  
1.58it/s, acc=4.2%, 
loss=4.2453]
Task 0 Epoch 1/1:  
81%|########1 | 
1268/1563 
[14:40<03:07,  
1.58it/s, acc=4.2%, 
loss=3.7798]
Task 0 Epoch 1/1:  
81%|########1 | 
1269/1563 
[14:40<03:05,  
1.58it/s, acc=4.2%, 
loss=3.7798]
Task 0 Epoch 1/1:  
81%|########1 | 
1269/1563 
[14:41<03:05,  
1.58it/s, acc=4.2%, 
loss=4.0517]
Task 0 Epoch 1/1:  
81%|########1 | 
1270/1563 
[14:41<03:04,  
1.59it/s, acc=4.2%, 
loss=4.0517]
Task 0 Epoch 1/1:  
81%|########1 | 
1270/1563 
[14:41<03:04,  
1.59it/s, acc=4.2%, 
loss=4.3152]
Task 0 Epoch 1/1:  
81%|########1 | 
1271/1563 
[14:41<02:57,  
1.64it/s, acc=4.2%, 
loss=4.3152]
Task 0 Epoch 1/1:  
81%|########1 | 
1271/1563 
[14:42<02:57,  
1.64it/s, acc=4.2%, 
loss=4.0911]
Task 0 Epoch 1/1:  
81%|########1 | 
1272/1563 
[14:42<03:01,  
1.60it/s, acc=4.2%, 
loss=4.0911]
Task 0 Epoch 1/1:  
81%|########1 | 
1272/1563 
[14:43<03:01,  
1.60it/s, acc=4.2%, 
loss=3.9115]
Task 0 Epoch 1/1:  
81%|########1 | 
1273/1563 
[14:43<02:57,  
1.63it/s, acc=4.2%, 
loss=3.9115]
Task 0 Epoch 1/1:  
81%|########1 | 
1273/1563 
[14:43<02:57,  
1.63it/s, acc=4.2%, 
loss=3.9350]
Task 0 Epoch 1/1:  
82%|########1 | 
1274/1563 
[14:43<02:52,  
1.68it/s, acc=4.2%, 
loss=3.9350]
Task 0 Epoch 1/1:  
82%|########1 | 
1274/1563 
[14:44<02:52,  
1.68it/s, acc=4.2%, 
loss=4.0017]
Task 0 Epoch 1/1:  
82%|########1 | 
1275/1563 
[14:44<02:52,  
1.67it/s, acc=4.2%, 
loss=4.0017]
Task 0 Epoch 1/1:  
82%|########1 | 
1275/1563 
[14:44<02:52,  
1.67it/s, acc=4.2%, 
loss=4.0744]
Task 0 Epoch 1/1:  
82%|########1 | 
1276/1563 
[14:44<02:57,  
1.62it/s, acc=4.2%, 
loss=4.0744]
Task 0 Epoch 1/1:  
82%|########1 | 
1276/1563 
[14:45<02:57,  
1.62it/s, acc=4.2%, 
loss=3.9198]
Task 0 Epoch 1/1:  
82%|########1 | 
1277/1563 
[14:45<03:00,  
1.58it/s, acc=4.2%, 
loss=3.9198]
Task 0 Epoch 1/1:  
82%|########1 | 
1277/1563 
[14:46<03:00,  
1.58it/s, acc=4.2%, 
loss=3.8766]
Task 0 Epoch 1/1:  
82%|########1 | 
1278/1563 
[14:46<02:54,  
1.63it/s, acc=4.2%, 
loss=3.8766]
Task 0 Epoch 1/1:  
82%|########1 | 
1278/1563 
[14:46<02:54,  
1.63it/s, acc=4.2%, 
loss=3.9505]
Task 0 Epoch 1/1:  
82%|########1 | 
1279/1563 
[14:46<02:49,  
1.67it/s, acc=4.2%, 
loss=3.9505]
Task 0 Epoch 1/1:  
82%|########1 | 
1279/1563 
[14:47<02:49,  
1.67it/s, acc=4.2%, 
loss=4.1730]
Task 0 Epoch 1/1:  
82%|########1 | 
1280/1563 
[14:47<02:58,  
1.58it/s, acc=4.2%, 
loss=4.1730]
Task 0 Epoch 1/1:  
82%|########1 | 
1280/1563 
[14:47<02:58,  
1.58it/s, acc=4.2%, 
loss=4.0725]
Task 0 Epoch 1/1:  
82%|########1 | 
1281/1563 
[14:47<02:53,  
1.62it/s, acc=4.2%, 
loss=4.0725]
Task 0 Epoch 1/1:  
82%|########1 | 
1281/1563 
[14:48<02:53,  
1.62it/s, acc=4.2%, 
loss=3.9941]
Task 0 Epoch 1/1:  
82%|########2 | 
1282/1563 
[14:48<02:50,  
1.65it/s, acc=4.2%, 
loss=3.9941]
Task 0 Epoch 1/1:  
82%|########2 | 
1282/1563 
[14:49<02:50,  
1.65it/s, acc=4.2%, 
loss=4.0869]
Task 0 Epoch 1/1:  
82%|########2 | 
1283/1563 
[14:49<02:47,  
1.67it/s, acc=4.2%, 
loss=4.0869]
Task 0 Epoch 1/1:  
82%|########2 | 
1283/1563 
[14:49<02:47,  
1.67it/s, acc=4.2%, 
loss=4.1453]
Task 0 Epoch 1/1:  
82%|########2 | 
1284/1563 
[14:49<02:54,  
1.60it/s, acc=4.2%, 
loss=4.1453]
Task 0 Epoch 1/1:  
82%|########2 | 
1284/1563 
[14:50<02:54,  
1.60it/s, acc=4.2%, 
loss=3.5899]
Task 0 Epoch 1/1:  
82%|########2 | 
1285/1563 
[14:50<02:58,  
1.55it/s, acc=4.2%, 
loss=3.5899]
Task 0 Epoch 1/1:  
82%|########2 | 
1285/1563 
[14:51<02:58,  
1.55it/s, acc=4.2%, 
loss=4.2926]
Task 0 Epoch 1/1:  
82%|########2 | 
1286/1563 
[14:51<02:53,  
1.59it/s, acc=4.2%, 
loss=4.2926]
Task 0 Epoch 1/1:  
82%|########2 | 
1286/1563 
[14:51<02:53,  
1.59it/s, acc=4.2%, 
loss=4.2334]
Task 0 Epoch 1/1:  
82%|########2 | 
1287/1563 
[14:51<02:53,  
1.59it/s, acc=4.2%, 
loss=4.2334]
Task 0 Epoch 1/1:  
82%|########2 | 
1287/1563 
[14:52<02:53,  
1.59it/s, acc=4.2%, 
loss=3.9334]
Task 0 Epoch 1/1:  
82%|########2 | 
1288/1563 
[14:52<02:51,  
1.61it/s, acc=4.2%, 
loss=3.9334]
Task 0 Epoch 1/1:  
82%|########2 | 
1288/1563 
[14:52<02:51,  
1.61it/s, acc=4.2%, 
loss=4.0614]
Task 0 Epoch 1/1:  
82%|########2 | 
1289/1563 
[14:52<02:48,  
1.62it/s, acc=4.2%, 
loss=4.0614]
Task 0 Epoch 1/1:  
82%|########2 | 
1289/1563 
[14:53<02:48,  
1.62it/s, acc=4.2%, 
loss=4.0381]
Task 0 Epoch 1/1:  
83%|########2 | 
1290/1563 
[14:53<02:47,  
1.63it/s, acc=4.2%, 
loss=4.0381]
Task 0 Epoch 1/1:  
83%|########2 | 
1290/1563 
[14:54<02:47,  
1.63it/s, acc=4.2%, 
loss=3.8416]
Task 0 Epoch 1/1:  
83%|########2 | 
1291/1563 
[14:54<02:49,  
1.61it/s, acc=4.2%, 
loss=3.8416]
Task 0 Epoch 1/1:  
83%|########2 | 
1291/1563 
[14:54<02:49,  
1.61it/s, acc=4.2%, 
loss=4.0210]
Task 0 Epoch 1/1:  
83%|########2 | 
1292/1563 
[14:54<02:47,  
1.62it/s, acc=4.2%, 
loss=4.0210]
Task 0 Epoch 1/1:  
83%|########2 | 
1292/1563 
[14:55<02:47,  
1.62it/s, acc=4.2%, 
loss=3.7831]
Task 0 Epoch 1/1:  
83%|########2 | 
1293/1563 
[14:55<02:44,  
1.64it/s, acc=4.2%, 
loss=3.7831]
Task 0 Epoch 1/1:  
83%|########2 | 
1293/1563 
[14:55<02:44,  
1.64it/s, acc=4.2%, 
loss=4.0892]
Task 0 Epoch 1/1:  
83%|########2 | 
1294/1563 
[14:55<02:43,  
1.64it/s, acc=4.2%, 
loss=4.0892]
Task 0 Epoch 1/1:  
83%|########2 | 
1294/1563 
[14:56<02:43,  
1.64it/s, acc=4.2%, 
loss=4.2047]
Task 0 Epoch 1/1:  
83%|########2 | 
1295/1563 
[14:56<02:53,  
1.55it/s, acc=4.2%, 
loss=4.2047]
Task 0 Epoch 1/1:  
83%|########2 | 
1295/1563 
[14:57<02:53,  
1.55it/s, acc=4.2%, 
loss=3.9810]
Task 0 Epoch 1/1:  
83%|########2 | 
1296/1563 
[14:57<02:59,  
1.49it/s, acc=4.2%, 
loss=3.9810]
Task 0 Epoch 1/1:  
83%|########2 | 
1296/1563 
[14:58<02:59,  
1.49it/s, acc=4.2%, 
loss=3.7007]
Task 0 Epoch 1/1:  
83%|########2 | 
1297/1563 
[14:58<02:51,  
1.55it/s, acc=4.2%, 
loss=3.7007]
Task 0 Epoch 1/1:  
83%|########2 | 
1297/1563 
[14:58<02:51,  
1.55it/s, acc=4.2%, 
loss=3.7696]
Task 0 Epoch 1/1:  
83%|########3 | 
1298/1563 
[14:58<02:46,  
1.60it/s, acc=4.2%, 
loss=3.7696]
Task 0 Epoch 1/1:  
83%|########3 | 
1298/1563 
[14:59<02:46,  
1.60it/s, acc=4.2%, 
loss=3.8724]
Task 0 Epoch 1/1:  
83%|########3 | 
1299/1563 
[14:59<02:47,  
1.57it/s, acc=4.2%, 
loss=3.8724]
Task 0 Epoch 1/1:  
83%|########3 | 
1299/1563 
[14:59<02:47,  
1.57it/s, acc=4.2%, 
loss=4.1240]
Task 0 Epoch 1/1:  
83%|########3 | 
1300/1563 
[14:59<02:43,  
1.61it/s, acc=4.2%, 
loss=4.1240]
Task 0 Epoch 1/1:  
83%|########3 | 
1300/1563 
[15:00<02:43,  
1.61it/s, acc=4.2%, 
loss=3.6561]
Task 0 Epoch 1/1:  
83%|########3 | 
1301/1563 
[15:00<02:41,  
1.62it/s, acc=4.2%, 
loss=3.6561]
Task 0 Epoch 1/1:  
83%|########3 | 
1301/1563 
[15:01<02:41,  
1.62it/s, acc=4.2%, 
loss=3.9142]
Task 0 Epoch 1/1:  
83%|########3 | 
1302/1563 
[15:01<02:44,  
1.59it/s, acc=4.2%, 
loss=3.9142]
Task 0 Epoch 1/1:  
83%|########3 | 
1302/1563 
[15:01<02:44,  
1.59it/s, acc=4.2%, 
loss=3.6000]
Task 0 Epoch 1/1:  
83%|########3 | 
1303/1563 
[15:01<02:43,  
1.59it/s, acc=4.2%, 
loss=3.6000]
Task 0 Epoch 1/1:  
83%|########3 | 
1303/1563 
[15:02<02:43,  
1.59it/s, acc=4.2%, 
loss=4.2839]
Task 0 Epoch 1/1:  
83%|########3 | 
1304/1563 
[15:02<02:38,  
1.64it/s, acc=4.2%, 
loss=4.2839]
Task 0 Epoch 1/1:  
83%|########3 | 
1304/1563 
[15:03<02:38,  
1.64it/s, acc=4.2%, 
loss=3.4986]
Task 0 Epoch 1/1:  
83%|########3 | 
1305/1563 
[15:03<02:43,  
1.58it/s, acc=4.2%, 
loss=3.4986]
Task 0 Epoch 1/1:  
83%|########3 | 
1305/1563 
[15:03<02:43,  
1.58it/s, acc=4.2%, 
loss=4.1051]
Task 0 Epoch 1/1:  
84%|########3 | 
1306/1563 
[15:03<02:40,  
1.60it/s, acc=4.2%, 
loss=4.1051]
Task 0 Epoch 1/1:  
84%|########3 | 
1306/1563 
[15:04<02:40,  
1.60it/s, acc=4.2%, 
loss=3.8625]
Task 0 Epoch 1/1:  
84%|########3 | 
1307/1563 
[15:04<02:43,  
1.57it/s, acc=4.2%, 
loss=3.8625]
Task 0 Epoch 1/1:  
84%|########3 | 
1307/1563 
[15:04<02:43,  
1.57it/s, acc=4.2%, 
loss=3.7512]
Task 0 Epoch 1/1:  
84%|########3 | 
1308/1563 
[15:04<02:44,  
1.55it/s, acc=4.2%, 
loss=3.7512]
Task 0 Epoch 1/1:  
84%|########3 | 
1308/1563 
[15:05<02:44,  
1.55it/s, acc=4.2%, 
loss=4.0978]
Task 0 Epoch 1/1:  
84%|########3 | 
1309/1563 
[15:05<02:44,  
1.54it/s, acc=4.2%, 
loss=4.0978]
Task 0 Epoch 1/1:  
84%|########3 | 
1309/1563 
[15:06<02:44,  
1.54it/s, acc=4.2%, 
loss=3.6489]
Task 0 Epoch 1/1:  
84%|########3 | 
1310/1563 
[15:06<02:45,  
1.53it/s, acc=4.2%, 
loss=3.6489]
Task 0 Epoch 1/1:  
84%|########3 | 
1310/1563 
[15:06<02:45,  
1.53it/s, acc=4.2%, 
loss=3.7846]
Task 0 Epoch 1/1:  
84%|########3 | 
1311/1563 
[15:06<02:38,  
1.59it/s, acc=4.2%, 
loss=3.7846]
Task 0 Epoch 1/1:  
84%|########3 | 
1311/1563 
[15:07<02:38,  
1.59it/s, acc=4.2%, 
loss=3.8322]
Task 0 Epoch 1/1:  
84%|########3 | 
1312/1563 
[15:07<02:36,  
1.61it/s, acc=4.2%, 
loss=3.8322]
Task 0 Epoch 1/1:  
84%|########3 | 
1312/1563 
[15:08<02:36,  
1.61it/s, acc=4.2%, 
loss=3.4905]
Task 0 Epoch 1/1:  
84%|########4 | 
1313/1563 
[15:08<02:38,  
1.58it/s, acc=4.2%, 
loss=3.4905]
Task 0 Epoch 1/1:  
84%|########4 | 
1313/1563 
[15:08<02:38,  
1.58it/s, acc=4.2%, 
loss=3.8698]
Task 0 Epoch 1/1:  
84%|########4 | 
1314/1563 
[15:08<02:33,  
1.62it/s, acc=4.2%, 
loss=3.8698]
Task 0 Epoch 1/1:  
84%|########4 | 
1314/1563 
[15:09<02:33,  
1.62it/s, acc=4.2%, 
loss=4.0307]
Task 0 Epoch 1/1:  
84%|########4 | 
1315/1563 
[15:09<02:39,  
1.55it/s, acc=4.2%, 
loss=4.0307]
Task 0 Epoch 1/1:  
84%|########4 | 
1315/1563 
[15:10<02:39,  
1.55it/s, acc=4.2%, 
loss=3.8637]
Task 0 Epoch 1/1:  
84%|########4 | 
1316/1563 
[15:10<02:43,  
1.51it/s, acc=4.2%, 
loss=3.8637]
Task 0 Epoch 1/1:  
84%|########4 | 
1316/1563 
[15:10<02:43,  
1.51it/s, acc=4.2%, 
loss=4.0612]
Task 0 Epoch 1/1:  
84%|########4 | 
1317/1563 
[15:10<02:46,  
1.48it/s, acc=4.2%, 
loss=4.0612]
Task 0 Epoch 1/1:  
84%|########4 | 
1317/1563 
[15:11<02:46,  
1.48it/s, acc=4.2%, 
loss=3.9497]
Task 0 Epoch 1/1:  
84%|########4 | 
1318/1563 
[15:11<02:47,  
1.46it/s, acc=4.2%, 
loss=3.9497]
Task 0 Epoch 1/1:  
84%|########4 | 
1318/1563 
[15:12<02:47,  
1.46it/s, acc=4.2%, 
loss=4.0922]
Task 0 Epoch 1/1:  
84%|########4 | 
1319/1563 
[15:12<02:48,  
1.44it/s, acc=4.2%, 
loss=4.0922]
Task 0 Epoch 1/1:  
84%|########4 | 
1319/1563 
[15:12<02:48,  
1.44it/s, acc=4.2%, 
loss=4.0883]
Task 0 Epoch 1/1:  
84%|########4 | 
1320/1563 
[15:12<02:40,  
1.52it/s, acc=4.2%, 
loss=4.0883]
Task 0 Epoch 1/1:  
84%|########4 | 
1320/1563 
[15:13<02:40,  
1.52it/s, acc=4.2%, 
loss=3.8132]
Task 0 Epoch 1/1:  
85%|########4 | 
1321/1563 
[15:13<02:34,  
1.57it/s, acc=4.2%, 
loss=3.8132]
Task 0 Epoch 1/1:  
85%|########4 | 
1321/1563 
[15:14<02:34,  
1.57it/s, acc=4.2%, 
loss=4.1371]
Task 0 Epoch 1/1:  
85%|########4 | 
1322/1563 
[15:14<02:32,  
1.58it/s, acc=4.2%, 
loss=4.1371]
Task 0 Epoch 1/1:  
85%|########4 | 
1322/1563 
[15:14<02:32,  
1.58it/s, acc=4.2%, 
loss=3.5723]
Task 0 Epoch 1/1:  
85%|########4 | 
1323/1563 
[15:14<02:27,  
1.63it/s, acc=4.2%, 
loss=3.5723]
Task 0 Epoch 1/1:  
85%|########4 | 
1323/1563 
[15:15<02:27,  
1.63it/s, acc=4.2%, 
loss=4.0815]
Task 0 Epoch 1/1:  
85%|########4 | 
1324/1563 
[15:15<02:27,  
1.63it/s, acc=4.2%, 
loss=4.0815]
Task 0 Epoch 1/1:  
85%|########4 | 
1324/1563 
[15:15<02:27,  
1.63it/s, acc=4.2%, 
loss=4.0956]
Task 0 Epoch 1/1:  
85%|########4 | 
1325/1563 
[15:15<02:26,  
1.62it/s, acc=4.2%, 
loss=4.0956]
Task 0 Epoch 1/1:  
85%|########4 | 
1325/1563 
[15:16<02:26,  
1.62it/s, acc=4.2%, 
loss=4.0370]
Task 0 Epoch 1/1:  
85%|########4 | 
1326/1563 
[15:16<02:26,  
1.62it/s, acc=4.2%, 
loss=4.0370]
Task 0 Epoch 1/1:  
85%|########4 | 
1326/1563 
[15:17<02:26,  
1.62it/s, acc=4.2%, 
loss=4.1428]
Task 0 Epoch 1/1:  
85%|########4 | 
1327/1563 
[15:17<02:25,  
1.62it/s, acc=4.2%, 
loss=4.1428]
Task 0 Epoch 1/1:  
85%|########4 | 
1327/1563 
[15:17<02:25,  
1.62it/s, acc=4.2%, 
loss=4.1502]
Task 0 Epoch 1/1:  
85%|########4 | 
1328/1563 
[15:17<02:26,  
1.61it/s, acc=4.2%, 
loss=4.1502]
Task 0 Epoch 1/1:  
85%|########4 | 
1328/1563 
[15:18<02:26,  
1.61it/s, acc=4.2%, 
loss=4.0671]
Task 0 Epoch 1/1:  
85%|########5 | 
1329/1563 
[15:18<02:22,  
1.64it/s, acc=4.2%, 
loss=4.0671]
Task 0 Epoch 1/1:  
85%|########5 | 
1329/1563 
[15:18<02:22,  
1.64it/s, acc=4.2%, 
loss=4.3505]
Task 0 Epoch 1/1:  
85%|########5 | 
1330/1563 
[15:18<02:22,  
1.63it/s, acc=4.2%, 
loss=4.3505]
Task 0 Epoch 1/1:  
85%|########5 | 
1330/1563 
[15:19<02:22,  
1.63it/s, acc=4.2%, 
loss=4.2973]
Task 0 Epoch 1/1:  
85%|########5 | 
1331/1563 
[15:19<02:22,  
1.63it/s, acc=4.2%, 
loss=4.2973]
Task 0 Epoch 1/1:  
85%|########5 | 
1331/1563 
[15:20<02:22,  
1.63it/s, acc=4.2%, 
loss=4.1643]
Task 0 Epoch 1/1:  
85%|########5 | 
1332/1563 
[15:20<02:23,  
1.61it/s, acc=4.2%, 
loss=4.1643]
Task 0 Epoch 1/1:  
85%|########5 | 
1332/1563 
[15:20<02:23,  
1.61it/s, acc=4.2%, 
loss=3.8649]
Task 0 Epoch 1/1:  
85%|########5 | 
1333/1563 
[15:20<02:22,  
1.61it/s, acc=4.2%, 
loss=3.8649]
Task 0 Epoch 1/1:  
85%|########5 | 
1333/1563 
[15:21<02:22,  
1.61it/s, acc=4.2%, 
loss=3.5863]
Task 0 Epoch 1/1:  
85%|########5 | 
1334/1563 
[15:21<02:21,  
1.62it/s, acc=4.2%, 
loss=3.5863]
Task 0 Epoch 1/1:  
85%|########5 | 
1334/1563 
[15:22<02:21,  
1.62it/s, acc=4.2%, 
loss=3.9660]
Task 0 Epoch 1/1:  
85%|########5 | 
1335/1563 
[15:22<02:21,  
1.61it/s, acc=4.2%, 
loss=3.9660]
Task 0 Epoch 1/1:  
85%|########5 | 
1335/1563 
[15:22<02:21,  
1.61it/s, acc=4.2%, 
loss=3.5529]
Task 0 Epoch 1/1:  
85%|########5 | 
1336/1563 
[15:22<02:20,  
1.61it/s, acc=4.2%, 
loss=3.5529]
Task 0 Epoch 1/1:  
85%|########5 | 
1336/1563 
[15:23<02:20,  
1.61it/s, acc=4.2%, 
loss=3.7180]
Task 0 Epoch 1/1:  
86%|########5 | 
1337/1563 
[15:23<02:18,  
1.63it/s, acc=4.2%, 
loss=3.7180]
Task 0 Epoch 1/1:  
86%|########5 | 
1337/1563 
[15:23<02:18,  
1.63it/s, acc=4.2%, 
loss=3.7198]
Task 0 Epoch 1/1:  
86%|########5 | 
1338/1563 
[15:23<02:20,  
1.60it/s, acc=4.2%, 
loss=3.7198]
Task 0 Epoch 1/1:  
86%|########5 | 
1338/1563 
[15:24<02:20,  
1.60it/s, acc=4.2%, 
loss=4.1640]
Task 0 Epoch 1/1:  
86%|########5 | 
1339/1563 
[15:24<02:16,  
1.65it/s, acc=4.2%, 
loss=4.1640]
Task 0 Epoch 1/1:  
86%|########5 | 
1339/1563 
[15:25<02:16,  
1.65it/s, acc=4.2%, 
loss=4.0568]
Task 0 Epoch 1/1:  
86%|########5 | 
1340/1563 
[15:25<02:20,  
1.58it/s, acc=4.2%, 
loss=4.0568]
Task 0 Epoch 1/1:  
86%|########5 | 
1340/1563 
[15:25<02:20,  
1.58it/s, acc=4.2%, 
loss=3.9064]
Task 0 Epoch 1/1:  
86%|########5 | 
1341/1563 
[15:25<02:21,  
1.57it/s, acc=4.2%, 
loss=3.9064]
Task 0 Epoch 1/1:  
86%|########5 | 
1341/1563 
[15:26<02:21,  
1.57it/s, acc=4.2%, 
loss=4.1925]
Task 0 Epoch 1/1:  
86%|########5 | 
1342/1563 
[15:26<02:16,  
1.62it/s, acc=4.2%, 
loss=4.1925]
Task 0 Epoch 1/1:  
86%|########5 | 
1342/1563 
[15:26<02:16,  
1.62it/s, acc=4.2%, 
loss=4.1099]
Task 0 Epoch 1/1:  
86%|########5 | 
1343/1563 
[15:26<02:14,  
1.64it/s, acc=4.2%, 
loss=4.1099]
Task 0 Epoch 1/1:  
86%|########5 | 
1343/1563 
[15:27<02:14,  
1.64it/s, acc=4.2%, 
loss=3.5721]
Task 0 Epoch 1/1:  
86%|########5 | 
1344/1563 
[15:27<02:13,  
1.64it/s, acc=4.2%, 
loss=3.5721]
Task 0 Epoch 1/1:  
86%|########5 | 
1344/1563 
[15:28<02:13,  
1.64it/s, acc=4.2%, 
loss=3.8647]
Task 0 Epoch 1/1:  
86%|########6 | 
1345/1563 
[15:28<02:11,  
1.65it/s, acc=4.2%, 
loss=3.8647]
Task 0 Epoch 1/1:  
86%|########6 | 
1345/1563 
[15:28<02:11,  
1.65it/s, acc=4.2%, 
loss=3.6331]
Task 0 Epoch 1/1:  
86%|########6 | 
1346/1563 
[15:28<02:14,  
1.61it/s, acc=4.2%, 
loss=3.6331]
Task 0 Epoch 1/1:  
86%|########6 | 
1346/1563 
[15:29<02:14,  
1.61it/s, acc=4.2%, 
loss=3.8039]
Task 0 Epoch 1/1:  
86%|########6 | 
1347/1563 
[15:29<02:12,  
1.63it/s, acc=4.2%, 
loss=3.8039]
Task 0 Epoch 1/1:  
86%|########6 | 
1347/1563 
[15:30<02:12,  
1.63it/s, acc=4.2%, 
loss=4.1325]
Task 0 Epoch 1/1:  
86%|########6 | 
1348/1563 
[15:30<02:12,  
1.62it/s, acc=4.2%, 
loss=4.1325]
Task 0 Epoch 1/1:  
86%|########6 | 
1348/1563 
[15:30<02:12,  
1.62it/s, acc=4.2%, 
loss=3.8750]
Task 0 Epoch 1/1:  
86%|########6 | 
1349/1563 
[15:30<02:09,  
1.66it/s, acc=4.2%, 
loss=3.8750]
Task 0 Epoch 1/1:  
86%|########6 | 
1349/1563 
[15:31<02:09,  
1.66it/s, acc=4.2%, 
loss=3.5047]
Task 0 Epoch 1/1:  
86%|########6 | 
1350/1563 
[15:31<02:06,  
1.68it/s, acc=4.2%, 
loss=3.5047]
Task 0 Epoch 1/1:  
86%|########6 | 
1350/1563 
[15:31<02:06,  
1.68it/s, acc=4.2%, 
loss=3.8958]
Task 0 Epoch 1/1:  
86%|########6 | 
1351/1563 
[15:31<02:10,  
1.63it/s, acc=4.2%, 
loss=3.8958]
Task 0 Epoch 1/1:  
86%|########6 | 
1351/1563 
[15:32<02:10,  
1.63it/s, acc=4.2%, 
loss=3.6078]
Task 0 Epoch 1/1:  
87%|########6 | 
1352/1563 
[15:32<02:09,  
1.64it/s, acc=4.2%, 
loss=3.6078]
Task 0 Epoch 1/1:  
87%|########6 | 
1352/1563 
[15:33<02:09,  
1.64it/s, acc=4.2%, 
loss=4.1329]
Task 0 Epoch 1/1:  
87%|########6 | 
1353/1563 
[15:33<02:12,  
1.59it/s, acc=4.2%, 
loss=4.1329]
Task 0 Epoch 1/1:  
87%|########6 | 
1353/1563 
[15:33<02:12,  
1.59it/s, acc=4.2%, 
loss=4.4820]
Task 0 Epoch 1/1:  
87%|########6 | 
1354/1563 
[15:33<02:09,  
1.61it/s, acc=4.2%, 
loss=4.4820]
Task 0 Epoch 1/1:  
87%|########6 | 
1354/1563 
[15:34<02:09,  
1.61it/s, acc=4.2%, 
loss=4.1434]
Task 0 Epoch 1/1:  
87%|########6 | 
1355/1563 
[15:34<02:09,  
1.61it/s, acc=4.2%, 
loss=4.1434]
Task 0 Epoch 1/1:  
87%|########6 | 
1355/1563 
[15:35<02:09,  
1.61it/s, acc=4.2%, 
loss=3.7236]
Task 0 Epoch 1/1:  
87%|########6 | 
1356/1563 
[15:35<02:11,  
1.57it/s, acc=4.2%, 
loss=3.7236]
Task 0 Epoch 1/1:  
87%|########6 | 
1356/1563 
[15:35<02:11,  
1.57it/s, acc=4.2%, 
loss=4.3978]
Task 0 Epoch 1/1:  
87%|########6 | 
1357/1563 
[15:35<02:13,  
1.54it/s, acc=4.2%, 
loss=4.3978]
Task 0 Epoch 1/1:  
87%|########6 | 
1357/1563 
[15:36<02:13,  
1.54it/s, acc=4.2%, 
loss=3.8441]
Task 0 Epoch 1/1:  
87%|########6 | 
1358/1563 
[15:36<02:15,  
1.52it/s, acc=4.2%, 
loss=3.8441]
Task 0 Epoch 1/1:  
87%|########6 | 
1358/1563 
[15:36<02:15,  
1.52it/s, acc=4.2%, 
loss=3.8482]
Task 0 Epoch 1/1:  
87%|########6 | 
1359/1563 
[15:36<02:10,  
1.56it/s, acc=4.2%, 
loss=3.8482]
Task 0 Epoch 1/1:  
87%|########6 | 
1359/1563 
[15:37<02:10,  
1.56it/s, acc=4.2%, 
loss=3.7671]
Task 0 Epoch 1/1:  
87%|########7 | 
1360/1563 
[15:37<02:09,  
1.57it/s, acc=4.2%, 
loss=3.7671]
Task 0 Epoch 1/1:  
87%|########7 | 
1360/1563 
[15:38<02:09,  
1.57it/s, acc=4.2%, 
loss=3.5742]
Task 0 Epoch 1/1:  
87%|########7 | 
1361/1563 
[15:38<02:06,  
1.60it/s, acc=4.2%, 
loss=3.5742]
Task 0 Epoch 1/1:  
87%|########7 | 
1361/1563 
[15:38<02:06,  
1.60it/s, acc=4.2%, 
loss=3.9963]
Task 0 Epoch 1/1:  
87%|########7 | 
1362/1563 
[15:38<02:05,  
1.60it/s, acc=4.2%, 
loss=3.9963]
Task 0 Epoch 1/1:  
87%|########7 | 
1362/1563 
[15:39<02:05,  
1.60it/s, acc=4.2%, 
loss=4.4064]
Task 0 Epoch 1/1:  
87%|########7 | 
1363/1563 
[15:39<02:12,  
1.51it/s, acc=4.2%, 
loss=4.4064]
Task 0 Epoch 1/1:  
87%|########7 | 
1363/1563 
[15:40<02:12,  
1.51it/s, acc=4.2%, 
loss=3.9461]
Task 0 Epoch 1/1:  
87%|########7 | 
1364/1563 
[15:40<02:17,  
1.44it/s, acc=4.2%, 
loss=3.9461]
Task 0 Epoch 1/1:  
87%|########7 | 
1364/1563 
[15:41<02:17,  
1.44it/s, acc=4.2%, 
loss=3.5217]
Task 0 Epoch 1/1:  
87%|########7 | 
1365/1563 
[15:41<02:21,  
1.40it/s, acc=4.2%, 
loss=3.5217]
Task 0 Epoch 1/1:  
87%|########7 | 
1365/1563 
[15:41<02:21,  
1.40it/s, acc=4.2%, 
loss=4.1852]
Task 0 Epoch 1/1:  
87%|########7 | 
1366/1563 
[15:41<02:16,  
1.45it/s, acc=4.2%, 
loss=4.1852]
Task 0 Epoch 1/1:  
87%|########7 | 
1366/1563 
[15:42<02:16,  
1.45it/s, acc=4.2%, 
loss=4.2435]
Task 0 Epoch 1/1:  
87%|########7 | 
1367/1563 
[15:42<02:18,  
1.42it/s, acc=4.2%, 
loss=4.2435]
Task 0 Epoch 1/1:  
87%|########7 | 
1367/1563 
[15:43<02:18,  
1.42it/s, acc=4.2%, 
loss=3.6195]
Task 0 Epoch 1/1:  
88%|########7 | 
1368/1563 
[15:43<02:11,  
1.48it/s, acc=4.2%, 
loss=3.6195]
Task 0 Epoch 1/1:  
88%|########7 | 
1368/1563 
[15:43<02:11,  
1.48it/s, acc=4.2%, 
loss=4.0404]
Task 0 Epoch 1/1:  
88%|########7 | 
1369/1563 
[15:43<02:11,  
1.48it/s, acc=4.2%, 
loss=4.0404]
Task 0 Epoch 1/1:  
88%|########7 | 
1369/1563 
[15:44<02:11,  
1.48it/s, acc=4.2%, 
loss=4.0616]
Task 0 Epoch 1/1:  
88%|########7 | 
1370/1563 
[15:44<02:06,  
1.53it/s, acc=4.2%, 
loss=4.0616]
Task 0 Epoch 1/1:  
88%|########7 | 
1370/1563 
[15:44<02:06,  
1.53it/s, acc=4.2%, 
loss=3.9980]
Task 0 Epoch 1/1:  
88%|########7 | 
1371/1563 
[15:44<02:02,  
1.57it/s, acc=4.2%, 
loss=3.9980]
Task 0 Epoch 1/1:  
88%|########7 | 
1371/1563 
[15:45<02:02,  
1.57it/s, acc=4.2%, 
loss=3.6975]
Task 0 Epoch 1/1:  
88%|########7 | 
1372/1563 
[15:45<02:01,  
1.57it/s, acc=4.2%, 
loss=3.6975]
Task 0 Epoch 1/1:  
88%|########7 | 
1372/1563 
[15:46<02:01,  
1.57it/s, acc=4.2%, 
loss=3.7787]
Task 0 Epoch 1/1:  
88%|########7 | 
1373/1563 
[15:46<02:02,  
1.55it/s, acc=4.2%, 
loss=3.7787]
Task 0 Epoch 1/1:  
88%|########7 | 
1373/1563 
[15:46<02:02,  
1.55it/s, acc=4.2%, 
loss=3.7949]
Task 0 Epoch 1/1:  
88%|########7 | 
1374/1563 
[15:46<02:01,  
1.55it/s, acc=4.2%, 
loss=3.7949]
Task 0 Epoch 1/1:  
88%|########7 | 
1374/1563 
[15:47<02:01,  
1.55it/s, acc=4.2%, 
loss=3.8406]
Task 0 Epoch 1/1:  
88%|########7 | 
1375/1563 
[15:47<02:01,  
1.54it/s, acc=4.2%, 
loss=3.8406]
Task 0 Epoch 1/1:  
88%|########7 | 
1375/1563 
[15:48<02:01,  
1.54it/s, acc=4.2%, 
loss=3.5791]
Task 0 Epoch 1/1:  
88%|########8 | 
1376/1563 
[15:48<02:00,  
1.55it/s, acc=4.2%, 
loss=3.5791]
Task 0 Epoch 1/1:  
88%|########8 | 
1376/1563 
[15:48<02:00,  
1.55it/s, acc=4.2%, 
loss=3.7313]
Task 0 Epoch 1/1:  
88%|########8 | 
1377/1563 
[15:48<02:00,  
1.55it/s, acc=4.2%, 
loss=3.7313]
Task 0 Epoch 1/1:  
88%|########8 | 
1377/1563 
[15:49<02:00,  
1.55it/s, acc=4.2%, 
loss=3.7882]
Task 0 Epoch 1/1:  
88%|########8 | 
1378/1563 
[15:49<01:58,  
1.57it/s, acc=4.2%, 
loss=3.7882]
Task 0 Epoch 1/1:  
88%|########8 | 
1378/1563 
[15:50<01:58,  
1.57it/s, acc=4.2%, 
loss=4.4484]
Task 0 Epoch 1/1:  
88%|########8 | 
1379/1563 
[15:50<01:57,  
1.57it/s, acc=4.2%, 
loss=4.4484]
Task 0 Epoch 1/1:  
88%|########8 | 
1379/1563 
[15:50<01:57,  
1.57it/s, acc=4.2%, 
loss=3.9615]
Task 0 Epoch 1/1:  
88%|########8 | 
1380/1563 
[15:50<01:56,  
1.57it/s, acc=4.2%, 
loss=3.9615]
Task 0 Epoch 1/1:  
88%|########8 | 
1380/1563 
[15:51<01:56,  
1.57it/s, acc=4.2%, 
loss=4.1378]
Task 0 Epoch 1/1:  
88%|########8 | 
1381/1563 
[15:51<01:55,  
1.58it/s, acc=4.2%, 
loss=4.1378]
Task 0 Epoch 1/1:  
88%|########8 | 
1381/1563 
[15:52<01:55,  
1.58it/s, acc=4.2%, 
loss=4.1796]
Task 0 Epoch 1/1:  
88%|########8 | 
1382/1563 
[15:52<01:56,  
1.55it/s, acc=4.2%, 
loss=4.1796]
Task 0 Epoch 1/1:  
88%|########8 | 
1382/1563 
[15:52<01:56,  
1.55it/s, acc=4.2%, 
loss=4.0712]
Task 0 Epoch 1/1:  
88%|########8 | 
1383/1563 
[15:52<01:57,  
1.54it/s, acc=4.2%, 
loss=4.0712]
Task 0 Epoch 1/1:  
88%|########8 | 
1383/1563 
[15:53<01:57,  
1.54it/s, acc=4.2%, 
loss=3.7552]
Task 0 Epoch 1/1:  
89%|########8 | 
1384/1563 
[15:53<01:57,  
1.53it/s, acc=4.2%, 
loss=3.7552]
Task 0 Epoch 1/1:  
89%|########8 | 
1384/1563 
[15:53<01:57,  
1.53it/s, acc=4.2%, 
loss=3.9977]
Task 0 Epoch 1/1:  
89%|########8 | 
1385/1563 
[15:53<01:54,  
1.55it/s, acc=4.2%, 
loss=3.9977]
Task 0 Epoch 1/1:  
89%|########8 | 
1385/1563 
[15:54<01:54,  
1.55it/s, acc=4.2%, 
loss=3.9051]
Task 0 Epoch 1/1:  
89%|########8 | 
1386/1563 
[15:54<01:51,  
1.58it/s, acc=4.2%, 
loss=3.9051]
Task 0 Epoch 1/1:  
89%|########8 | 
1386/1563 
[15:55<01:51,  
1.58it/s, acc=4.2%, 
loss=3.7689]
Task 0 Epoch 1/1:  
89%|########8 | 
1387/1563 
[15:55<01:51,  
1.58it/s, acc=4.2%, 
loss=3.7689]
Task 0 Epoch 1/1:  
89%|########8 | 
1387/1563 
[15:55<01:51,  
1.58it/s, acc=4.2%, 
loss=4.3747]
Task 0 Epoch 1/1:  
89%|########8 | 
1388/1563 
[15:55<01:51,  
1.57it/s, acc=4.2%, 
loss=4.3747]
Task 0 Epoch 1/1:  
89%|########8 | 
1388/1563 
[15:56<01:51,  
1.57it/s, acc=4.2%, 
loss=4.0889]
Task 0 Epoch 1/1:  
89%|########8 | 
1389/1563 
[15:56<01:53,  
1.54it/s, acc=4.2%, 
loss=4.0889]
Task 0 Epoch 1/1:  
89%|########8 | 
1389/1563 
[15:57<01:53,  
1.54it/s, acc=4.2%, 
loss=3.9582]
Task 0 Epoch 1/1:  
89%|########8 | 
1390/1563 
[15:57<01:53,  
1.52it/s, acc=4.2%, 
loss=3.9582]
Task 0 Epoch 1/1:  
89%|########8 | 
1390/1563 
[15:57<01:53,  
1.52it/s, acc=4.2%, 
loss=3.6541]
Task 0 Epoch 1/1:  
89%|########8 | 
1391/1563 
[15:57<01:53,  
1.51it/s, acc=4.2%, 
loss=3.6541]
Task 0 Epoch 1/1:  
89%|########8 | 
1391/1563 
[15:58<01:53,  
1.51it/s, acc=4.2%, 
loss=4.1238]
Task 0 Epoch 1/1:  
89%|########9 | 
1392/1563 
[15:58<01:51,  
1.53it/s, acc=4.2%, 
loss=4.1238]
Task 0 Epoch 1/1:  
89%|########9 | 
1392/1563 
[15:59<01:51,  
1.53it/s, acc=4.2%, 
loss=3.8571]
Task 0 Epoch 1/1:  
89%|########9 | 
1393/1563 
[15:59<01:51,  
1.52it/s, acc=4.2%, 
loss=3.8571]
Task 0 Epoch 1/1:  
89%|########9 | 
1393/1563 
[15:59<01:51,  
1.52it/s, acc=4.2%, 
loss=3.3319]
Task 0 Epoch 1/1:  
89%|########9 | 
1394/1563 
[15:59<01:52,  
1.51it/s, acc=4.2%, 
loss=3.3319]
Task 0 Epoch 1/1:  
89%|########9 | 
1394/1563 
[16:00<01:52,  
1.51it/s, acc=4.2%, 
loss=3.9712]
Task 0 Epoch 1/1:  
89%|########9 | 
1395/1563 
[16:00<01:52,  
1.49it/s, acc=4.2%, 
loss=3.9712]
Task 0 Epoch 1/1:  
89%|########9 | 
1395/1563 
[16:01<01:52,  
1.49it/s, acc=4.2%, 
loss=4.1463]
Task 0 Epoch 1/1:  
89%|########9 | 
1396/1563 
[16:01<01:52,  
1.49it/s, acc=4.2%, 
loss=4.1463]
Task 0 Epoch 1/1:  
89%|########9 | 
1396/1563 
[16:01<01:52,  
1.49it/s, acc=4.2%, 
loss=3.5286]
Task 0 Epoch 1/1:  
89%|########9 | 
1397/1563 
[16:01<01:51,  
1.48it/s, acc=4.2%, 
loss=3.5286]
Task 0 Epoch 1/1:  
89%|########9 | 
1397/1563 
[16:02<01:51,  
1.48it/s, acc=4.2%, 
loss=4.0375]
Task 0 Epoch 1/1:  
89%|########9 | 
1398/1563 
[16:02<01:50,  
1.49it/s, acc=4.2%, 
loss=4.0375]
Task 0 Epoch 1/1:  
89%|########9 | 
1398/1563 
[16:03<01:50,  
1.49it/s, acc=4.2%, 
loss=4.0338]
Task 0 Epoch 1/1:  
90%|########9 | 
1399/1563 
[16:03<01:47,  
1.52it/s, acc=4.2%, 
loss=4.0338]
Task 0 Epoch 1/1:  
90%|########9 | 
1399/1563 
[16:03<01:47,  
1.52it/s, acc=4.2%, 
loss=4.2569]
Task 0 Epoch 1/1:  
90%|########9 | 
1400/1563 
[16:03<01:45,  
1.54it/s, acc=4.2%, 
loss=4.2569]
Task 0 Epoch 1/1:  
90%|########9 | 
1400/1563 
[16:04<01:45,  
1.54it/s, acc=4.2%, 
loss=3.9951]
Task 0 Epoch 1/1:  
90%|########9 | 
1401/1563 
[16:04<01:43,  
1.56it/s, acc=4.2%, 
loss=3.9951]
Task 0 Epoch 1/1:  
90%|########9 | 
1401/1563 
[16:05<01:43,  
1.56it/s, acc=4.2%, 
loss=4.2539]
Task 0 Epoch 1/1:  
90%|########9 | 
1402/1563 
[16:05<01:43,  
1.56it/s, acc=4.2%, 
loss=4.2539]
Task 0 Epoch 1/1:  
90%|########9 | 
1402/1563 
[16:05<01:43,  
1.56it/s, acc=4.2%, 
loss=4.2508]
Task 0 Epoch 1/1:  
90%|########9 | 
1403/1563 
[16:05<01:45,  
1.52it/s, acc=4.2%, 
loss=4.2508]
Task 0 Epoch 1/1:  
90%|########9 | 
1403/1563 
[16:06<01:45,  
1.52it/s, acc=4.2%, 
loss=3.6870]
Task 0 Epoch 1/1:  
90%|########9 | 
1404/1563 
[16:06<01:46,  
1.49it/s, acc=4.2%, 
loss=3.6870]
Task 0 Epoch 1/1:  
90%|########9 | 
1404/1563 
[16:07<01:46,  
1.49it/s, acc=4.2%, 
loss=4.0754]
Task 0 Epoch 1/1:  
90%|########9 | 
1405/1563 
[16:07<01:42,  
1.54it/s, acc=4.2%, 
loss=4.0754]
Task 0 Epoch 1/1:  
90%|########9 | 
1405/1563 
[16:07<01:42,  
1.54it/s, acc=4.2%, 
loss=4.2086]
Task 0 Epoch 1/1:  
90%|########9 | 
1406/1563 
[16:07<01:42,  
1.54it/s, acc=4.2%, 
loss=4.2086]
Task 0 Epoch 1/1:  
90%|########9 | 
1406/1563 
[16:08<01:42,  
1.54it/s, acc=4.2%, 
loss=4.0788]
Task 0 Epoch 1/1:  
90%|######### | 
1407/1563 
[16:08<01:44,  
1.50it/s, acc=4.2%, 
loss=4.0788]
Task 0 Epoch 1/1:  
90%|######### | 
1407/1563 
[16:09<01:44,  
1.50it/s, acc=4.2%, 
loss=4.7040]
Task 0 Epoch 1/1:  
90%|######### | 
1408/1563 
[16:09<01:45,  
1.48it/s, acc=4.2%, 
loss=4.7040]
Task 0 Epoch 1/1:  
90%|######### | 
1408/1563 
[16:09<01:45,  
1.48it/s, acc=4.2%, 
loss=3.5368]
Task 0 Epoch 1/1:  
90%|######### | 
1409/1563 
[16:09<01:42,  
1.50it/s, acc=4.2%, 
loss=3.5368]
Task 0 Epoch 1/1:  
90%|######### | 
1409/1563 
[16:10<01:42,  
1.50it/s, acc=4.2%, 
loss=4.1411]
Task 0 Epoch 1/1:  
90%|######### | 
1410/1563 
[16:10<01:44,  
1.47it/s, acc=4.2%, 
loss=4.1411]
Task 0 Epoch 1/1:  
90%|######### | 
1410/1563 
[16:11<01:44,  
1.47it/s, acc=4.2%, 
loss=3.7998]
Task 0 Epoch 1/1:  
90%|######### | 
1411/1563 
[16:11<01:44,  
1.46it/s, acc=4.2%, 
loss=3.7998]
Task 0 Epoch 1/1:  
90%|######### | 
1411/1563 
[16:11<01:44,  
1.46it/s, acc=4.2%, 
loss=3.9004]
Task 0 Epoch 1/1:  
90%|######### | 
1412/1563 
[16:11<01:39,  
1.51it/s, acc=4.2%, 
loss=3.9004]
Task 0 Epoch 1/1:  
90%|######### | 
1412/1563 
[16:12<01:39,  
1.51it/s, acc=4.2%, 
loss=3.8574]
Task 0 Epoch 1/1:  
90%|######### | 
1413/1563 
[16:12<01:40,  
1.50it/s, acc=4.2%, 
loss=3.8574]
Task 0 Epoch 1/1:  
90%|######### | 
1413/1563 
[16:13<01:40,  
1.50it/s, acc=4.2%, 
loss=4.2715]
Task 0 Epoch 1/1:  
90%|######### | 
1414/1563 
[16:13<01:40,  
1.49it/s, acc=4.2%, 
loss=4.2715]
Task 0 Epoch 1/1:  
90%|######### | 
1414/1563 
[16:13<01:40,  
1.49it/s, acc=4.2%, 
loss=3.6692]
Task 0 Epoch 1/1:  
91%|######### | 
1415/1563 
[16:13<01:40,  
1.47it/s, acc=4.2%, 
loss=3.6692]
Task 0 Epoch 1/1:  
91%|######### | 
1415/1563 
[16:14<01:40,  
1.47it/s, acc=4.2%, 
loss=4.0444]
Task 0 Epoch 1/1:  
91%|######### | 
1416/1563 
[16:14<01:36,  
1.53it/s, acc=4.2%, 
loss=4.0444]
Task 0 Epoch 1/1:  
91%|######### | 
1416/1563 
[16:15<01:36,  
1.53it/s, acc=4.2%, 
loss=3.6205]
Task 0 Epoch 1/1:  
91%|######### | 
1417/1563 
[16:15<01:34,  
1.54it/s, acc=4.2%, 
loss=3.6205]
Task 0 Epoch 1/1:  
91%|######### | 
1417/1563 
[16:15<01:34,  
1.54it/s, acc=4.2%, 
loss=3.7566]
Task 0 Epoch 1/1:  
91%|######### | 
1418/1563 
[16:15<01:30,  
1.60it/s, acc=4.2%, 
loss=3.7566]
Task 0 Epoch 1/1:  
91%|######### | 
1418/1563 
[16:16<01:30,  
1.60it/s, acc=4.2%, 
loss=4.1993]
Task 0 Epoch 1/1:  
91%|######### | 
1419/1563 
[16:16<01:27,  
1.64it/s, acc=4.2%, 
loss=4.1993]
Task 0 Epoch 1/1:  
91%|######### | 
1419/1563 
[16:16<01:27,  
1.64it/s, acc=4.2%, 
loss=3.2422]
Task 0 Epoch 1/1:  
91%|######### | 
1420/1563 
[16:16<01:30,  
1.58it/s, acc=4.2%, 
loss=3.2422]
Task 0 Epoch 1/1:  
91%|######### | 
1420/1563 
[16:17<01:30,  
1.58it/s, acc=4.2%, 
loss=4.2188]
Task 0 Epoch 1/1:  
91%|######### | 
1421/1563 
[16:17<01:30,  
1.57it/s, acc=4.2%, 
loss=4.2188]
Task 0 Epoch 1/1:  
91%|######### | 
1421/1563 
[16:18<01:30,  
1.57it/s, acc=4.3%, 
loss=3.8586]
Task 0 Epoch 1/1:  
91%|######### | 
1422/1563 
[16:18<01:32,  
1.53it/s, acc=4.3%, 
loss=3.8586]
Task 0 Epoch 1/1:  
91%|######### | 
1422/1563 
[16:18<01:32,  
1.53it/s, acc=4.3%, 
loss=3.6709]
Task 0 Epoch 1/1:  
91%|#########1| 
1423/1563 
[16:18<01:32,  
1.51it/s, acc=4.3%, 
loss=3.6709]
Task 0 Epoch 1/1:  
91%|#########1| 
1423/1563 
[16:19<01:32,  
1.51it/s, acc=4.3%, 
loss=4.1187]
Task 0 Epoch 1/1:  
91%|#########1| 
1424/1563 
[16:19<01:31,  
1.53it/s, acc=4.3%, 
loss=4.1187]
Task 0 Epoch 1/1:  
91%|#########1| 
1424/1563 
[16:20<01:31,  
1.53it/s, acc=4.3%, 
loss=3.6182]
Task 0 Epoch 1/1:  
91%|#########1| 
1425/1563 
[16:20<01:27,  
1.58it/s, acc=4.3%, 
loss=3.6182]
Task 0 Epoch 1/1:  
91%|#########1| 
1425/1563 
[16:20<01:27,  
1.58it/s, acc=4.3%, 
loss=3.9607]
Task 0 Epoch 1/1:  
91%|#########1| 
1426/1563 
[16:20<01:28,  
1.55it/s, acc=4.3%, 
loss=3.9607]
Task 0 Epoch 1/1:  
91%|#########1| 
1426/1563 
[16:21<01:28,  
1.55it/s, acc=4.3%, 
loss=4.0029]
Task 0 Epoch 1/1:  
91%|#########1| 
1427/1563 
[16:21<01:25,  
1.60it/s, acc=4.3%, 
loss=4.0029]
Task 0 Epoch 1/1:  
91%|#########1| 
1427/1563 
[16:22<01:25,  
1.60it/s, acc=4.3%, 
loss=4.3066]
Task 0 Epoch 1/1:  
91%|#########1| 
1428/1563 
[16:22<01:23,  
1.61it/s, acc=4.3%, 
loss=4.3066]
Task 0 Epoch 1/1:  
91%|#########1| 
1428/1563 
[16:22<01:23,  
1.61it/s, acc=4.3%, 
loss=3.8469]
Task 0 Epoch 1/1:  
91%|#########1| 
1429/1563 
[16:22<01:22,  
1.63it/s, acc=4.3%, 
loss=3.8469]
Task 0 Epoch 1/1:  
91%|#########1| 
1429/1563 
[16:23<01:22,  
1.63it/s, acc=4.3%, 
loss=3.7568]
Task 0 Epoch 1/1:  
91%|#########1| 
1430/1563 
[16:23<01:20,  
1.65it/s, acc=4.3%, 
loss=3.7568]
Task 0 Epoch 1/1:  
91%|#########1| 
1430/1563 
[16:23<01:20,  
1.65it/s, acc=4.3%, 
loss=3.8875]
Task 0 Epoch 1/1:  
92%|#########1| 
1431/1563 
[16:23<01:21,  
1.63it/s, acc=4.3%, 
loss=3.8875]
Task 0 Epoch 1/1:  
92%|#########1| 
1431/1563 
[16:24<01:21,  
1.63it/s, acc=4.3%, 
loss=4.4529]
Task 0 Epoch 1/1:  
92%|#########1| 
1432/1563 
[16:24<01:19,  
1.64it/s, acc=4.3%, 
loss=4.4529]
Task 0 Epoch 1/1:  
92%|#########1| 
1432/1563 
[16:25<01:19,  
1.64it/s, acc=4.3%, 
loss=3.7025]
Task 0 Epoch 1/1:  
92%|#########1| 
1433/1563 
[16:25<01:20,  
1.61it/s, acc=4.3%, 
loss=3.7025]
Task 0 Epoch 1/1:  
92%|#########1| 
1433/1563 
[16:25<01:20,  
1.61it/s, acc=4.3%, 
loss=3.9015]
Task 0 Epoch 1/1:  
92%|#########1| 
1434/1563 
[16:25<01:18,  
1.63it/s, acc=4.3%, 
loss=3.9015]
Task 0 Epoch 1/1:  
92%|#########1| 
1434/1563 
[16:26<01:18,  
1.63it/s, acc=4.3%, 
loss=3.8578]
Task 0 Epoch 1/1:  
92%|#########1| 
1435/1563 
[16:26<01:19,  
1.61it/s, acc=4.3%, 
loss=3.8578]
Task 0 Epoch 1/1:  
92%|#########1| 
1435/1563 
[16:26<01:19,  
1.61it/s, acc=4.3%, 
loss=3.9605]
Task 0 Epoch 1/1:  
92%|#########1| 
1436/1563 
[16:26<01:19,  
1.60it/s, acc=4.3%, 
loss=3.9605]
Task 0 Epoch 1/1:  
92%|#########1| 
1436/1563 
[16:27<01:19,  
1.60it/s, acc=4.3%, 
loss=4.0770]
Task 0 Epoch 1/1:  
92%|#########1| 
1437/1563 
[16:27<01:17,  
1.64it/s, acc=4.3%, 
loss=4.0770]
Task 0 Epoch 1/1:  
92%|#########1| 
1437/1563 
[16:28<01:17,  
1.64it/s, acc=4.3%, 
loss=3.9143]
Task 0 Epoch 1/1:  
92%|#########2| 
1438/1563 
[16:28<01:16,  
1.64it/s, acc=4.3%, 
loss=3.9143]
Task 0 Epoch 1/1:  
92%|#########2| 
1438/1563 
[16:28<01:16,  
1.64it/s, acc=4.3%, 
loss=3.9140]
Task 0 Epoch 1/1:  
92%|#########2| 
1439/1563 
[16:28<01:17,  
1.61it/s, acc=4.3%, 
loss=3.9140]
Task 0 Epoch 1/1:  
92%|#########2| 
1439/1563 
[16:29<01:17,  
1.61it/s, acc=4.3%, 
loss=3.8703]
Task 0 Epoch 1/1:  
92%|#########2| 
1440/1563 
[16:29<01:17,  
1.58it/s, acc=4.3%, 
loss=3.8703]
Task 0 Epoch 1/1:  
92%|#########2| 
1440/1563 
[16:30<01:17,  
1.58it/s, acc=4.3%, 
loss=4.1002]
Task 0 Epoch 1/1:  
92%|#########2| 
1441/1563 
[16:30<01:19,  
1.53it/s, acc=4.3%, 
loss=4.1002]
Task 0 Epoch 1/1:  
92%|#########2| 
1441/1563 
[16:30<01:19,  
1.53it/s, acc=4.3%, 
loss=3.8007]
Task 0 Epoch 1/1:  
92%|#########2| 
1442/1563 
[16:30<01:19,  
1.52it/s, acc=4.3%, 
loss=3.8007]
Task 0 Epoch 1/1:  
92%|#########2| 
1442/1563 
[16:31<01:19,  
1.52it/s, acc=4.3%, 
loss=4.2150]
Task 0 Epoch 1/1:  
92%|#########2| 
1443/1563 
[16:31<01:18,  
1.53it/s, acc=4.3%, 
loss=4.2150]
Task 0 Epoch 1/1:  
92%|#########2| 
1443/1563 
[16:32<01:18,  
1.53it/s, acc=4.3%, 
loss=3.7576]
Task 0 Epoch 1/1:  
92%|#########2| 
1444/1563 
[16:32<01:17,  
1.53it/s, acc=4.3%, 
loss=3.7576]
Task 0 Epoch 1/1:  
92%|#########2| 
1444/1563 
[16:33<01:17,  
1.53it/s, acc=4.3%, 
loss=3.8996]
Task 0 Epoch 1/1:  
92%|#########2| 
1445/1563 
[16:33<01:34,  
1.25it/s, acc=4.3%, 
loss=3.8996]
Task 0 Epoch 1/1:  
92%|#########2| 
1445/1563 
[16:33<01:34,  
1.25it/s, acc=4.3%, 
loss=4.1737]
Task 0 Epoch 1/1:  
93%|#########2| 
1446/1563 
[16:33<01:28,  
1.32it/s, acc=4.3%, 
loss=4.1737]
Task 0 Epoch 1/1:  
93%|#########2| 
1446/1563 
[16:34<01:28,  
1.32it/s, acc=4.3%, 
loss=3.7339]
Task 0 Epoch 1/1:  
93%|#########2| 
1447/1563 
[16:34<01:23,  
1.40it/s, acc=4.3%, 
loss=3.7339]
Task 0 Epoch 1/1:  
93%|#########2| 
1447/1563 
[16:35<01:23,  
1.40it/s, acc=4.3%, 
loss=4.3199]
Task 0 Epoch 1/1:  
93%|#########2| 
1448/1563 
[16:35<01:18,  
1.46it/s, acc=4.3%, 
loss=4.3199]
Task 0 Epoch 1/1:  
93%|#########2| 
1448/1563 
[16:35<01:18,  
1.46it/s, acc=4.3%, 
loss=4.2215]
Task 0 Epoch 1/1:  
93%|#########2| 
1449/1563 
[16:35<01:16,  
1.48it/s, acc=4.3%, 
loss=4.2215]
Task 0 Epoch 1/1:  
93%|#########2| 
1449/1563 
[16:36<01:16,  
1.48it/s, acc=4.3%, 
loss=3.9008]
Task 0 Epoch 1/1:  
93%|#########2| 
1450/1563 
[16:36<01:17,  
1.46it/s, acc=4.3%, 
loss=3.9008]
Task 0 Epoch 1/1:  
93%|#########2| 
1450/1563 
[16:37<01:17,  
1.46it/s, acc=4.3%, 
loss=3.9913]
Task 0 Epoch 1/1:  
93%|#########2| 
1451/1563 
[16:37<01:15,  
1.49it/s, acc=4.3%, 
loss=3.9913]
Task 0 Epoch 1/1:  
93%|#########2| 
1451/1563 
[16:37<01:15,  
1.49it/s, acc=4.3%, 
loss=3.5737]
Task 0 Epoch 1/1:  
93%|#########2| 
1452/1563 
[16:37<01:13,  
1.51it/s, acc=4.3%, 
loss=3.5737]
Task 0 Epoch 1/1:  
93%|#########2| 
1452/1563 
[16:38<01:13,  
1.51it/s, acc=4.3%, 
loss=3.8037]
Task 0 Epoch 1/1:  
93%|#########2| 
1453/1563 
[16:38<01:12,  
1.52it/s, acc=4.3%, 
loss=3.8037]
Task 0 Epoch 1/1:  
93%|#########2| 
1453/1563 
[16:39<01:12,  
1.52it/s, acc=4.3%, 
loss=3.9309]
Task 0 Epoch 1/1:  
93%|#########3| 
1454/1563 
[16:39<01:14,  
1.46it/s, acc=4.3%, 
loss=3.9309]
Task 0 Epoch 1/1:  
93%|#########3| 
1454/1563 
[16:39<01:14,  
1.46it/s, acc=4.3%, 
loss=4.0118]
Task 0 Epoch 1/1:  
93%|#########3| 
1455/1563 
[16:39<01:12,  
1.49it/s, acc=4.3%, 
loss=4.0118]
Task 0 Epoch 1/1:  
93%|#########3| 
1455/1563 
[16:40<01:12,  
1.49it/s, acc=4.3%, 
loss=3.8810]
Task 0 Epoch 1/1:  
93%|#########3| 
1456/1563 
[16:40<01:11,  
1.49it/s, acc=4.3%, 
loss=3.8810]
Task 0 Epoch 1/1:  
93%|#########3| 
1456/1563 
[16:41<01:11,  
1.49it/s, acc=4.3%, 
loss=4.2155]
Task 0 Epoch 1/1:  
93%|#########3| 
1457/1563 
[16:41<01:14,  
1.43it/s, acc=4.3%, 
loss=4.2155]
Task 0 Epoch 1/1:  
93%|#########3| 
1457/1563 
[16:41<01:14,  
1.43it/s, acc=4.3%, 
loss=4.2288]
Task 0 Epoch 1/1:  
93%|#########3| 
1458/1563 
[16:41<01:11,  
1.47it/s, acc=4.3%, 
loss=4.2288]
Task 0 Epoch 1/1:  
93%|#########3| 
1458/1563 
[16:42<01:11,  
1.47it/s, acc=4.3%, 
loss=3.8065]
Task 0 Epoch 1/1:  
93%|#########3| 
1459/1563 
[16:42<01:10,  
1.48it/s, acc=4.3%, 
loss=3.8065]
Task 0 Epoch 1/1:  
93%|#########3| 
1459/1563 
[16:43<01:10,  
1.48it/s, acc=4.3%, 
loss=3.9612]
Task 0 Epoch 1/1:  
93%|#########3| 
1460/1563 
[16:43<01:10,  
1.46it/s, acc=4.3%, 
loss=3.9612]
Task 0 Epoch 1/1:  
93%|#########3| 
1460/1563 
[16:43<01:10,  
1.46it/s, acc=4.3%, 
loss=4.4441]
Task 0 Epoch 1/1:  
93%|#########3| 
1461/1563 
[16:43<01:08,  
1.50it/s, acc=4.3%, 
loss=4.4441]
Task 0 Epoch 1/1:  
93%|#########3| 
1461/1563 
[16:44<01:08,  
1.50it/s, acc=4.3%, 
loss=3.7269]
Task 0 Epoch 1/1:  
94%|#########3| 
1462/1563 
[16:44<01:06,  
1.53it/s, acc=4.3%, 
loss=3.7269]
Task 0 Epoch 1/1:  
94%|#########3| 
1462/1563 
[16:45<01:06,  
1.53it/s, acc=4.3%, 
loss=3.9368]
Task 0 Epoch 1/1:  
94%|#########3| 
1463/1563 
[16:45<01:05,  
1.54it/s, acc=4.3%, 
loss=3.9368]
Task 0 Epoch 1/1:  
94%|#########3| 
1463/1563 
[16:45<01:05,  
1.54it/s, acc=4.3%, 
loss=4.0211]
Task 0 Epoch 1/1:  
94%|#########3| 
1464/1563 
[16:45<01:04,  
1.54it/s, acc=4.3%, 
loss=4.0211]
Task 0 Epoch 1/1:  
94%|#########3| 
1464/1563 
[16:46<01:04,  
1.54it/s, acc=4.3%, 
loss=4.1936]
Task 0 Epoch 1/1:  
94%|#########3| 
1465/1563 
[16:46<01:03,  
1.54it/s, acc=4.3%, 
loss=4.1936]
Task 0 Epoch 1/1:  
94%|#########3| 
1465/1563 
[16:47<01:03,  
1.54it/s, acc=4.3%, 
loss=4.2576]
Task 0 Epoch 1/1:  
94%|#########3| 
1466/1563 
[16:47<01:02,  
1.56it/s, acc=4.3%, 
loss=4.2576]
Task 0 Epoch 1/1:  
94%|#########3| 
1466/1563 
[16:47<01:02,  
1.56it/s, acc=4.3%, 
loss=4.3227]
Task 0 Epoch 1/1:  
94%|#########3| 
1467/1563 
[16:47<01:06,  
1.45it/s, acc=4.3%, 
loss=4.3227]
Task 0 Epoch 1/1:  
94%|#########3| 
1467/1563 
[16:48<01:06,  
1.45it/s, acc=4.3%, 
loss=4.4573]
Task 0 Epoch 1/1:  
94%|#########3| 
1468/1563 
[16:48<01:06,  
1.44it/s, acc=4.3%, 
loss=4.4573]
Task 0 Epoch 1/1:  
94%|#########3| 
1468/1563 
[16:49<01:06,  
1.44it/s, acc=4.3%, 
loss=4.4565]
Task 0 Epoch 1/1:  
94%|#########3| 
1469/1563 
[16:49<01:03,  
1.48it/s, acc=4.3%, 
loss=4.4565]
Task 0 Epoch 1/1:  
94%|#########3| 
1469/1563 
[16:49<01:03,  
1.48it/s, acc=4.3%, 
loss=4.1142]
Task 0 Epoch 1/1:  
94%|#########4| 
1470/1563 
[16:49<01:02,  
1.49it/s, acc=4.3%, 
loss=4.1142]
Task 0 Epoch 1/1:  
94%|#########4| 
1470/1563 
[16:50<01:02,  
1.49it/s, acc=4.3%, 
loss=3.9229]
Task 0 Epoch 1/1:  
94%|#########4| 
1471/1563 
[16:50<01:00,  
1.52it/s, acc=4.3%, 
loss=3.9229]
Task 0 Epoch 1/1:  
94%|#########4| 
1471/1563 
[16:51<01:00,  
1.52it/s, acc=4.3%, 
loss=3.8131]
Task 0 Epoch 1/1:  
94%|#########4| 
1472/1563 
[16:51<00:59,  
1.52it/s, acc=4.3%, 
loss=3.8131]
Task 0 Epoch 1/1:  
94%|#########4| 
1472/1563 
[16:51<00:59,  
1.52it/s, acc=4.3%, 
loss=3.8219]
Task 0 Epoch 1/1:  
94%|#########4| 
1473/1563 
[16:51<01:00,  
1.49it/s, acc=4.3%, 
loss=3.8219]
Task 0 Epoch 1/1:  
94%|#########4| 
1473/1563 
[16:52<01:00,  
1.49it/s, acc=4.3%, 
loss=3.8460]
Task 0 Epoch 1/1:  
94%|#########4| 
1474/1563 
[16:52<00:59,  
1.49it/s, acc=4.3%, 
loss=3.8460]
Task 0 Epoch 1/1:  
94%|#########4| 
1474/1563 
[16:53<00:59,  
1.49it/s, acc=4.3%, 
loss=4.0892]
Task 0 Epoch 1/1:  
94%|#########4| 
1475/1563 
[16:53<00:57,  
1.53it/s, acc=4.3%, 
loss=4.0892]
Task 0 Epoch 1/1:  
94%|#########4| 
1475/1563 
[16:53<00:57,  
1.53it/s, acc=4.3%, 
loss=4.0820]
Task 0 Epoch 1/1:  
94%|#########4| 
1476/1563 
[16:53<00:54,  
1.58it/s, acc=4.3%, 
loss=4.0820]
Task 0 Epoch 1/1:  
94%|#########4| 
1476/1563 
[16:54<00:54,  
1.58it/s, acc=4.3%, 
loss=3.6082]
Task 0 Epoch 1/1:  
94%|#########4| 
1477/1563 
[16:54<00:54,  
1.57it/s, acc=4.3%, 
loss=3.6082]
Task 0 Epoch 1/1:  
94%|#########4| 
1477/1563 
[16:55<00:54,  
1.57it/s, acc=4.3%, 
loss=3.9591]
Task 0 Epoch 1/1:  
95%|#########4| 
1478/1563 
[16:55<00:53,  
1.59it/s, acc=4.3%, 
loss=3.9591]
Task 0 Epoch 1/1:  
95%|#########4| 
1478/1563 
[16:55<00:53,  
1.59it/s, acc=4.3%, 
loss=4.1673]
Task 0 Epoch 1/1:  
95%|#########4| 
1479/1563 
[16:55<00:51,  
1.63it/s, acc=4.3%, 
loss=4.1673]
Task 0 Epoch 1/1:  
95%|#########4| 
1479/1563 
[16:56<00:51,  
1.63it/s, acc=4.3%, 
loss=3.8439]
Task 0 Epoch 1/1:  
95%|#########4| 
1480/1563 
[16:56<00:52,  
1.57it/s, acc=4.3%, 
loss=3.8439]
Task 0 Epoch 1/1:  
95%|#########4| 
1480/1563 
[16:56<00:52,  
1.57it/s, acc=4.3%, 
loss=3.9320]
Task 0 Epoch 1/1:  
95%|#########4| 
1481/1563 
[16:56<00:51,  
1.61it/s, acc=4.3%, 
loss=3.9320]
Task 0 Epoch 1/1:  
95%|#########4| 
1481/1563 
[16:57<00:51,  
1.61it/s, acc=4.3%, 
loss=3.9590]
Task 0 Epoch 1/1:  
95%|#########4| 
1482/1563 
[16:57<00:49,  
1.62it/s, acc=4.3%, 
loss=3.9590]
Task 0 Epoch 1/1:  
95%|#########4| 
1482/1563 
[16:58<00:49,  
1.62it/s, acc=4.3%, 
loss=3.9854]
Task 0 Epoch 1/1:  
95%|#########4| 
1483/1563 
[16:58<00:48,  
1.66it/s, acc=4.3%, 
loss=3.9854]
Task 0 Epoch 1/1:  
95%|#########4| 
1483/1563 
[16:58<00:48,  
1.66it/s, acc=4.3%, 
loss=4.2818]
Task 0 Epoch 1/1:  
95%|#########4| 
1484/1563 
[16:58<00:47,  
1.67it/s, acc=4.3%, 
loss=4.2818]
Task 0 Epoch 1/1:  
95%|#########4| 
1484/1563 
[16:59<00:47,  
1.67it/s, acc=4.3%, 
loss=3.5544]
Task 0 Epoch 1/1:  
95%|#########5| 
1485/1563 
[16:59<00:49,  
1.57it/s, acc=4.3%, 
loss=3.5544]
Task 0 Epoch 1/1:  
95%|#########5| 
1485/1563 
[17:00<00:49,  
1.57it/s, acc=4.3%, 
loss=3.7801]
Task 0 Epoch 1/1:  
95%|#########5| 
1486/1563 
[17:00<00:50,  
1.52it/s, acc=4.3%, 
loss=3.7801]
Task 0 Epoch 1/1:  
95%|#########5| 
1486/1563 
[17:00<00:50,  
1.52it/s, acc=4.3%, 
loss=3.5645]
Task 0 Epoch 1/1:  
95%|#########5| 
1487/1563 
[17:00<00:51,  
1.46it/s, acc=4.3%, 
loss=3.5645]
Task 0 Epoch 1/1:  
95%|#########5| 
1487/1563 
[17:01<00:51,  
1.46it/s, acc=4.3%, 
loss=3.8093]
Task 0 Epoch 1/1:  
95%|#########5| 
1488/1563 
[17:01<00:51,  
1.44it/s, acc=4.3%, 
loss=3.8093]
Task 0 Epoch 1/1:  
95%|#########5| 
1488/1563 
[17:02<00:51,  
1.44it/s, acc=4.3%, 
loss=3.7673]
Task 0 Epoch 1/1:  
95%|#########5| 
1489/1563 
[17:02<00:49,  
1.50it/s, acc=4.3%, 
loss=3.7673]
Task 0 Epoch 1/1:  
95%|#########5| 
1489/1563 
[17:02<00:49,  
1.50it/s, acc=4.3%, 
loss=3.5572]
Task 0 Epoch 1/1:  
95%|#########5| 
1490/1563 
[17:02<00:46,  
1.56it/s, acc=4.3%, 
loss=3.5572]
Task 0 Epoch 1/1:  
95%|#########5| 
1490/1563 
[17:03<00:46,  
1.56it/s, acc=4.3%, 
loss=3.7502]
Task 0 Epoch 1/1:  
95%|#########5| 
1491/1563 
[17:03<00:44,  
1.60it/s, acc=4.3%, 
loss=3.7502]
Task 0 Epoch 1/1:  
95%|#########5| 
1491/1563 
[17:03<00:44,  
1.60it/s, acc=4.3%, 
loss=3.8480]
Task 0 Epoch 1/1:  
95%|#########5| 
1492/1563 
[17:03<00:43,  
1.64it/s, acc=4.3%, 
loss=3.8480]
Task 0 Epoch 1/1:  
95%|#########5| 
1492/1563 
[17:04<00:43,  
1.64it/s, acc=4.3%, 
loss=3.9330]
Task 0 Epoch 1/1:  
96%|#########5| 
1493/1563 
[17:04<00:42,  
1.65it/s, acc=4.3%, 
loss=3.9330]
Task 0 Epoch 1/1:  
96%|#########5| 
1493/1563 
[17:05<00:42,  
1.65it/s, acc=4.3%, 
loss=3.8404]
Task 0 Epoch 1/1:  
96%|#########5| 
1494/1563 
[17:05<00:41,  
1.67it/s, acc=4.3%, 
loss=3.8404]
Task 0 Epoch 1/1:  
96%|#########5| 
1494/1563 
[17:05<00:41,  
1.67it/s, acc=4.3%, 
loss=3.8507]
Task 0 Epoch 1/1:  
96%|#########5| 
1495/1563 
[17:05<00:40,  
1.68it/s, acc=4.3%, 
loss=3.8507]
Task 0 Epoch 1/1:  
96%|#########5| 
1495/1563 
[17:06<00:40,  
1.68it/s, acc=4.3%, 
loss=4.0204]
Task 0 Epoch 1/1:  
96%|#########5| 
1496/1563 
[17:06<00:39,  
1.70it/s, acc=4.3%, 
loss=4.0204]
Task 0 Epoch 1/1:  
96%|#########5| 
1496/1563 
[17:06<00:39,  
1.70it/s, acc=4.3%, 
loss=3.8045]
Task 0 Epoch 1/1:  
96%|#########5| 
1497/1563 
[17:06<00:39,  
1.65it/s, acc=4.3%, 
loss=3.8045]
Task 0 Epoch 1/1:  
96%|#########5| 
1497/1563 
[17:07<00:39,  
1.65it/s, acc=4.3%, 
loss=4.0054]
Task 0 Epoch 1/1:  
96%|#########5| 
1498/1563 
[17:07<00:40,  
1.62it/s, acc=4.3%, 
loss=4.0054]
Task 0 Epoch 1/1:  
96%|#########5| 
1498/1563 
[17:08<00:40,  
1.62it/s, acc=4.3%, 
loss=4.0136]
Task 0 Epoch 1/1:  
96%|#########5| 
1499/1563 
[17:08<00:38,  
1.67it/s, acc=4.3%, 
loss=4.0136]
Task 0 Epoch 1/1:  
96%|#########5| 
1499/1563 
[17:08<00:38,  
1.67it/s, acc=4.3%, 
loss=4.0870]
Task 0 Epoch 1/1:  
96%|#########5| 
1500/1563 
[17:08<00:37,  
1.70it/s, acc=4.3%, 
loss=4.0870]
Task 0 Epoch 1/1:  
96%|#########5| 
1500/1563 
[17:09<00:37,  
1.70it/s, acc=4.3%, 
loss=4.2063]
Task 0 Epoch 1/1:  
96%|#########6| 
1501/1563 
[17:09<00:37,  
1.64it/s, acc=4.3%, 
loss=4.2063]
Task 0 Epoch 1/1:  
96%|#########6| 
1501/1563 
[17:09<00:37,  
1.64it/s, acc=4.3%, 
loss=4.1858]
Task 0 Epoch 1/1:  
96%|#########6| 
1502/1563 
[17:09<00:37,  
1.61it/s, acc=4.3%, 
loss=4.1858]
Task 0 Epoch 1/1:  
96%|#########6| 
1502/1563 
[17:10<00:37,  
1.61it/s, acc=4.3%, 
loss=3.3519]
Task 0 Epoch 1/1:  
96%|#########6| 
1503/1563 
[17:10<00:36,  
1.64it/s, acc=4.3%, 
loss=3.3519]
Task 0 Epoch 1/1:  
96%|#########6| 
1503/1563 
[17:11<00:36,  
1.64it/s, acc=4.3%, 
loss=4.1199]
Task 0 Epoch 1/1:  
96%|#########6| 
1504/1563 
[17:11<00:35,  
1.66it/s, acc=4.3%, 
loss=4.1199]
Task 0 Epoch 1/1:  
96%|#########6| 
1504/1563 
[17:11<00:35,  
1.66it/s, acc=4.3%, 
loss=3.5191]
Task 0 Epoch 1/1:  
96%|#########6| 
1505/1563 
[17:11<00:35,  
1.62it/s, acc=4.3%, 
loss=3.5191]
Task 0 Epoch 1/1:  
96%|#########6| 
1505/1563 
[17:12<00:35,  
1.62it/s, acc=4.3%, 
loss=3.8489]
Task 0 Epoch 1/1:  
96%|#########6| 
1506/1563 
[17:12<00:35,  
1.59it/s, acc=4.3%, 
loss=3.8489]
Task 0 Epoch 1/1:  
96%|#########6| 
1506/1563 
[17:12<00:35,  
1.59it/s, acc=4.3%, 
loss=3.8444]
Task 0 Epoch 1/1:  
96%|#########6| 
1507/1563 
[17:12<00:34,  
1.64it/s, acc=4.3%, 
loss=3.8444]
Task 0 Epoch 1/1:  
96%|#########6| 
1507/1563 
[17:13<00:34,  
1.64it/s, acc=4.3%, 
loss=3.7182]
Task 0 Epoch 1/1:  
96%|#########6| 
1508/1563 
[17:13<00:33,  
1.65it/s, acc=4.3%, 
loss=3.7182]
Task 0 Epoch 1/1:  
96%|#########6| 
1508/1563 
[17:14<00:33,  
1.65it/s, acc=4.3%, 
loss=3.8532]
Task 0 Epoch 1/1:  
97%|#########6| 
1509/1563 
[17:14<00:33,  
1.61it/s, acc=4.3%, 
loss=3.8532]
Task 0 Epoch 1/1:  
97%|#########6| 
1509/1563 
[17:14<00:33,  
1.61it/s, acc=4.3%, 
loss=4.0462]
Task 0 Epoch 1/1:  
97%|#########6| 
1510/1563 
[17:14<00:33,  
1.59it/s, acc=4.3%, 
loss=4.0462]
Task 0 Epoch 1/1:  
97%|#########6| 
1510/1563 
[17:15<00:33,  
1.59it/s, acc=4.3%, 
loss=3.6761]
Task 0 Epoch 1/1:  
97%|#########6| 
1511/1563 
[17:15<00:31,  
1.64it/s, acc=4.3%, 
loss=3.6761]
Task 0 Epoch 1/1:  
97%|#########6| 
1511/1563 
[17:15<00:31,  
1.64it/s, acc=4.3%, 
loss=3.7042]
Task 0 Epoch 1/1:  
97%|#########6| 
1512/1563 
[17:15<00:30,  
1.68it/s, acc=4.3%, 
loss=3.7042]
Task 0 Epoch 1/1:  
97%|#########6| 
1512/1563 
[17:16<00:30,  
1.68it/s, acc=4.3%, 
loss=3.7952]
Task 0 Epoch 1/1:  
97%|#########6| 
1513/1563 
[17:16<00:30,  
1.64it/s, acc=4.3%, 
loss=3.7952]
Task 0 Epoch 1/1:  
97%|#########6| 
1513/1563 
[17:17<00:30,  
1.64it/s, acc=4.3%, 
loss=4.3695]
Task 0 Epoch 1/1:  
97%|#########6| 
1514/1563 
[17:17<00:30,  
1.62it/s, acc=4.3%, 
loss=4.3695]
Task 0 Epoch 1/1:  
97%|#########6| 
1514/1563 
[17:17<00:30,  
1.62it/s, acc=4.3%, 
loss=4.4857]
Task 0 Epoch 1/1:  
97%|#########6| 
1515/1563 
[17:17<00:29,  
1.61it/s, acc=4.3%, 
loss=4.4857]
Task 0 Epoch 1/1:  
97%|#########6| 
1515/1563 
[17:18<00:29,  
1.61it/s, acc=4.3%, 
loss=3.6892]
Task 0 Epoch 1/1:  
97%|#########6| 
1516/1563 
[17:18<00:29,  
1.59it/s, acc=4.3%, 
loss=3.6892]
Task 0 Epoch 1/1:  
97%|#########6| 
1516/1563 
[17:19<00:29,  
1.59it/s, acc=4.3%, 
loss=3.8989]
Task 0 Epoch 1/1:  
97%|#########7| 
1517/1563 
[17:19<00:27,  
1.65it/s, acc=4.3%, 
loss=3.8989]
Task 0 Epoch 1/1:  
97%|#########7| 
1517/1563 
[17:19<00:27,  
1.65it/s, acc=4.3%, 
loss=3.4792]
Task 0 Epoch 1/1:  
97%|#########7| 
1518/1563 
[17:19<00:26,  
1.69it/s, acc=4.3%, 
loss=3.4792]
Task 0 Epoch 1/1:  
97%|#########7| 
1518/1563 
[17:20<00:26,  
1.69it/s, acc=4.3%, 
loss=2.8316]
Task 0 Epoch 1/1:  
97%|#########7| 
1519/1563 
[17:20<00:25,  
1.72it/s, acc=4.3%, 
loss=2.8316]
Task 0 Epoch 1/1:  
97%|#########7| 
1519/1563 
[17:20<00:25,  
1.72it/s, acc=4.3%, 
loss=3.7539]
Task 0 Epoch 1/1:  
97%|#########7| 
1520/1563 
[17:20<00:25,  
1.72it/s, acc=4.3%, 
loss=3.7539]
Task 0 Epoch 1/1:  
97%|#########7| 
1520/1563 
[17:21<00:25,  
1.72it/s, acc=4.3%, 
loss=4.2770]
Task 0 Epoch 1/1:  
97%|#########7| 
1521/1563 
[17:21<00:25,  
1.63it/s, acc=4.3%, 
loss=4.2770]
Task 0 Epoch 1/1:  
97%|#########7| 
1521/1563 
[17:22<00:25,  
1.63it/s, acc=4.3%, 
loss=3.6884]
Task 0 Epoch 1/1:  
97%|#########7| 
1522/1563 
[17:22<00:24,  
1.66it/s, acc=4.3%, 
loss=3.6884]
Task 0 Epoch 1/1:  
97%|#########7| 
1522/1563 
[17:22<00:24,  
1.66it/s, acc=4.3%, 
loss=3.5610]
Task 0 Epoch 1/1:  
97%|#########7| 
1523/1563 
[17:22<00:23,  
1.70it/s, acc=4.3%, 
loss=3.5610]
Task 0 Epoch 1/1:  
97%|#########7| 
1523/1563 
[17:23<00:23,  
1.70it/s, acc=4.3%, 
loss=3.7486]
Task 0 Epoch 1/1:  
98%|#########7| 
1524/1563 
[17:23<00:22,  
1.71it/s, acc=4.3%, 
loss=3.7486]
Task 0 Epoch 1/1:  
98%|#########7| 
1524/1563 
[17:23<00:22,  
1.71it/s, acc=4.3%, 
loss=4.5043]
Task 0 Epoch 1/1:  
98%|#########7| 
1525/1563 
[17:23<00:22,  
1.68it/s, acc=4.3%, 
loss=4.5043]
Task 0 Epoch 1/1:  
98%|#########7| 
1525/1563 
[17:24<00:22,  
1.68it/s, acc=4.3%, 
loss=4.4146]
Task 0 Epoch 1/1:  
98%|#########7| 
1526/1563 
[17:24<00:22,  
1.67it/s, acc=4.3%, 
loss=4.4146]
Task 0 Epoch 1/1:  
98%|#########7| 
1526/1563 
[17:25<00:22,  
1.67it/s, acc=4.3%, 
loss=3.8210]
Task 0 Epoch 1/1:  
98%|#########7| 
1527/1563 
[17:25<00:21,  
1.66it/s, acc=4.3%, 
loss=3.8210]
Task 0 Epoch 1/1:  
98%|#########7| 
1527/1563 
[17:25<00:21,  
1.66it/s, acc=4.3%, 
loss=3.8165]
Task 0 Epoch 1/1:  
98%|#########7| 
1528/1563 
[17:25<00:21,  
1.66it/s, acc=4.3%, 
loss=3.8165]
Task 0 Epoch 1/1:  
98%|#########7| 
1528/1563 
[17:26<00:21,  
1.66it/s, acc=4.3%, 
loss=3.6969]
Task 0 Epoch 1/1:  
98%|#########7| 
1529/1563 
[17:26<00:20,  
1.66it/s, acc=4.3%, 
loss=3.6969]
Task 0 Epoch 1/1:  
98%|#########7| 
1529/1563 
[17:26<00:20,  
1.66it/s, acc=4.3%, 
loss=3.8164]
Task 0 Epoch 1/1:  
98%|#########7| 
1530/1563 
[17:26<00:19,  
1.66it/s, acc=4.3%, 
loss=3.8164]
Task 0 Epoch 1/1:  
98%|#########7| 
1530/1563 
[17:27<00:19,  
1.66it/s, acc=4.3%, 
loss=4.0496]
Task 0 Epoch 1/1:  
98%|#########7| 
1531/1563 
[17:27<00:19,  
1.66it/s, acc=4.3%, 
loss=4.0496]
Task 0 Epoch 1/1:  
98%|#########7| 
1531/1563 
[17:28<00:19,  
1.66it/s, acc=4.3%, 
loss=3.9846]
Task 0 Epoch 1/1:  
98%|#########8| 
1532/1563 
[17:28<00:18,  
1.65it/s, acc=4.3%, 
loss=3.9846]
Task 0 Epoch 1/1:  
98%|#########8| 
1532/1563 
[17:28<00:18,  
1.65it/s, acc=4.3%, 
loss=3.9148]
Task 0 Epoch 1/1:  
98%|#########8| 
1533/1563 
[17:28<00:18,  
1.65it/s, acc=4.3%, 
loss=3.9148]
Task 0 Epoch 1/1:  
98%|#########8| 
1533/1563 
[17:29<00:18,  
1.65it/s, acc=4.3%, 
loss=3.6655]
Task 0 Epoch 1/1:  
98%|#########8| 
1534/1563 
[17:29<00:17,  
1.64it/s, acc=4.3%, 
loss=3.6655]
Task 0 Epoch 1/1:  
98%|#########8| 
1534/1563 
[17:29<00:17,  
1.64it/s, acc=4.3%, 
loss=3.9892]
Task 0 Epoch 1/1:  
98%|#########8| 
1535/1563 
[17:29<00:17,  
1.63it/s, acc=4.3%, 
loss=3.9892]
Task 0 Epoch 1/1:  
98%|#########8| 
1535/1563 
[17:30<00:17,  
1.63it/s, acc=4.3%, 
loss=3.6949]
Task 0 Epoch 1/1:  
98%|#########8| 
1536/1563 
[17:30<00:16,  
1.63it/s, acc=4.3%, 
loss=3.6949]
Task 0 Epoch 1/1:  
98%|#########8| 
1536/1563 
[17:31<00:16,  
1.63it/s, acc=4.3%, 
loss=3.7815]
Task 0 Epoch 1/1:  
98%|#########8| 
1537/1563 
[17:31<00:15,  
1.64it/s, acc=4.3%, 
loss=3.7815]
Task 0 Epoch 1/1:  
98%|#########8| 
1537/1563 
[17:31<00:15,  
1.64it/s, acc=4.3%, 
loss=3.9937]
Task 0 Epoch 1/1:  
98%|#########8| 
1538/1563 
[17:31<00:15,  
1.64it/s, acc=4.3%, 
loss=3.9937]
Task 0 Epoch 1/1:  
98%|#########8| 
1538/1563 
[17:32<00:15,  
1.64it/s, acc=4.3%, 
loss=3.8049]
Task 0 Epoch 1/1:  
98%|#########8| 
1539/1563 
[17:32<00:14,  
1.64it/s, acc=4.3%, 
loss=3.8049]
Task 0 Epoch 1/1:  
98%|#########8| 
1539/1563 
[17:32<00:14,  
1.64it/s, acc=4.3%, 
loss=3.5151]
Task 0 Epoch 1/1:  
99%|#########8| 
1540/1563 
[17:32<00:13,  
1.65it/s, acc=4.3%, 
loss=3.5151]
Task 0 Epoch 1/1:  
99%|#########8| 
1540/1563 
[17:33<00:13,  
1.65it/s, acc=4.3%, 
loss=3.9227]
Task 0 Epoch 1/1:  
99%|#########8| 
1541/1563 
[17:33<00:13,  
1.65it/s, acc=4.3%, 
loss=3.9227]
Task 0 Epoch 1/1:  
99%|#########8| 
1541/1563 
[17:34<00:13,  
1.65it/s, acc=4.3%, 
loss=4.1443]
Task 0 Epoch 1/1:  
99%|#########8| 
1542/1563 
[17:34<00:12,  
1.65it/s, acc=4.3%, 
loss=4.1443]
Task 0 Epoch 1/1:  
99%|#########8| 
1542/1563 
[17:34<00:12,  
1.65it/s, acc=4.3%, 
loss=3.7209]
Task 0 Epoch 1/1:  
99%|#########8| 
1543/1563 
[17:34<00:11,  
1.70it/s, acc=4.3%, 
loss=3.7209]
Task 0 Epoch 1/1:  
99%|#########8| 
1543/1563 
[17:35<00:11,  
1.70it/s, acc=4.3%, 
loss=3.8397]
Task 0 Epoch 1/1:  
99%|#########8| 
1544/1563 
[17:35<00:10,  
1.74it/s, acc=4.3%, 
loss=3.8397]
Task 0 Epoch 1/1:  
99%|#########8| 
1544/1563 
[17:35<00:10,  
1.74it/s, acc=4.3%, 
loss=3.7157]
Task 0 Epoch 1/1:  
99%|#########8| 
1545/1563 
[17:35<00:10,  
1.76it/s, acc=4.3%, 
loss=3.7157]
Task 0 Epoch 1/1:  
99%|#########8| 
1545/1563 
[17:36<00:10,  
1.76it/s, acc=4.3%, 
loss=4.2158]
Task 0 Epoch 1/1:  
99%|#########8| 
1546/1563 
[17:36<00:09,  
1.78it/s, acc=4.3%, 
loss=4.2158]
Task 0 Epoch 1/1:  
99%|#########8| 
1546/1563 
[17:36<00:09,  
1.78it/s, acc=4.3%, 
loss=3.6544]
Task 0 Epoch 1/1:  
99%|#########8| 
1547/1563 
[17:36<00:08,  
1.79it/s, acc=4.3%, 
loss=3.6544]
Task 0 Epoch 1/1:  
99%|#########8| 
1547/1563 
[17:37<00:08,  
1.79it/s, acc=4.3%, 
loss=4.3516]
Task 0 Epoch 1/1:  
99%|#########9| 
1548/1563 
[17:37<00:08,  
1.81it/s, acc=4.3%, 
loss=4.3516]
Task 0 Epoch 1/1:  
99%|#########9| 
1548/1563 
[17:37<00:08,  
1.81it/s, acc=4.3%, 
loss=4.2508]
Task 0 Epoch 1/1:  
99%|#########9| 
1549/1563 
[17:37<00:07,  
1.81it/s, acc=4.3%, 
loss=4.2508]
Task 0 Epoch 1/1:  
99%|#########9| 
1549/1563 
[17:38<00:07,  
1.81it/s, acc=4.3%, 
loss=3.9875]
Task 0 Epoch 1/1:  
99%|#########9| 
1550/1563 
[17:38<00:07,  
1.82it/s, acc=4.3%, 
loss=3.9875]
Task 0 Epoch 1/1:  
99%|#########9| 
1550/1563 
[17:39<00:07,  
1.82it/s, acc=4.3%, 
loss=4.0042]
Task 0 Epoch 1/1:  
99%|#########9| 
1551/1563 
[17:39<00:06,  
1.83it/s, acc=4.3%, 
loss=4.0042]
Task 0 Epoch 1/1:  
99%|#########9| 
1551/1563 
[17:39<00:06,  
1.83it/s, acc=4.3%, 
loss=4.1862]
Task 0 Epoch 1/1:  
99%|#########9| 
1552/1563 
[17:39<00:06,  
1.83it/s, acc=4.3%, 
loss=4.1862]
Task 0 Epoch 1/1:  
99%|#########9| 
1552/1563 
[17:40<00:06,  
1.83it/s, acc=4.3%, 
loss=4.0365]
Task 0 Epoch 1/1:  
99%|#########9| 
1553/1563 
[17:40<00:05,  
1.82it/s, acc=4.3%, 
loss=4.0365]
Task 0 Epoch 1/1:  
99%|#########9| 
1553/1563 
[17:40<00:05,  
1.82it/s, acc=4.3%, 
loss=3.6914]
Task 0 Epoch 1/1:  
99%|#########9| 
1554/1563 
[17:40<00:04,  
1.82it/s, acc=4.3%, 
loss=3.6914]
Task 0 Epoch 1/1:  
99%|#########9| 
1554/1563 
[17:41<00:04,  
1.82it/s, acc=4.3%, 
loss=3.7854]
Task 0 Epoch 1/1:  
99%|#########9| 
1555/1563 
[17:41<00:04,  
1.82it/s, acc=4.3%, 
loss=3.7854]
Task 0 Epoch 1/1:  
99%|#########9| 
1555/1563 
[17:41<00:04,  
1.82it/s, acc=4.3%, 
loss=3.9583]
Task 0 Epoch 1/1: 
100%|#########9| 
1556/1563 
[17:41<00:03,  
1.83it/s, acc=4.3%, 
loss=3.9583]
Task 0 Epoch 1/1: 
100%|#########9| 
1556/1563 
[17:42<00:03,  
1.83it/s, acc=4.3%, 
loss=3.8333]
Task 0 Epoch 1/1: 
100%|#########9| 
1557/1563 
[17:42<00:03,  
1.80it/s, acc=4.3%, 
loss=3.8333]
Task 0 Epoch 1/1: 
100%|#########9| 
1557/1563 
[17:42<00:03,  
1.80it/s, acc=4.3%, 
loss=3.4479]
Task 0 Epoch 1/1: 
100%|#########9| 
1558/1563 
[17:42<00:02,  
1.74it/s, acc=4.3%, 
loss=3.4479]
Task 0 Epoch 1/1: 
100%|#########9| 
1558/1563 
[17:43<00:02,  
1.74it/s, acc=4.3%, 
loss=3.8817]
Task 0 Epoch 1/1: 
100%|#########9| 
1559/1563 
[17:43<00:02,  
1.74it/s, acc=4.3%, 
loss=3.8817]
Task 0 Epoch 1/1: 
100%|#########9| 
1559/1563 
[17:44<00:02,  
1.74it/s, acc=4.3%, 
loss=3.6833]
Task 0 Epoch 1/1: 
100%|#########9| 
1560/1563 
[17:44<00:01,  
1.77it/s, acc=4.3%, 
loss=3.6833]
Task 0 Epoch 1/1: 
100%|#########9| 
1560/1563 
[17:44<00:01,  
1.77it/s, acc=4.3%, 
loss=4.1587]
Task 0 Epoch 1/1: 
100%|#########9| 
1561/1563 
[17:44<00:01,  
1.73it/s, acc=4.3%, 
loss=4.1587]
Task 0 Epoch 1/1: 
100%|#########9| 
1561/1563 
[17:45<00:01,  
1.73it/s, acc=4.3%, 
loss=4.1008]
Task 0 Epoch 1/1: 
100%|#########9| 
1562/1563 
[17:45<00:00,  
1.70it/s, acc=4.3%, 
loss=4.1008]
Task 0 Epoch 1/1: 
100%|#########9| 
1562/1563 
[17:45<00:00,  
1.70it/s, acc=4.3%, 
loss=3.7901]
Task 0 Epoch 1/1: 
100%|##########| 
1563/1563 
[17:45<00:00,  
2.01it/s, acc=4.3%, 
loss=3.7901]
                       
                       
                       
                       
Traceback (most recent 
call last):
  File "C:\TreeLoRa\tes
t_quick.py", line 29, 
in <module>
    acc_matrix, 
final_acc, bwt = 
learner.run(
                       
          ^^^^^^^^^^^^
  File "C:\TreeLoRa\con
tinual_learner.py", 
line 335, in run
    print(f"  \u2192 
Task {prev_task_id} 
accuracy: {acc:.2f}%")
  File "C:\Python312\Li
b\encodings\cp1252.py",
 line 19, in encode
    return codecs.charm
ap_encode(input,self.er
rors,encoding_table)[0]
           ^^^^^^^^^^^^
^^^^^^^^^^^^^^^^^^^^^^^
^^^^^^^^^^^^^^^^^^^^
UnicodeEncodeError: 
'charmap' codec can't 
encode character 
'\u2192' in position 
2: character maps to 
<undefined>
  Epoch 1/1  loss=4.1322  train_acc=4.31%
KD Tree updated after task 0:
Leaf(depth=0, tasks=[0])

Traceback (most recent 
call last):
  File "C:\TreeLoRa\tes
t_quick.py", line 29, 
in <module>
    acc_matrix, 
final_acc, bwt = 
learner.run(
                       
          ^^^^^^^^^^^^
  File "C:\TreeLoRa\con
tinual_learner.py", 
line 335, in run
    print(f"  \u2192 
Task {prev_task_id} 
accuracy: {acc:.2f}%")
  File "C:\Python312\Li
b\encodings\cp1252.py",
 line 19, in encode
    return codecs.charm
ap_encode(input,self.er
rors,encoding_table)[0]
           ^^^^^^^^^^^^
^^^^^^^^^^^^^^^^^^^^^^^
^^^^^^^^^^^^^^^^^^^^
UnicodeEncodeError: 
'charmap' codec can't 
encode character 
'\u2192' in position 
2: character maps to 
<undefined>

During handling of the 
above exception, 
another exception 
occurred:

Traceback (most recent 
call last):
  File "C:\TreeLoRa\tes
t_quick.py", line 39, 
in <module>
    print("\n\u2717 
SMOKE TEST FAILED")
  File "C:\Python312\Li
b\encodings\cp1252.py",
 line 19, in encode
    return codecs.charm
ap_encode(input,self.er
rors,encoding_table)[0]
           ^^^^^^^^^^^^
^^^^^^^^^^^^^^^^^^^^^^^
^^^^^^^^^^^^^^^^^^^^
UnicodeEncodeError: 
'charmap' codec can't 
encode character 
'\u2717' in position 
2: character maps to 
<undefined>
